Component: ARM Compiler 5.06 update 7 (build 960) Tool: armlink [4d3601]

==============================================================================

Section Cross References

    startup_stm32h745xx_cm4.o(STACK) refers (Special) to heapauxi.o(.text) for __use_two_region_memory
    startup_stm32h745xx_cm4.o(HEAP) refers (Special) to heapauxi.o(.text) for __use_two_region_memory
    startup_stm32h745xx_cm4.o(RESET) refers (Special) to heapauxi.o(.text) for __use_two_region_memory
    startup_stm32h745xx_cm4.o(RESET) refers to startup_stm32h745xx_cm4.o(STACK) for __initial_sp
    startup_stm32h745xx_cm4.o(RESET) refers to startup_stm32h745xx_cm4.o(.text) for Reset_Handler
    startup_stm32h745xx_cm4.o(RESET) refers to stm32h7xx_it.o(i.NMI_Handler) for NMI_Handler
    startup_stm32h745xx_cm4.o(RESET) refers to stm32h7xx_it.o(i.HardFault_Handler) for HardFault_Handler
    startup_stm32h745xx_cm4.o(RESET) refers to stm32h7xx_it.o(i.MemManage_Handler) for MemManage_Handler
    startup_stm32h745xx_cm4.o(RESET) refers to stm32h7xx_it.o(i.BusFault_Handler) for BusFault_Handler
    startup_stm32h745xx_cm4.o(RESET) refers to stm32h7xx_it.o(i.UsageFault_Handler) for UsageFault_Handler
    startup_stm32h745xx_cm4.o(RESET) refers to stm32h7xx_it.o(i.SVC_Handler) for SVC_Handler
    startup_stm32h745xx_cm4.o(RESET) refers to stm32h7xx_it.o(i.DebugMon_Handler) for DebugMon_Handler
    startup_stm32h745xx_cm4.o(RESET) refers to stm32h7xx_it.o(i.PendSV_Handler) for PendSV_Handler
    startup_stm32h745xx_cm4.o(RESET) refers to stm32h7xx_it.o(i.SysTick_Handler) for SysTick_Handler
    startup_stm32h745xx_cm4.o(.text) refers (Special) to heapauxi.o(.text) for __use_two_region_memory
    startup_stm32h745xx_cm4.o(.text) refers to system_stm32h7xx_dualcore_boot_cm4_cm7.o(i.SystemInit) for SystemInit
    startup_stm32h745xx_cm4.o(.text) refers to __main.o(!!!main) for __main
    startup_stm32h745xx_cm4.o(.text) refers to startup_stm32h745xx_cm4.o(HEAP) for Heap_Mem
    startup_stm32h745xx_cm4.o(.text) refers to startup_stm32h745xx_cm4.o(STACK) for Stack_Mem
    main.o(i.MX_ETH_Init) refers to stm32h7xx_hal_eth.o(i.HAL_ETH_Init) for HAL_ETH_Init
    main.o(i.MX_ETH_Init) refers to rt_memclr_w.o(.text) for __aeabi_memclr4
    main.o(i.MX_ETH_Init) refers to main.o(.bss) for .bss
    main.o(i.MX_ETH_Init) refers to main.o(.ARM.__AT_0x30040060) for .ARM.__AT_0x30040060
    main.o(i.MX_ETH_Init) refers to main.o(.ARM.__AT_0x30040000) for .ARM.__AT_0x30040000
    main.o(i.MX_FDCAN1_Init) refers to stm32h7xx_hal_fdcan.o(i.HAL_FDCAN_Init) for HAL_FDCAN_Init
    main.o(i.MX_FDCAN1_Init) refers to main.o(.bss) for .bss
    main.o(i.MX_FDCAN2_Init) refers to stm32h7xx_hal_fdcan.o(i.HAL_FDCAN_Init) for HAL_FDCAN_Init
    main.o(i.MX_FDCAN2_Init) refers to main.o(.bss) for .bss
    main.o(i.MX_FMC_Init) refers to rt_memclr_w.o(.text) for __aeabi_memclr4
    main.o(i.MX_FMC_Init) refers to stm32h7xx_hal_sdram.o(i.HAL_SDRAM_Init) for HAL_SDRAM_Init
    main.o(i.MX_FMC_Init) refers to main.o(.bss) for .bss
    main.o(i.MX_GPIO_Init) refers to rt_memclr_w.o(.text) for __aeabi_memclr4
    main.o(i.MX_GPIO_Init) refers to stm32h7xx_hal_gpio.o(i.HAL_GPIO_WritePin) for HAL_GPIO_WritePin
    main.o(i.MX_GPIO_Init) refers to stm32h7xx_hal_gpio.o(i.HAL_GPIO_Init) for HAL_GPIO_Init
    main.o(i.MX_SAI2_Init) refers to stm32h7xx_hal_sai.o(i.HAL_SAI_Init) for HAL_SAI_Init
    main.o(i.MX_SAI2_Init) refers to main.o(.bss) for .bss
    main.o(i.MX_USART3_UART_Init) refers to stm32h7xx_hal_uart.o(i.HAL_UART_Init) for HAL_UART_Init
    main.o(i.MX_USART3_UART_Init) refers to stm32h7xx_hal_uart_ex.o(i.HAL_UARTEx_SetTxFifoThreshold) for HAL_UARTEx_SetTxFifoThreshold
    main.o(i.MX_USART3_UART_Init) refers to stm32h7xx_hal_uart_ex.o(i.HAL_UARTEx_SetRxFifoThreshold) for HAL_UARTEx_SetRxFifoThreshold
    main.o(i.MX_USART3_UART_Init) refers to stm32h7xx_hal_uart_ex.o(i.HAL_UARTEx_DisableFifoMode) for HAL_UARTEx_DisableFifoMode
    main.o(i.MX_USART3_UART_Init) refers to main.o(.bss) for .bss
    main.o(i.MX_USB_OTG_FS_PCD_Init) refers to stm32h7xx_hal_pcd.o(i.HAL_PCD_Init) for HAL_PCD_Init
    main.o(i.MX_USB_OTG_FS_PCD_Init) refers to main.o(.bss) for .bss
    main.o(i.main) refers to stm32h7xx_hal_hsem.o(i.HAL_HSEM_ActivateNotification) for HAL_HSEM_ActivateNotification
    main.o(i.main) refers to stm32h7xx_hal_pwr_ex.o(i.HAL_PWREx_ClearPendingEvent) for HAL_PWREx_ClearPendingEvent
    main.o(i.main) refers to stm32h7xx_hal_pwr_ex.o(i.HAL_PWREx_EnterSTOPMode) for HAL_PWREx_EnterSTOPMode
    main.o(i.main) refers to stm32h7xx_hal.o(i.HAL_Init) for HAL_Init
    main.o(i.main) refers to main.o(i.MX_GPIO_Init) for MX_GPIO_Init
    main.o(i.main) refers to main.o(i.MX_ETH_Init) for MX_ETH_Init
    main.o(i.main) refers to main.o(i.MX_FDCAN1_Init) for MX_FDCAN1_Init
    main.o(i.main) refers to main.o(i.MX_FDCAN2_Init) for MX_FDCAN2_Init
    main.o(i.main) refers to main.o(i.MX_FMC_Init) for MX_FMC_Init
[...]
    RESET                                    0x08100000   Section      664  startup_stm32h745xx_cm4.o(RESET)
    !!!main                                  0x08100298   Section        8  __main.o(!!!main)
    !!!scatter                               0x081002a0   Section       52  __scatter.o(!!!scatter)
    !!handler_copy                           0x081002d4   Section       26  __scatter_copy.o(!!handler_copy)
    !!handler_zi                             0x081002f0   Section       28  __scatter_zi.o(!!handler_zi)
    .ARM.Collect$$libinit$$00000000          0x0810030c   Section        2  libinit.o(.ARM.Collect$$libinit$$00000000)
    .ARM.Collect$$libinit$$00000001          0x0810030e   Section        4  libinit2.o(.ARM.Collect$$libinit$$00000001)
    .ARM.Collect$$libinit$$00000004          0x08100312   Section        0  libinit2.o(.ARM.Collect$$libinit$$00000004)
    .ARM.Collect$$libinit$$0000000A          0x08100312   Section        0  libinit2.o(.ARM.Collect$$libinit$$0000000A)
    .ARM.Collect$$libinit$$0000000C          0x08100312   Section        0  libinit2.o(.ARM.Collect$$libinit$$0000000C)
    .ARM.Collect$$libinit$$0000000E          0x08100312   Section        0  libinit2.o(.ARM.Collect$$libinit$$0000000E)
    .ARM.Collect$$libinit$$00000011          0x08100312   Section        0  libinit2.o(.ARM.Collect$$libinit$$00000011)
    .ARM.Collect$$libinit$$00000013          0x08100312   Section        0  libinit2.o(.ARM.Collect$$libinit$$00000013)
    .ARM.Collect$$libinit$$00000015          0x08100312   Section        0  libinit2.o(.ARM.Collect$$libinit$$00000015)
    .ARM.Collect$$libinit$$00000017          0x08100312   Section        0  libinit2.o(.ARM.Collect$$libinit$$00000017)
    .ARM.Collect$$libinit$$00000019          0x08100312   Section        0  libinit2.o(.ARM.Collect$$libinit$$00000019)
    .ARM.Collect$$libinit$$0000001B          0x08100312   Section        0  libinit2.o(.ARM.Collect$$libinit$$0000001B)
    .ARM.Collect$$libinit$$0000001D          0x08100312   Section        0  libinit2.o(.ARM.Collect$$libinit$$0000001D)
    .ARM.Collect$$libinit$$0000001F          0x08100312   Section        0  libinit2.o(.ARM.Collect$$libinit$$0000001F)
    .ARM.Collect$$libinit$$00000021          0x08100312   Section        0  libinit2.o(.ARM.Collect$$libinit$$00000021)
    .ARM.Collect$$libinit$$00000023          0x08100312   Section        0  libinit2.o(.ARM.Collect$$libinit$$00000023)
    .ARM.Collect$$libinit$$00000025          0x08100312   Section        0  libinit2.o(.ARM.Collect$$libinit$$00000025)
    .ARM.Collect$$libinit$$0000002C          0x08100312   Section        0  libinit2.o(.ARM.Collect$$libinit$$0000002C)
    .ARM.Collect$$libinit$$0000002E          0x08100312   Section        0  libinit2.o(.ARM.Collect$$libinit$$0000002E)
    .ARM.Collect$$libinit$$00000030          0x08100312   Section        0  libinit2.o(.ARM.Collect$$libinit$$00000030)
    .ARM.Collect$$libinit$$00000032          0x08100312   Section        0  libinit2.o(.ARM.Collect$$libinit$$00000032)
    .ARM.Collect$$libinit$$00000033          0x08100312   Section        2  libinit2.o(.ARM.Collect$$libinit$$00000033)
    .ARM.Collect$$libshutdown$$00000000      0x08100314   Section        2  libshutdown.o(.ARM.Collect$$libshutdown$$00000000)
    .ARM.Collect$$libshutdown$$00000002      0x08100316   Section        0  libshutdown2.o(.ARM.Collect$$libshutdown$$00000002)
    .ARM.Collect$$libshutdown$$00000004      0x08100316   Section        0  libshutdown2.o(.ARM.Collect$$libshutdown$$00000004)
    .ARM.Collect$$libshutdown$$00000006      0x08100316   Section        0  libshutdown2.o(.ARM.Collect$$libshutdown$$00000006)
    .ARM.Collect$$libshutdown$$00000009      0x08100316   Section        0  libshutdown2.o(.ARM.Collect$$libshutdown$$00000009)
    .ARM.Collect$$libshutdown$$0000000C      0x08100316   Section        0  libshutdown2.o(.ARM.Collect$$libshutdown$$0000000C)
    .ARM.Collect$$libshutdown$$0000000E      0x08100316   Section        0  libshutdown2.o(.ARM.Collect$$libshutdown$$0000000E)
    .ARM.Collect$$libshutdown$$00000011      0x08100316   Section        0  libshutdown2.o(.ARM.Collect$$libshutdown$$00000011)
    .ARM.Collect$$libshutdown$$00000012      0x08100316   Section        2  libshutdown2.o(.ARM.Collect$$libshutdown$$00000012)
    .ARM.Collect$$rtentry$$00000000          0x08100318   Section        0  __rtentry.o(.ARM.Collect$$rtentry$$00000000)
    .ARM.Collect$$rtentry$$00000002          0x08100318   Section        0  __rtentry2.o(.ARM.Collect$$rtentry$$00000002)
    .ARM.Collect$$rtentry$$00000004          0x08100318   Section        6  __rtentry4.o(.ARM.Collect$$rtentry$$00000004)
    .ARM.Collect$$rtentry$$00000009          0x0810031e   Section        0  __rtentry2.o(.ARM.Collect$$rtentry$$00000009)
    .ARM.Collect$$rtentry$$0000000A          0x0810031e   Section        4  __rtentry2.o(.ARM.Collect$$rtentry$$0000000A)
    .ARM.Collect$$rtentry$$0000000C          0x08100322   Section        0  __rtentry2.o(.ARM.Collect$$rtentry$$0000000C)
    .ARM.Collect$$rtentry$$0000000D          0x08100322   Section        8  __rtentry2.o(.ARM.Collect$$rtentry$$0000000D)
    .ARM.Collect$$rtexit$$00000000           0x0810032a   Section        2  rtexit.o(.ARM.Collect$$rtexit$$00000000)
    .ARM.Collect$$rtexit$$00000002           0x0810032c   Section        0  rtexit2.o(.ARM.Collect$$rtexit$$00000002)
    .ARM.Collect$$rtexit$$00000003           0x0810032c   Section        4  rtexit2.o(.ARM.Collect$$rtexit$$00000003)
    .ARM.Collect$$rtexit$$00000004           0x08100330   Section        6  rtexit2.o(.ARM.Collect$$rtexit$$00000004)
    .text                                    0x08100338   Section       64  startup_stm32h745xx_cm4.o(.text)
    $v0                                      0x08100338   Number         0  startup_stm32h745xx_cm4.o(.text)
    .text                                    0x08100378   Section      238  lludivv7m.o(.text)
    .text                                    0x08100466   Section      100  rt_memcpy_w.o(.text)
    .text                                    0x081004ca   Section       78  rt_memclr_w.o(.text)
    .text                                    0x08100518   Section        0  heapauxi.o(.text)
    .text                                    0x0810051e   Section       74  sys_stackheap_outer.o(.text)
    .text                                    0x08100568   Section        0  exit.o(.text)
    .text                                    0x0810057c   Section        8  libspace.o(.text)
    .text                                    0x08100584   Section        0  sys_exit.o(.text)
    .text                                    0x08100590   Section        2  use_no_semi.o(.text)
    .text                                    0x08100592   Section        0  indicate_semi.o(.text)
    i.BusFault_Handler                       0x08100592   Section        0  stm32h7xx_it.o(i.BusFault_Handler)
    i.DebugMon_Handler                       0x08100594   Section        0  stm32h7xx_it.o(i.DebugMon_Handler)
    i.ETH_MACDMAConfig                       0x08100596   Section        0  stm32h7xx_hal_eth.o(i.ETH_MACDMAConfig)
    ETH_MACDMAConfig                         0x08100597   Thumb Code   216  stm32h7xx_hal_eth.o(i.ETH_MACDMAConfig)
    i.ETH_SetDMAConfig                       0x08100670   Section        0  stm32h7xx_hal_eth.o(i.ETH_SetDMAConfig)
    ETH_SetDMAConfig                         0x08100671   Thumb Code   146  stm32h7xx_hal_eth.o(i.ETH_SetDMAConfig)
    i.ETH_SetMACConfig                       0x08100710   Section        0  stm32h7xx_hal_eth.o(i.ETH_SetMACConfig)
    ETH_SetMACConfig                         0x08100711   Thumb Code   414  stm32h7xx_hal_eth.o(i.ETH_SetMACConfig)
    i.FDCAN_CalcultateRamBlockAddresses      0x081008b8   Section        0  stm32h7xx_hal_fdcan.o(i.FDCAN_CalcultateRamBlockAddresses)
    FDCAN_CalcultateRamBlockAddresses        0x081008b9   Thumb Code   426  stm32h7xx_hal_fdcan.o(i.FDCAN_CalcultateRamBlockAddresses)
    i.FMC_SDRAM_Init                         0x08100a6c   Section        0  stm32h7xx_ll_fmc.o(i.FMC_SDRAM_Init)
    i.FMC_SDRAM_Timing_Init                  0x08100ad4   Section        0  stm32h7xx_ll_fmc.o(i.FMC_SDRAM_Timing_Init)
    i.HAL_Delay                              0x08100b78   Section        0  stm32h7xx_hal.o(i.HAL_Delay)
    i.HAL_ETH_Init                           0x08100b9c   Section        0  stm32h7xx_hal_eth.o(i.HAL_ETH_Init)
    i.HAL_ETH_MspInit                        0x08100da8   Section        0  stm32h7xx_hal_msp.o(i.HAL_ETH_MspInit)
    i.HAL_FDCAN_Init                         0x08100f24   Section        0  stm32h7xx_hal_fdcan.o(i.HAL_FDCAN_Init)
    i.HAL_FDCAN_MspInit                      0x08101164   Section        0  stm32h7xx_hal_msp.o(i.HAL_FDCAN_MspInit)
    i.HAL_FMC_MspInit                        0x08101224   Section        0  stm32h7xx_hal_msp.o(i.HAL_FMC_MspInit)
    HAL_FMC_MspInit                          0x08101225   Thumb Code   132  stm32h7xx_hal_msp.o(i.HAL_FMC_MspInit)
    i.HAL_GPIO_Init                          0x081012c4   Section        0  stm32h7xx_hal_gpio.o(i.HAL_GPIO_Init)
    i.HAL_GPIO_TogglePin                     0x08101510   Section        0  stm32h7xx_hal_gpio.o(i.HAL_GPIO_TogglePin)
    i.HAL_GPIO_WritePin                      0x0810151e   Section        0  stm32h7xx_hal_gpio.o(i.HAL_GPIO_WritePin)
    i.HAL_GetCurrentCPUID                    0x08101528   Section        0  stm32h7xx_hal_cortex.o(i.HAL_GetCurrentCPUID)
    i.HAL_GetREVID                           0x08101540   Section        0  stm32h7xx_hal.o(i.HAL_GetREVID)
    i.HAL_GetTick                            0x0810154c   Section        0  stm32h7xx_hal.o(i.HAL_GetTick)
    i.HAL_HSEM_ActivateNotification          0x08101558   Section        0  stm32h7xx_hal_hsem.o(i.HAL_HSEM_ActivateNotification)
    i.HAL_IncTick                            0x08101568   Section        0  stm32h7xx_hal.o(i.HAL_IncTick)
    i.HAL_Init                               0x08101578   Section        0  stm32h7xx_hal.o(i.HAL_Init)
    i.HAL_InitTick                           0x08101604   Section        0  stm32h7xx_hal.o(i.HAL_InitTick)
    i.HAL_MMC_GetCardCSD                     0x08101644   Section        0  stm32h7xx_hal_mmc.o(i.HAL_MMC_GetCardCSD)
    i.HAL_MMC_Init                           0x081017e0   Section        0  stm32h7xx_hal_mmc.o(i.HAL_MMC_Init)
    i.HAL_MMC_InitCard                       0x0810181c   Section        0  stm32h7xx_hal_mmc.o(i.HAL_MMC_InitCard)
    i.HAL_MMC_MspInit                        0x081018fc   Section        0  stm32h7xx_hal_msp.o(i.HAL_MMC_MspInit)
    i.HAL_MspInit                            0x081019a4   Section        0  stm32h7xx_hal_msp.o(i.HAL_MspInit)
    i.HAL_NVIC_SetPriority                   0x081019c0   Section        0  stm32h7xx_hal_cortex.o(i.HAL_NVIC_SetPriority)
    i.HAL_NVIC_SetPriorityGrouping           0x08101a00   Section        0  stm32h7xx_hal_cortex.o(i.HAL_NVIC_SetPriorityGrouping)
    i.HAL_PCDEx_ActivateLPM                  0x08101a24   Section        0  stm32h7xx_hal_pcd_ex.o(i.HAL_PCDEx_ActivateLPM)
    i.HAL_PCD_Init                           0x08101a4c   Section        0  stm32h7xx_hal_pcd.o(i.HAL_PCD_Init)
    i.HAL_PCD_MspInit                        0x08101b3c   Section        0  stm32h7xx_hal_msp.o(i.HAL_PCD_MspInit)
    i.HAL_PWREx_ClearPendingEvent            0x08101bb8   Section        0  stm32h7xx_hal_pwr_ex.o(i.HAL_PWREx_ClearPendingEvent)
    i.HAL_PWREx_EnterSTOPMode                0x08101bc8   Section        0  stm32h7xx_hal_pwr_ex.o(i.HAL_PWREx_EnterSTOPMode)
    i.HAL_QSPI_Init                          0x08101c58   Section        0  stm32h7xx_hal_qspi.o(i.HAL_QSPI_Init)
    i.HAL_QSPI_MspInit                       0x08101cf8   Section        0  stm32h7xx_hal_msp.o(i.HAL_QSPI_MspInit)
    i.HAL_RCCEx_GetD3PCLK1Freq               0x08101dd0   Section        0  stm32h7xx_hal_rcc_ex.o(i.HAL_RCCEx_GetD3PCLK1Freq)
    i.HAL_RCCEx_GetPLL1ClockFreq             0x08101df4   Section        0  stm32h7xx_hal_rcc_ex.o(i.HAL_RCCEx_GetPLL1ClockFreq)
    i.HAL_RCCEx_GetPLL2ClockFreq             0x08101f30   Section        0  stm32h7xx_hal_rcc_ex.o(i.HAL_RCCEx_GetPLL2ClockFreq)
    i.HAL_RCCEx_GetPLL3ClockFreq             0x0810206c   Section        0  stm32h7xx_hal_rcc_ex.o(i.HAL_RCCEx_GetPLL3ClockFreq)
    i.HAL_RCCEx_GetPeriphCLKFreq             0x081021a8   Section        0  stm32h7xx_hal_rcc_ex.o(i.HAL_RCCEx_GetPeriphCLKFreq)
    i.HAL_RCC_GetHCLKFreq                    0x0810237c   Section        0  stm32h7xx_hal_rcc.o(i.HAL_RCC_GetHCLKFreq)
    i.HAL_RCC_GetPCLK1Freq                   0x081023bc   Section        0  stm32h7xx_hal_rcc.o(i.HAL_RCC_GetPCLK1Freq)
    i.HAL_RCC_GetPCLK2Freq                   0x081023e0   Section        0  stm32h7xx_hal_rcc.o(i.HAL_RCC_GetPCLK2Freq)
    i.HAL_RCC_GetSysClockFreq                0x08102404   Section        0  stm32h7xx_hal_rcc.o(i.HAL_RCC_GetSysClockFreq)
    i.HAL_SAI_Init                           0x08102534   Section        0  stm32h7xx_hal_sai.o(i.HAL_SAI_Init)
    i.HAL_SAI_MspInit                        0x08102874   Section        0  stm32h7xx_hal_msp.o(i.HAL_SAI_MspInit)
    i.HAL_SDRAM_Init                         0x08102910   Section        0  stm32h7xx_hal_sdram.o(i.HAL_SDRAM_Init)
    i.HAL_SDRAM_MspInit                      0x08102960   Section        0  stm32h7xx_hal_msp.o(i.HAL_SDRAM_MspInit)
    i.HAL_SYSCFG_ETHInterfaceSelect          0x08102964   Section        0  stm32h7xx_hal.o(i.HAL_SYSCFG_ETHInterfaceSelect)
    i.HAL_SYSTICK_Config                     0x08102978   Section        0  stm32h7xx_hal_cortex.o(i.HAL_SYSTICK_Config)
    i.HAL_UARTEx_DisableFifoMode             0x081029a0   Section        0  stm32h7xx_hal_uart_ex.o(i.HAL_UARTEx_DisableFifoMode)
    i.HAL_UARTEx_SetRxFifoThreshold          0x081029de   Section        0  stm32h7xx_hal_uart_ex.o(i.HAL_UARTEx_SetRxFifoThreshold)
    i.HAL_UARTEx_SetTxFifoThreshold          0x08102a2a   Section        0  stm32h7xx_hal_uart_ex.o(i.HAL_UARTEx_SetTxFifoThreshold)
    i.HAL_UART_Init                          0x08102a76   Section        0  stm32h7xx_hal_uart.o(i.HAL_UART_Init)
    i.HAL_UART_MspInit                       0x08102ae0   Section        0  stm32h7xx_hal_msp.o(i.HAL_UART_MspInit)
    i.HardFault_Handler                      0x08102b48   Section        0  stm32h7xx_it.o(i.HardFault_Handler)
    i.MMC_InitCard                           0x08102b4a   Section        0  stm32h7xx_hal_mmc.o(i.MMC_InitCard)
    MMC_InitCard                             0x08102b4b   Thumb Code   242  stm32h7xx_hal_mmc.o(i.MMC_InitCard)
    i.MMC_ReadExtCSD                         0x08102c3c   Section        0  stm32h7xx_hal_mmc.o(i.MMC_ReadExtCSD)
    i.MX_ETH_Init                            0x08102d20   Section        0  main.o(i.MX_ETH_Init)
    MX_ETH_Init                              0x08102d21   Thumb Code    86  main.o(i.MX_ETH_Init)
    i.MX_FDCAN1_Init                         0x08102d88   Section        0  main.o(i.MX_FDCAN1_Init)
    MX_FDCAN1_Init                           0x08102d89   Thumb Code    74  main.o(i.MX_FDCAN1_Init)
    i.MX_FDCAN2_Init                         0x08102ddc   Section        0  main.o(i.MX_FDCAN2_Init)
    MX_FDCAN2_Init                           0x08102ddd   Thumb Code    74  main.o(i.MX_FDCAN2_Init)
    i.MX_FMC_Init                            0x08102e30   Section        0  main.o(i.MX_FMC_Init)
    MX_FMC_Init                              0x08102e31   Thumb Code    74  main.o(i.MX_FMC_Init)
    i.MX_GPIO_Init                           0x08102e84   Section        0  main.o(i.MX_GPIO_Init)
    MX_GPIO_Init                             0x08102e85   Thumb Code   222  main.o(i.MX_GPIO_Init)
    i.MX_SAI2_Init                           0x08102f70   Section        0  main.o(i.MX_SAI2_Init)
    MX_SAI2_Init                             0x08102f71   Thumb Code   152  main.o(i.MX_SAI2_Init)
    i.MX_USART3_UART_Init                    0x08103014   Section        0  main.o(i.MX_USART3_UART_Init)
    MX_USART3_UART_Init                      0x08103015   Thumb Code    66  main.o(i.MX_USART3_UART_Init)
    i.MX_USB_OTG_FS_PCD_Init                 0x08103060   Section        0  main.o(i.MX_USB_OTG_FS_PCD_Init)
    MX_USB_OTG_FS_PCD_Init                   0x08103061   Thumb Code    38  main.o(i.MX_USB_OTG_FS_PCD_Init)
    i.MemManage_Handler                      0x08103090   Section        0  stm32h7xx_it.o(i.MemManage_Handler)
    i.NMI_Handler                            0x08103092   Section        0  stm32h7xx_it.o(i.NMI_Handler)
    i.PendSV_Handler                         0x08103094   Section        0  stm32h7xx_it.o(i.PendSV_Handler)
    i.QSPI_WaitFlagStateUntilTimeout         0x08103096   Section        0  stm32h7xx_hal_qspi.o(i.QSPI_WaitFlagStateUntilTimeout)
    QSPI_WaitFlagStateUntilTimeout           0x08103097   Thumb Code    72  stm32h7xx_hal_qspi.o(i.QSPI_WaitFlagStateUntilTimeout)
    i.SAI_Disable                            0x081030e0   Section        0  stm32h7xx_hal_sai.o(i.SAI_Disable)
    SAI_Disable                              0x081030e1   Thumb Code    58  stm32h7xx_hal_sai.o(i.SAI_Disable)
    i.SDMMC_CmdBlockLength                   0x08103120   Section        0  stm32h7xx_ll_sdmmc.o(i.SDMMC_CmdBlockLength)
    i.SDMMC_CmdGoIdleState                   0x08103154   Section        0  stm32h7xx_ll_sdmmc.o(i.SDMMC_CmdGoIdleState)
    i.SDMMC_CmdOpCondition                   0x081031a8   Section        0  stm32h7xx_ll_sdmmc.o(i.SDMMC_CmdOpCondition)
    i.SDMMC_CmdSelDesel                      0x081031d4   Section        0  stm32h7xx_ll_sdmmc.o(i.SDMMC_CmdSelDesel)
    i.SDMMC_CmdSendCID                       0x08103208   Section        0  stm32h7xx_ll_sdmmc.o(i.SDMMC_CmdSendCID)
    i.SDMMC_CmdSendCSD                       0x08103236   Section        0  stm32h7xx_ll_sdmmc.o(i.SDMMC_CmdSendCSD)
    i.SDMMC_CmdSendEXTCSD                    0x08103264   Section        0  stm32h7xx_ll_sdmmc.o(i.SDMMC_CmdSendEXTCSD)
    i.SDMMC_CmdSendStatus                    0x08103296   Section        0  stm32h7xx_ll_sdmmc.o(i.SDMMC_CmdSendStatus)
    i.SDMMC_CmdSetRelAdd                     0x081032ca   Section        0  stm32h7xx_ll_sdmmc.o(i.SDMMC_CmdSetRelAdd)
    i.SDMMC_ConfigData                       0x081032fc   Section        0  stm32h7xx_ll_sdmmc.o(i.SDMMC_ConfigData)
    i.SDMMC_GetCmdResp1                      0x08103320   Section        0  stm32h7xx_ll_sdmmc.o(i.SDMMC_GetCmdResp1)
    SDMMC_GetCmdResp1                        0x08103321   Thumb Code   280  stm32h7xx_ll_sdmmc.o(i.SDMMC_GetCmdResp1)
    i.SDMMC_GetCmdResp2                      0x08103444   Section        0  stm32h7xx_ll_sdmmc.o(i.SDMMC_GetCmdResp2)
    SDMMC_GetCmdResp2                        0x08103445   Thumb Code    76  stm32h7xx_ll_sdmmc.o(i.SDMMC_GetCmdResp2)
    i.SDMMC_GetCmdResp3                      0x08103498   Section        0  stm32h7xx_ll_sdmmc.o(i.SDMMC_GetCmdResp3)
    SDMMC_GetCmdResp3                        0x08103499   Thumb Code    62  stm32h7xx_ll_sdmmc.o(i.SDMMC_GetCmdResp3)
    i.SDMMC_GetCmdResp6                      0x081034e0   Section        0  stm32h7xx_ll_sdmmc.o(i.SDMMC_GetCmdResp6)
    SDMMC_GetCmdResp6                        0x081034e1   Thumb Code   130  stm32h7xx_ll_sdmmc.o(i.SDMMC_GetCmdResp6)
    i.SDMMC_GetPowerState                    0x0810356c   Section        0  stm32h7xx_ll_sdmmc.o(i.SDMMC_GetPowerState)
    i.SDMMC_GetResponse                      0x08103574   Section        0  stm32h7xx_ll_sdmmc.o(i.SDMMC_GetResponse)
    i.SDMMC_Init                             0x0810357c   Section        0  stm32h7xx_ll_sdmmc.o(i.SDMMC_Init)
    i.SDMMC_PowerState_ON                    0x0810359c   Section        0  stm32h7xx_ll_sdmmc.o(i.SDMMC_PowerState_ON)
    i.SDMMC_ReadFIFO                         0x081035a8   Section        0  stm32h7xx_ll_sdmmc.o(i.SDMMC_ReadFIFO)
    i.SDMMC_SendCommand                      0x081035b0   Section        0  stm32h7xx_ll_sdmmc.o(i.SDMMC_SendCommand)
    i.SVC_Handler                            0x081035d4   Section        0  stm32h7xx_it.o(i.SVC_Handler)
    i.SysTick_Handler                        0x081035d6   Section        0  stm32h7xx_it.o(i.SysTick_Handler)
    i.SystemInit                             0x081035dc   Section        0  system_stm32h7xx_dualcore_boot_cm4_cm7.o(i.SystemInit)
    i.UARTEx_SetNbDataToProcess              0x08103604   Section        0  stm32h7xx_hal_uart_ex.o(i.UARTEx_SetNbDataToProcess)
    UARTEx_SetNbDataToProcess                0x08103605   Thumb Code    82  stm32h7xx_hal_uart_ex.o(i.UARTEx_SetNbDataToProcess)
    i.UART_AdvFeatureConfig                  0x08103668   Section        0  stm32h7xx_hal_uart.o(i.UART_AdvFeatureConfig)
    i.UART_CheckIdleState                    0x08103730   Section        0  stm32h7xx_hal_uart.o(i.UART_CheckIdleState)
    i.UART_SetConfig                         0x08103790   Section        0  stm32h7xx_hal_uart.o(i.UART_SetConfig)
    i.UART_WaitOnFlagUntilTimeout            0x08103b40   Section        0  stm32h7xx_hal_uart.o(i.UART_WaitOnFlagUntilTimeout)
    i.USB_CoreInit                           0x08103be4   Section        0  stm32h7xx_ll_usb.o(i.USB_CoreInit)
    i.USB_CoreReset                          0x08103c58   Section        0  stm32h7xx_ll_usb.o(i.USB_CoreReset)
    USB_CoreReset                            0x08103c59   Thumb Code    50  stm32h7xx_ll_usb.o(i.USB_CoreReset)
    i.USB_DevDisconnect                      0x08103c90   Section        0  stm32h7xx_ll_usb.o(i.USB_DevDisconnect)
    i.USB_DevInit                            0x08103ca8   Section        0  stm32h7xx_ll_usb.o(i.USB_DevInit)
    i.USB_DisableGlobalInt                   0x08103e18   Section        0  stm32h7xx_ll_usb.o(i.USB_DisableGlobalInt)
    i.USB_FlushRxFifo                        0x08103e24   Section        0  stm32h7xx_ll_usb.o(i.USB_FlushRxFifo)
    i.USB_FlushTxFifo                        0x08103e44   Section        0  stm32h7xx_ll_usb.o(i.USB_FlushTxFifo)
    i.USB_SetCurrentMode                     0x08103e68   Section        0  stm32h7xx_ll_usb.o(i.USB_SetCurrentMode)
    i.UsageFault_Handler                     0x08103e96   Section        0  stm32h7xx_it.o(i.UsageFault_Handler)
    i.__NVIC_SetPriority                     0x08103e98   Section        0  stm32h7xx_hal_cortex.o(i.__NVIC_SetPriority)
    __NVIC_SetPriority                       0x08103e99   Thumb Code    32  stm32h7xx_hal_cortex.o(i.__NVIC_SetPriority)
    i.main                                   0x08103eb8   Section        0  main.o(i.main)
    x$fpl$fpinit                             0x08103f8c   Section       10  fpinit.o(x$fpl$fpinit)
    $v0                                      0x08103f8c   Number         0  fpinit.o(x$fpl$fpinit)
    .constdata                               0x08103f98   Section       92  stm32h7xx_hal_fdcan.o(.constdata)
    DLCtoBytes                               0x08103f98   Data          16  stm32h7xx_hal_fdcan.o(.constdata)
    .constdata                               0x08103ff4   Section       24  stm32h7xx_hal_uart.o(.constdata)
    .constdata                               0x0810400c   Section       16  system_stm32h7xx_dualcore_boot_cm4_cm7.o(.constdata)
    .data                                    0x10000000   Section       16  stm32h7xx_hal_msp.o(.data)
    HAL_RCC_FDCAN_CLK_ENABLED                0x10000000   Data           4  stm32h7xx_hal_msp.o(.data)
    FMC_Initialized                          0x10000004   Data           4  stm32h7xx_hal_msp.o(.data)
    FMC_DeInitialized                        0x10000008   Data           4  stm32h7xx_hal_msp.o(.data)
    SAI2_client                              0x1000000c   Data           4  stm32h7xx_hal_msp.o(.data)
    .data                                    0x10000010   Section       12  stm32h7xx_hal.o(.data)
    .data                                    0x1000001c   Section        8  system_stm32h7xx_dualcore_boot_cm4_cm7.o(.data)
    .bss                                     0x10000024   Section     2720  main.o(.bss)
    .bss                                     0x10000ac4   Section       96  libspace.o(.bss)
    HEAP                                     0x10000b28   Section     8192  startup_stm32h745xx_cm4.o(HEAP)
    Heap_Mem                                 0x10000b28   Data        8192  startup_stm32h745xx_cm4.o(HEAP)
    STACK                                    0x10002b28   Section    16384  startup_stm32h745xx_cm4.o(STACK)
    Stack_Mem                                0x10002b28   Data       16384  startup_stm32h745xx_cm4.o(STACK)
    __initial_sp                             0x10006b28   Data           0  startup_stm32h745xx_cm4.o(STACK)
    .ARM.__AT_0x30040000                     0x30040000   Section       96  main.o(.ARM.__AT_0x30040000)
    .ARM.__AT_0x30040060                     0x30040060   Section       96  main.o(.ARM.__AT_0x30040060)
    .ARM.__AT_0x30040200                     0x30040200   Section     6112  main.o(.ARM.__AT_0x30040200)

    Global Symbols

    Symbol Name                              Value     Ov Type        Size  Object(Section)

    BuildAttributes$$THM_ISAv4$E$P$D$K$B$S$7EM$VFPi3$EXTD16$VFPS$VFMA$PE$A:L22UL41UL21$X:L11$S22US41US21$IEEE1$IW$USESV6$~STKCKD$USESV7$~SHL$OSPACE$ROPI$EBA8$UX$STANDARDLIB$REQ8$PRES8$EABIv2 0x00000000   Number         0  anon$$obj.o ABSOLUTE
    __ARM_use_no_argv                        0x00000000   Number         0  main.o ABSOLUTE
    __ARM_exceptions_init                     - Undefined Weak Reference
    __alloca_initialize                       - Undefined Weak Reference
    __arm_fini_                               - Undefined Weak Reference
    __arm_preinit_                            - Undefined Weak Reference
    __cpp_initialize__aeabi_                  - Undefined Weak Reference
    __cxa_finalize                            - Undefined Weak Reference
    __rt_locale                               - Undefined Weak Reference
    __sigvec_lookup                           - Undefined Weak Reference
    _atexit_init                              - Undefined Weak Reference
    _call_atexit_fns                          - Undefined Weak Reference
    _clock_init                               - Undefined Weak Reference
    _fp_trap_init                             - Undefined Weak Reference
    _fp_trap_shutdown                         - Undefined Weak Reference
    _get_lc_collate                           - Undefined Weak Reference
    _get_lc_ctype                             - Undefined Weak Reference
    _get_lc_monetary                          - Undefined Weak Reference
    _get_lc_numeric                           - Undefined Weak Reference
    _get_lc_time                              - Undefined Weak Reference
    _getenv_init                              - Undefined Weak Reference
    _handle_redirection                       - Undefined Weak Reference
    _init_alloc                               - Undefined Weak Reference
    _init_user_alloc                          - Undefined Weak Reference
    _initio                                   - Undefined Weak Reference
    _rand_init                                - Undefined Weak Reference
    _signal_finish                            - Undefined Weak Reference
    _signal_init                              - Undefined Weak Reference
    _terminate_alloc                          - Undefined Weak Reference
    _terminate_user_alloc                     - Undefined Weak Reference
    _terminateio                              - Undefined Weak Reference
    __Vectors_Size                           0x00000298   Number         0  startup_stm32h745xx_cm4.o ABSOLUTE
    __Vectors                                0x08100000   Data           4  startup_stm32h745xx_cm4.o(RESET)
    __Vectors_End                            0x08100298   Data           0  startup_stm32h745xx_cm4.o(RESET)
    __main                                   0x08100299   Thumb Code     8  __main.o(!!!main)
    __scatterload                            0x081002a1   Thumb Code     0  __scatter.o(!!!scatter)
    __scatterload_rt2                        0x081002a1   Thumb Code    44  __scatter.o(!!!scatter)
    __scatterload_rt2_thumb_only             0x081002a1   Thumb Code     0  __scatter.o(!!!scatter)
    __scatterload_null                       0x081002af   Thumb Code     0  __scatter.o(!!!scatter)
    __scatterload_copy                       0x081002d5   Thumb Code    26  __scatter_copy.o(!!handler_copy)
    __scatterload_zeroinit                   0x081002f1   Thumb Code    28  __scatter_zi.o(!!handler_zi)
    __rt_lib_init                            0x0810030d   Thumb Code     0  libinit.o(.ARM.Collect$$libinit$$00000000)
    __rt_lib_init_fp_1                       0x0810030f   Thumb Code     0  libinit2.o(.ARM.Collect$$libinit$$00000001)
    __rt_lib_init_alloca_1                   0x08100313   Thumb Code     0  libinit2.o(.ARM.Collect$$libinit$$0000002E)
    __rt_lib_init_argv_1                     0x08100313   Thumb Code     0  libinit2.o(.ARM.Collect$$libinit$$0000002C)
    __rt_lib_init_atexit_1                   0x08100313   Thumb Code     0  libinit2.o(.ARM.Collect$$libinit$$0000001B)
    __rt_lib_init_clock_1                    0x08100313   Thumb Code     0  libinit2.o(.ARM.Collect$$libinit$$00000021)
    __rt_lib_init_cpp_1                      0x08100313   Thumb Code     0  libinit2.o(.ARM.Collect$$libinit$$00000032)
    __rt_lib_init_exceptions_1               0x08100313   Thumb Code     0  libinit2.o(.ARM.Collect$$libinit$$00000030)
    __rt_lib_init_fp_trap_1                  0x08100313   Thumb Code     0  libinit2.o(.ARM.Collect$$libinit$$0000001F)
    __rt_lib_init_getenv_1                   0x08100313   Thumb Code     0  libinit2.o(.ARM.Collect$$libinit$$00000023)
    __rt_lib_init_heap_1                     0x08100313   Thumb Code     0  libinit2.o(.ARM.Collect$$libinit$$0000000A)
    __rt_lib_init_lc_collate_1               0x08100313   Thumb Code     0  libinit2.o(.ARM.Collect$$libinit$$00000011)
    __rt_lib_init_lc_ctype_1                 0x08100313   Thumb Code     0  libinit2.o(.ARM.Collect$$libinit$$00000013)
    __rt_lib_init_lc_monetary_1              0x08100313   Thumb Code     0  libinit2.o(.ARM.Collect$$libinit$$00000015)
    __rt_lib_init_lc_numeric_1               0x08100313   Thumb Code     0  libinit2.o(.ARM.Collect$$libinit$$00000017)
    __rt_lib_init_lc_time_1                  0x08100313   Thumb Code     0  libinit2.o(.ARM.Collect$$libinit$$00000019)
    __rt_lib_init_preinit_1                  0x08100313   Thumb Code     0  libinit2.o(.ARM.Collect$$libinit$$00000004)
    __rt_lib_init_rand_1                     0x08100313   Thumb Code     0  libinit2.o(.ARM.Collect$$libinit$$0000000E)
    __rt_lib_init_return                     0x08100313   Thumb Code     0  libinit2.o(.ARM.Collect$$libinit$$00000033)
    __rt_lib_init_signal_1                   0x08100313   Thumb Code     0  libinit2.o(.ARM.Collect$$libinit$$0000001D)
    __rt_lib_init_stdio_1                    0x08100313   Thumb Code     0  libinit2.o(.ARM.Collect$$libinit$$00000025)
    __rt_lib_init_user_alloc_1               0x08100313   Thumb Code     0  libinit2.o(.ARM.Collect$$libinit$$0000000C)
    __rt_lib_shutdown                        0x08100315   Thumb Code     0  libshutdown.o(.ARM.Collect$$libshutdown$$00000000)
    __rt_lib_shutdown_cpp_1                  0x08100317   Thumb Code     0  libshutdown2.o(.ARM.Collect$$libshutdown$$00000004)
    __rt_lib_shutdown_fini_1                 0x08100317   Thumb Code     0  libshutdown2.o(.ARM.Collect$$libshutdown$$00000002)
    __rt_lib_shutdown_fp_trap_1              0x08100317   Thumb Code     0  libshutdown2.o(.ARM.Collect$$libshutdown$$00000009)
    __rt_lib_shutdown_heap_1                 0x08100317   Thumb Code     0  libshutdown2.o(.ARM.Collect$$libshutdown$$00000011)
    __rt_lib_shutdown_return                 0x08100317   Thumb Code     0  libshutdown2.o(.ARM.Collect$$libshutdown$$00000012)
    __rt_lib_shutdown_signal_1               0x08100317   Thumb Code     0  libshutdown2.o(.ARM.Collect$$libshutdown$$0000000C)
    __rt_lib_shutdown_stdio_1                0x08100317   Thumb Code     0  libshutdown2.o(.ARM.Collect$$libshutdown$$00000006)
    __rt_lib_shutdown_user_alloc_1           0x08100317   Thumb Code     0  libshutdown2.o(.ARM.Collect$$libshutdown$$0000000E)
    __rt_entry                               0x08100319   Thumb Code     0  __rtentry.o(.ARM.Collect$$rtentry$$00000000)
    __rt_entry_presh_1                       0x08100319   Thumb Code     0  __rtentry2.o(.ARM.Collect$$rtentry$$00000002)
    __rt_entry_sh                            0x08100319   Thumb Code     0  __rtentry4.o(.ARM.Collect$$rtentry$$00000004)
    __rt_entry_li                            0x0810031f   Thumb Code     0  __rtentry2.o(.ARM.Collect$$rtentry$$0000000A)
    __rt_entry_postsh_1                      0x0810031f   Thumb Code     0  __rtentry2.o(.ARM.Collect$$rtentry$$00000009)
    __rt_entry_main                          0x08100323   Thumb Code     0  __rtentry2.o(.ARM.Collect$$rtentry$$0000000D)
    __rt_entry_postli_1                      0x08100323   Thumb Code     0  __rtentry2.o(.ARM.Collect$$rtentry$$0000000C)
    __rt_exit                                0x0810032b   Thumb Code     0  rtexit.o(.ARM.Collect$$rtexit$$00000000)
    __rt_exit_ls                             0x0810032d   Thumb Code     0  rtexit2.o(.ARM.Collect$$rtexit$$00000003)
    __rt_exit_prels_1                        0x0810032d   Thumb Code     0  rtexit2.o(.ARM.Collect$$rtexit$$00000002)
    __rt_exit_exit                           0x08100331   Thumb Code     0  rtexit2.o(.ARM.Collect$$rtexit$$00000004)
    Reset_Handler                            0x08100339   Thumb Code     8  startup_stm32h745xx_cm4.o(.text)
    ADC3_IRQHandler                          0x08100353   Thumb Code     0  startup_stm32h745xx_cm4.o(.text)
    ADC_IRQHandler                           0x08100353   Thumb Code     0  startup_stm32h745xx_cm4.o(.text)
    BDMA_Channel0_IRQHandler                 0x08100353   Thumb Code     0  startup_stm32h745xx_cm4.o(.text)
    BDMA_Channel1_IRQHandler                 0x08100353   Thumb Code     0  startup_stm32h745xx_cm4.o(.text)
    BDMA_Channel2_IRQHandler                 0x08100353   Thumb Code     0  startup_stm32h745xx_cm4.o(.text)
    BDMA_Channel3_IRQHandler                 0x08100353   Thumb Code     0  startup_stm32h745xx_cm4.o(.text)
    BDMA_Channel4_IRQHandler                 0x08100353   Thumb Code     0  startup_stm32h745xx_cm4.o(.text)
    BDMA_Channel5_IRQHandler                 0x08100353   Thumb Code     0  startup_stm32h745xx_cm4.o(.text)
    BDMA_Channel6_IRQHandler                 0x08100353   Thumb Code     0  startup_stm32h745xx_cm4.o(.text)
    BDMA_Channel7_IRQHandler                 0x08100353   Thumb Code     0  startup_stm32h745xx_cm4.o(.text)
    CEC_IRQHandler                           0x08100353   Thumb Code     0  startup_stm32h745xx_cm4.o(.text)
    CM4_SEV_IRQHandler                       0x08100353   Thumb Code     0  startup_stm32h745xx_cm4.o(.text)
    CM7_SEV_IRQHandler                       0x08100353   Thumb Code     0  startup_stm32h745xx_cm4.o(.text)
    COMP1_IRQHandler                         0x08100353   Thumb Code     0  startup_stm32h745xx_cm4.o(.text)
    CRS_IRQHandler                           0x08100353   Thumb Code     0  startup_stm32h745xx_cm4.o(.text)
    DCMI_IRQHandler                          0x08100353   Thumb Code     0  startup_stm32h745xx_cm4.o(.text)
    DFSDM1_FLT0_IRQHandler                   0x08100353   Thumb Code     0  startup_stm32h745xx_cm4.o(.text)
    DFSDM1_FLT1_IRQHandler                   0x08100353   Thumb Code     0  startup_stm32h745xx_cm4.o(.text)
    DFSDM1_FLT2_IRQHandler                   0x08100353   Thumb Code     0  startup_stm32h745xx_cm4.o(.text)
    DFSDM1_FLT3_IRQHandler                   0x08100353   Thumb Code     0  startup_stm32h745xx_cm4.o(.text)
    DMA1_Stream0_IRQHandler                  0x08100353   Thumb Code     0  startup_stm32h745xx_cm4.o(.text)
    DMA1_Stream1_IRQHandler                  0x08100353   Thumb Code     0  startup_stm32h745xx_cm4.o(.text)
    DMA1_Stream2_IRQHandler                  0x08100353   Thumb Code     0  startup_stm32h745xx_cm4.o(.text)
    DMA1_Stream3_IRQHandler                  0x08100353   Thumb Code     0  startup_stm32h745xx_cm4.o(.text)
    DMA1_Stream4_IRQHandler                  0x08100353   Thumb Code     0  startup_stm32h745xx_cm4.o(.text)
    DMA1_Stream5_IRQHandler                  0x08100353   Thumb Code     0  startup_stm32h745xx_cm4.o(.text)
    DMA1_Stream6_IRQHandler                  0x08100353   Thumb Code     0  startup_stm32h745xx_cm4.o(.text)
    DMA1_Stream7_IRQHandler                  0x08100353   Thumb Code     0  startup_stm32h745xx_cm4.o(.text)
    DMA2D_IRQHandler                         0x08100353   Thumb Code     0  startup_stm32h745xx_cm4.o(.text)
    DMA2_Stream0_IRQHandler                  0x08100353   Thumb Code     0  startup_stm32h745xx_cm4.o(.text)
    DMA2_Stream1_IRQHandler                  0x08100353   Thumb Code     0  startup_stm32h745xx_cm4.o(.text)
    DMA2_Stream2_IRQHandler                  0x08100353   Thumb Code     0  startup_stm32h745xx_cm4.o(.text)
    DMA2_Stream3_IRQHandler                  0x08100353   Thumb Code     0  startup_stm32h745xx_cm4.o(.text)
    DMA2_Stream4_IRQHandler                  0x08100353   Thumb Code     0  startup_stm32h745xx_cm4.o(.text)
    DMA2_Stream5_IRQHandler                  0x08100353   Thumb Code     0  startup_stm32h745xx_cm4.o(.text)
    DMA2_Stream6_IRQHandler                  0x08100353   Thumb Code     0  startup_stm32h745xx_cm4.o(.text)
    DMA2_Stream7_IRQHandler                  0x08100353   Thumb Code     0  startup_stm32h745xx_cm4.o(.text)
    DMAMUX1_OVR_IRQHandler                   0x08100353   Thumb Code     0  startup_stm32h745xx_cm4.o(.text)
    DMAMUX2_OVR_IRQHandler                   0x08100353   Thumb Code     0  startup_stm32h745xx_cm4.o(.text)
    ECC_IRQHandler                           0x08100353   Thumb Code     0  startup_stm32h745xx_cm4.o(.text)
    ETH_IRQHandler                           0x08100353   Thumb Code     0  startup_stm32h745xx_cm4.o(.text)
    ETH_WKUP_IRQHandler                      0x08100353   Thumb Code     0  startup_stm32h745xx_cm4.o(.text)
    EXTI0_IRQHandler                         0x08100353   Thumb Code     0  startup_stm32h745xx_cm4.o(.text)
    EXTI15_10_IRQHandler                     0x08100353   Thumb Code     0  startup_stm32h745xx_cm4.o(.text)
    EXTI1_IRQHandler                         0x08100353   Thumb Code     0  startup_stm32h745xx_cm4.o(.text)
    EXTI2_IRQHandler                         0x08100353   Thumb Code     0  startup_stm32h745xx_cm4.o(.text)
    EXTI3_IRQHandler                         0x08100353   Thumb Code     0  startup_stm32h745xx_cm4.o(.text)
    EXTI4_IRQHandler                         0x08100353   Thumb Code     0  startup_stm32h745xx_cm4.o(.text)
    EXTI9_5_IRQHandler                       0x08100353   Thumb Code     0  startup_stm32h745xx_cm4.o(.text)
    FDCAN1_IT0_IRQHandler                    0x08100353   Thumb Code     0  startup_stm32h745xx_cm4.o(.text)
    FDCAN1_IT1_IRQHandler                    0x08100353   Thumb Code     0  startup_stm32h745xx_cm4.o(.text)
    FDCAN2_IT0_IRQHandler                    0x08100353   Thumb Code     0  startup_stm32h745xx_cm4.o(.text)
    FDCAN2_IT1_IRQHandler                    0x08100353   Thumb Code     0  startup_stm32h745xx_cm4.o(.text)
    FDCAN_CAL_IRQHandler                     0x08100353   Thumb Code     0  startup_stm32h745xx_cm4.o(.text)
    FLASH_IRQHandler                         0x08100353   Thumb Code     0  startup_stm32h745xx_cm4.o(.text)
    FMC_IRQHandler                           0x08100353   Thumb Code     0  startup_stm32h745xx_cm4.o(.text)
    FPU_IRQHandler                           0x08100353   Thumb Code     0  startup_stm32h745xx_cm4.o(.text)
    HOLD_CORE_IRQHandler                     0x08100353   Thumb Code     0  startup_stm32h745xx_cm4.o(.text)
    HRTIM1_FLT_IRQHandler                    0x08100353   Thumb Code     0  startup_stm32h745xx_cm4.o(.text)
    HRTIM1_Master_IRQHandler                 0x08100353   Thumb Code     0  startup_stm32h745xx_cm4.o(.text)
    HRTIM1_TIMA_IRQHandler                   0x08100353   Thumb Code     0  startup_stm32h745xx_cm4.o(.text)
    HRTIM1_TIMB_IRQHandler                   0x08100353   Thumb Code     0  startup_stm32h745xx_cm4.o(.text)
    HRTIM1_TIMC_IRQHandler                   0x08100353   Thumb Code     0  startup_stm32h745xx_cm4.o(.text)
    HRTIM1_TIMD_IRQHandler                   0x08100353   Thumb Code     0  startup_stm32h745xx_cm4.o(.text)
    HRTIM1_TIME_IRQHandler                   0x08100353   Thumb Code     0  startup_stm32h745xx_cm4.o(.text)
    HSEM1_IRQHandler                         0x08100353   Thumb Code     0  startup_stm32h745xx_cm4.o(.text)
    HSEM2_IRQHandler                         0x08100353   Thumb Code     0  startup_stm32h745xx_cm4.o(.text)
    I2C1_ER_IRQHandler                       0x08100353   Thumb Code     0  startup_stm32h745xx_cm4.o(.text)
    I2C1_EV_IRQHandler                       0x08100353   Thumb Code     0  startup_stm32h745xx_cm4.o(.text)
    I2C2_ER_IRQHandler                       0x08100353   Thumb Code     0  startup_stm32h745xx_cm4.o(.text)
    I2C2_EV_IRQHandler                       0x08100353   Thumb Code     0  startup_stm32h745xx_cm4.o(.text)
    I2C3_ER_IRQHandler                       0x08100353   Thumb Code     0  startup_stm32h745xx_cm4.o(.text)
    I2C3_EV_IRQHandler                       0x08100353   Thumb Code     0  startup_stm32h745xx_cm4.o(.text)
    I2C4_ER_IRQHandler                       0x08100353   Thumb Code     0  startup_stm32h745xx_cm4.o(.text)
    I2C4_EV_IRQHandler                       0x08100353   Thumb Code     0  startup_stm32h745xx_cm4.o(.text)
    JPEG_IRQHandler                          0x08100353   Thumb Code     0  startup_stm32h745xx_cm4.o(.text)
    LPTIM1_IRQHandler                        0x08100353   Thumb Code     0  startup_stm32h745xx_cm4.o(.text)
    LPTIM2_IRQHandler                        0x08100353   Thumb Code     0  startup_stm32h745xx_cm4.o(.text)
    LPTIM3_IRQHandler                        0x08100353   Thumb Code     0  startup_stm32h745xx_cm4.o(.text)
    LPTIM4_IRQHandler                        0x08100353   Thumb Code     0  startup_stm32h745xx_cm4.o(.text)
    LPTIM5_IRQHandler                        0x08100353   Thumb Code     0  startup_stm32h745xx_cm4.o(.text)
    LPUART1_IRQHandler                       0x08100353   Thumb Code     0  startup_stm32h745xx_cm4.o(.text)
    LTDC_ER_IRQHandler                       0x08100353   Thumb Code     0  startup_stm32h745xx_cm4.o(.text)
    LTDC_IRQHandler                          0x08100353   Thumb Code     0  startup_stm32h745xx_cm4.o(.text)
    MDIOS_IRQHandler                         0x08100353   Thumb Code     0  startup_stm32h745xx_cm4.o(.text)
    MDIOS_WKUP_IRQHandler                    0x08100353   Thumb Code     0  startup_stm32h745xx_cm4.o(.text)
    MDMA_IRQHandler                          0x08100353   Thumb Code     0  startup_stm32h745xx_cm4.o(.text)
    OTG_FS_EP1_IN_IRQHandler                 0x08100353   Thumb Code     0  startup_stm32h745xx_cm4.o(.text)
    OTG_FS_EP1_OUT_IRQHandler                0x08100353   Thumb Code     0  startup_stm32h745xx_cm4.o(.text)
    OTG_FS_IRQHandler                        0x08100353   Thumb Code     0  startup_stm32h745xx_cm4.o(.text)
    OTG_FS_WKUP_IRQHandler                   0x08100353   Thumb Code     0  startup_stm32h745xx_cm4.o(.text)
    OTG_HS_EP1_IN_IRQHandler                 0x08100353   Thumb Code     0  startup_stm32h745xx_cm4.o(.text)
    OTG_HS_EP1_OUT_IRQHandler                0x08100353   Thumb Code     0  startup_stm32h745xx_cm4.o(.text)
    OTG_HS_IRQHandler                        0x08100353   Thumb Code     0  startup_stm32h745xx_cm4.o(.text)
    OTG_HS_WKUP_IRQHandler                   0x08100353   Thumb Code     0  startup_stm32h745xx_cm4.o(.text)
    PVD_AVD_IRQHandler                       0x08100353   Thumb Code     0  startup_stm32h745xx_cm4.o(.text)
    QUADSPI_IRQHandler                       0x08100353   Thumb Code     0  startup_stm32h745xx_cm4.o(.text)
    RCC_IRQHandler                           0x08100353   Thumb Code     0  startup_stm32h745xx_cm4.o(.text)
    RNG_IRQHandler                           0x08100353   Thumb Code     0  startup_stm32h745xx_cm4.o(.text)
    RTC_Alarm_IRQHandler                     0x08100353   Thumb Code     0  startup_stm32h745xx_cm4.o(.text)
    RTC_WKUP_IRQHandler                      0x08100353   Thumb Code     0  startup_stm32h745xx_cm4.o(.text)
    SAI1_IRQHandler                          0x08100353   Thumb Code     0  startup_stm32h745xx_cm4.o(.text)
    SAI2_IRQHandler                          0x08100353   Thumb Code     0  startup_stm32h745xx_cm4.o(.text)
    SAI3_IRQHandler                          0x08100353   Thumb Code     0  startup_stm32h745xx_cm4.o(.text)
    SAI4_IRQHandler                          0x08100353   Thumb Code     0  startup_stm32h745xx_cm4.o(.text)
    SDMMC1_IRQHandler                        0x08100353   Thumb Code     0  startup_stm32h745xx_cm4.o(.text)
    SDMMC2_IRQHandler                        0x08100353   Thumb Code     0  startup_stm32h745xx_cm4.o(.text)
    SPDIF_RX_IRQHandler                      0x08100353   Thumb Code     0  startup_stm32h745xx_cm4.o(.text)
    SPI1_IRQHandler                          0x08100353   Thumb Code     0  startup_stm32h745xx_cm4.o(.text)
    SPI2_IRQHandler                          0x08100353   Thumb Code     0  startup_stm32h745xx_cm4.o(.text)
    SPI3_IRQHandler                          0x08100353   Thumb Code     0  startup_stm32h745xx_cm4.o(.text)
    SPI4_IRQHandler                          0x08100353   Thumb Code     0  startup_stm32h745xx_cm4.o(.text)
    SPI5_IRQHandler                          0x08100353   Thumb Code     0  startup_stm32h745xx_cm4.o(.text)
    SPI6_IRQHandler                          0x08100353   Thumb Code     0  startup_stm32h745xx_cm4.o(.text)
    SWPMI1_IRQHandler                        0x08100353   Thumb Code     0  startup_stm32h745xx_cm4.o(.text)
    TAMP_STAMP_IRQHandler                    0x08100353   Thumb Code     0  startup_stm32h745xx_cm4.o(.text)
    TIM15_IRQHandler                         0x08100353   Thumb Code     0  startup_stm32h745xx_cm4.o(.text)
    TIM16_IRQHandler                         0x08100353   Thumb Code     0  startup_stm32h745xx_cm4.o(.text)
    TIM17_IRQHandler                         0x08100353   Thumb Code     0  startup_stm32h745xx_cm4.o(.text)
    TIM1_BRK_IRQHandler                      0x08100353   Thumb Code     0  startup_stm32h745xx_cm4.o(.text)
    TIM1_CC_IRQHandler                       0x08100353   Thumb Code     0  startup_stm32h745xx_cm4.o(.text)
    TIM1_TRG_COM_IRQHandler                  0x08100353   Thumb Code     0  startup_stm32h745xx_cm4.o(.text)
    TIM1_UP_IRQHandler                       0x08100353   Thumb Code     0  startup_stm32h745xx_cm4.o(.text)
    TIM2_IRQHandler                          0x08100353   Thumb Code     0  startup_stm32h745xx_cm4.o(.text)
    TIM3_IRQHandler                          0x08100353   Thumb Code     0  startup_stm32h745xx_cm4.o(.text)
    TIM4_IRQHandler                          0x08100353   Thumb Code     0  startup_stm32h745xx_cm4.o(.text)
    TIM5_IRQHandler                          0x08100353   Thumb Code     0  startup_stm32h745xx_cm4.o(.text)
    TIM6_DAC_IRQHandler                      0x08100353   Thumb Code     0  startup_stm32h745xx_cm4.o(.text)
    TIM7_IRQHandler                          0x08100353   Thumb Code     0  startup_stm32h745xx_cm4.o(.text)
    TIM8_BRK_TIM12_IRQHandler                0x08100353   Thumb Code     0  startup_stm32h745xx_cm4.o(.text)
    TIM8_CC_IRQHandler                       0x08100353   Thumb Code     0  startup_stm32h745xx_cm4.o(.text)
    TIM8_TRG_COM_TIM14_IRQHandler            0x08100353   Thumb Code     0  startup_stm32h745xx_cm4.o(.text)
    TIM8_UP_TIM13_IRQHandler                 0x08100353   Thumb Code     0  startup_stm32h745xx_cm4.o(.text)
    UART4_IRQHandler                         0x08100353   Thumb Code     0  startup_stm32h745xx_cm4.o(.text)
    UART5_IRQHandler                         0x08100353   Thumb Code     0  startup_stm32h745xx_cm4.o(.text)
    UART7_IRQHandler                         0x08100353   Thumb Code     0  startup_stm32h745xx_cm4.o(.text)
    UART8_IRQHandler                         0x08100353   Thumb Code     0  startup_stm32h745xx_cm4.o(.text)
    USART1_IRQHandler                        0x08100353   Thumb Code     0  startup_stm32h745xx_cm4.o(.text)
    USART2_IRQHandler                        0x08100353   Thumb Code     0  startup_stm32h745xx_cm4.o(.text)
    USART3_IRQHandler                        0x08100353   Thumb Code     0  startup_stm32h745xx_cm4.o(.text)
    USART6_IRQHandler                        0x08100353   Thumb Code     0  startup_stm32h745xx_cm4.o(.text)
    WAKEUP_PIN_IRQHandler                    0x08100353   Thumb Code     0  startup_stm32h745xx_cm4.o(.text)
    WWDG_IRQHandler                          0x08100353   Thumb Code     0  startup_stm32h745xx_cm4.o(.text)
    WWDG_RST_IRQHandler                      0x08100353   Thumb Code     0  startup_stm32h745xx_cm4.o(.text)
    __user_initial_stackheap                 0x08100355   Thumb Code     0  startup_stm32h745xx_cm4.o(.text)
    __aeabi_uldivmod                         0x08100379   Thumb Code     0  lludivv7m.o(.text)
    _ll_udiv                                 0x08100379   Thumb Code   238  lludivv7m.o(.text)
    __aeabi_memcpy4                          0x08100467   Thumb Code     0  rt_memcpy_w.o(.text)
    __aeabi_memcpy8                          0x08100467   Thumb Code     0  rt_memcpy_w.o(.text)
    __rt_memcpy_w                            0x08100467   Thumb Code   100  rt_memcpy_w.o(.text)
    _memcpy_lastbytes_aligned                0x081004af   Thumb Code     0  rt_memcpy_w.o(.text)
    __aeabi_memclr4                          0x081004cb   Thumb Code     0  rt_memclr_w.o(.text)
    __aeabi_memclr8                          0x081004cb   Thumb Code     0  rt_memclr_w.o(.text)
    __rt_memclr_w                            0x081004cb   Thumb Code    78  rt_memclr_w.o(.text)
    _memset_w                                0x081004cf   Thumb Code     0  rt_memclr_w.o(.text)
    __use_two_region_memory                  0x08100519   Thumb Code     2  heapauxi.o(.text)
    __rt_heap_escrow$2region                 0x0810051b   Thumb Code     2  heapauxi.o(.text)
    __rt_heap_expand$2region                 0x0810051d   Thumb Code     2  heapauxi.o(.text)
    __user_setup_stackheap                   0x0810051f   Thumb Code    74  sys_stackheap_outer.o(.text)
    exit                                     0x08100569   Thumb Code    18  exit.o(.text)
    __user_libspace                          0x0810057d   Thumb Code     8  libspace.o(.text)
    __user_perproc_libspace                  0x0810057d   Thumb Code     0  libspace.o(.text)
    __user_perthread_libspace                0x0810057d   Thumb Code     0  libspace.o(.text)
    _sys_exit                                0x08100585   Thumb Code     8  sys_exit.o(.text)
    __I$use$semihosting                      0x08100591   Thumb Code     0  use_no_semi.o(.text)
    __use_no_semihosting_swi                 0x08100591   Thumb Code     2  use_no_semi.o(.text)
    BusFault_Handler                         0x08100593   Thumb Code     2  stm32h7xx_it.o(i.BusFault_Handler)
    __semihosting_library_function           0x08100593   Thumb Code     0  indicate_semi.o(.text)
    DebugMon_Handler                         0x08100595   Thumb Code     2  stm32h7xx_it.o(i.DebugMon_Handler)
    FMC_SDRAM_Init                           0x08100a6d   Thumb Code   102  stm32h7xx_ll_fmc.o(i.FMC_SDRAM_Init)
    FMC_SDRAM_Timing_Init                    0x08100ad5   Thumb Code   154  stm32h7xx_ll_fmc.o(i.FMC_SDRAM_Timing_Init)
    HAL_Delay                                0x08100b79   Thumb Code    32  stm32h7xx_hal.o(i.HAL_Delay)
    HAL_ETH_Init                             0x08100b9d   Thumb Code   482  stm32h7xx_hal_eth.o(i.HAL_ETH_Init)
    HAL_ETH_MspInit                          0x08100da9   Thumb Code   344  stm32h7xx_hal_msp.o(i.HAL_ETH_MspInit)
    HAL_FDCAN_Init                           0x08100f25   Thumb Code   566  stm32h7xx_hal_fdcan.o(i.HAL_FDCAN_Init)
    HAL_FDCAN_MspInit                        0x08101165   Thumb Code   168  stm32h7xx_hal_msp.o(i.HAL_FDCAN_MspInit)
    HAL_GPIO_Init                            0x081012c5   Thumb Code   540  stm32h7xx_hal_gpio.o(i.HAL_GPIO_Init)
    HAL_GPIO_TogglePin                       0x08101511   Thumb Code    14  stm32h7xx_hal_gpio.o(i.HAL_GPIO_TogglePin)
    HAL_GPIO_WritePin                        0x0810151f   Thumb Code    10  stm32h7xx_hal_gpio.o(i.HAL_GPIO_WritePin)
    HAL_GetCurrentCPUID                      0x08101529   Thumb Code    20  stm32h7xx_hal_cortex.o(i.HAL_GetCurrentCPUID)
    HAL_GetREVID                             0x08101541   Thumb Code     8  stm32h7xx_hal.o(i.HAL_GetREVID)
    HAL_GetTick                              0x0810154d   Thumb Code     6  stm32h7xx_hal.o(i.HAL_GetTick)
    HAL_HSEM_ActivateNotification            0x08101559   Thumb Code    10  stm32h7xx_hal_hsem.o(i.HAL_HSEM_ActivateNotification)
    HAL_IncTick                              0x08101569   Thumb Code    12  stm32h7xx_hal.o(i.HAL_IncTick)
    HAL_Init                                 0x08101579   Thumb Code   114  stm32h7xx_hal.o(i.HAL_Init)
    HAL_InitTick                             0x08101605   Thumb Code    56  stm32h7xx_hal.o(i.HAL_InitTick)
    HAL_MMC_GetCardCSD                       0x08101645   Thumb Code   406  stm32h7xx_hal_mmc.o(i.HAL_MMC_GetCardCSD)
    HAL_MMC_Init                             0x081017e1   Thumb Code    58  stm32h7xx_hal_mmc.o(i.HAL_MMC_Init)
    HAL_MMC_InitCard                         0x0810181d   Thumb Code   208  stm32h7xx_hal_mmc.o(i.HAL_MMC_InitCard)
    HAL_MMC_MspInit                          0x081018fd   Thumb Code   148  stm32h7xx_hal_msp.o(i.HAL_MMC_MspInit)
    HAL_MspInit                              0x081019a5   Thumb Code    22  stm32h7xx_hal_msp.o(i.HAL_MspInit)
    HAL_NVIC_SetPriority                     0x081019c1   Thumb Code    60  stm32h7xx_hal_cortex.o(i.HAL_NVIC_SetPriority)
    HAL_NVIC_SetPriorityGrouping             0x08101a01   Thumb Code    26  stm32h7xx_hal_cortex.o(i.HAL_NVIC_SetPriorityGrouping)
    HAL_PCDEx_ActivateLPM                    0x08101a25   Thumb Code    34  stm32h7xx_hal_pcd_ex.o(i.HAL_PCDEx_ActivateLPM)
    HAL_PCD_Init                             0x08101a4d   Thumb Code   238  stm32h7xx_hal_pcd.o(i.HAL_PCD_Init)
    HAL_PCD_MspInit                          0x08101b3d   Thumb Code   112  stm32h7xx_hal_msp.o(i.HAL_PCD_MspInit)
    HAL_PWREx_ClearPendingEvent              0x08101bb9   Thumb Code    16  stm32h7xx_hal_pwr_ex.o(i.HAL_PWREx_ClearPendingEvent)
    HAL_PWREx_EnterSTOPMode                  0x08101bc9   Thumb Code   134  stm32h7xx_hal_pwr_ex.o(i.HAL_PWREx_EnterSTOPMode)
    HAL_QSPI_Init                            0x08101c59   Thumb Code   152  stm32h7xx_hal_qspi.o(i.HAL_QSPI_Init)
    HAL_QSPI_MspInit                         0x08101cf9   Thumb Code   194  stm32h7xx_hal_msp.o(i.HAL_QSPI_MspInit)
    HAL_RCCEx_GetD3PCLK1Freq                 0x08101dd1   Thumb Code    26  stm32h7xx_hal_rcc_ex.o(i.HAL_RCCEx_GetD3PCLK1Freq)
    HAL_RCCEx_GetPLL1ClockFreq               0x08101df5   Thumb Code   290  stm32h7xx_hal_rcc_ex.o(i.HAL_RCCEx_GetPLL1ClockFreq)
    HAL_RCCEx_GetPLL2ClockFreq               0x08101f31   Thumb Code   290  stm32h7xx_hal_rcc_ex.o(i.HAL_RCCEx_GetPLL2ClockFreq)
    HAL_RCCEx_GetPLL3ClockFreq               0x0810206d   Thumb Code   290  stm32h7xx_hal_rcc_ex.o(i.HAL_RCCEx_GetPLL3ClockFreq)
    HAL_RCCEx_GetPeriphCLKFreq               0x081021a9   Thumb Code   452  stm32h7xx_hal_rcc_ex.o(i.HAL_RCCEx_GetPeriphCLKFreq)
    HAL_RCC_GetHCLKFreq                      0x0810237d   Thumb Code    48  stm32h7xx_hal_rcc.o(i.HAL_RCC_GetHCLKFreq)
    HAL_RCC_GetPCLK1Freq                     0x081023bd   Thumb Code    26  stm32h7xx_hal_rcc.o(i.HAL_RCC_GetPCLK1Freq)
    HAL_RCC_GetPCLK2Freq                     0x081023e1   Thumb Code    26  stm32h7xx_hal_rcc.o(i.HAL_RCC_GetPCLK2Freq)
    HAL_RCC_GetSysClockFreq                  0x08102405   Thumb Code   270  stm32h7xx_hal_rcc.o(i.HAL_RCC_GetSysClockFreq)
    HAL_SAI_Init                             0x08102535   Thumb Code   804  stm32h7xx_hal_sai.o(i.HAL_SAI_Init)
    HAL_SAI_MspInit                          0x08102875   Thumb Code   136  stm32h7xx_hal_msp.o(i.HAL_SAI_MspInit)
    HAL_SDRAM_Init                           0x08102911   Thumb Code    76  stm32h7xx_hal_sdram.o(i.HAL_SDRAM_Init)
    HAL_SDRAM_MspInit                        0x08102961   Thumb Code     4  stm32h7xx_hal_msp.o(i.HAL_SDRAM_MspInit)
    HAL_SYSCFG_ETHInterfaceSelect            0x08102965   Thumb Code    14  stm32h7xx_hal.o(i.HAL_SYSCFG_ETHInterfaceSelect)
    HAL_SYSTICK_Config                       0x08102979   Thumb Code    40  stm32h7xx_hal_cortex.o(i.HAL_SYSTICK_Config)
    HAL_UARTEx_DisableFifoMode               0x081029a1   Thumb Code    62  stm32h7xx_hal_uart_ex.o(i.HAL_UARTEx_DisableFifoMode)
    HAL_UARTEx_SetRxFifoThreshold            0x081029df   Thumb Code    76  stm32h7xx_hal_uart_ex.o(i.HAL_UARTEx_SetRxFifoThreshold)
    HAL_UARTEx_SetTxFifoThreshold            0x08102a2b   Thumb Code    76  stm32h7xx_hal_uart_ex.o(i.HAL_UARTEx_SetTxFifoThreshold)
    HAL_UART_Init                            0x08102a77   Thumb Code   106  stm32h7xx_hal_uart.o(i.HAL_UART_Init)
    HAL_UART_MspInit                         0x08102ae1   Thumb Code    92  stm32h7xx_hal_msp.o(i.HAL_UART_MspInit)
    HardFault_Handler                        0x08102b49   Thumb Code     2  stm32h7xx_it.o(i.HardFault_Handler)
    MMC_ReadExtCSD                           0x08102c3d   Thumb Code   218  stm32h7xx_hal_mmc.o(i.MMC_ReadExtCSD)
    MemManage_Handler                        0x08103091   Thumb Code     2  stm32h7xx_it.o(i.MemManage_Handler)
    NMI_Handler                              0x08103093   Thumb Code     2  stm32h7xx_it.o(i.NMI_Handler)
    PendSV_Handler                           0x08103095   Thumb Code     2  stm32h7xx_it.o(i.PendSV_Handler)
    SDMMC_CmdBlockLength                     0x08103121   Thumb Code    50  stm32h7xx_ll_sdmmc.o(i.SDMMC_CmdBlockLength)
    SDMMC_CmdGoIdleState                     0x08103155   Thumb Code    74  stm32h7xx_ll_sdmmc.o(i.SDMMC_CmdGoIdleState)
    SDMMC_CmdOpCondition                     0x081031a9   Thumb Code    44  stm32h7xx_ll_sdmmc.o(i.SDMMC_CmdOpCondition)
    SDMMC_CmdSelDesel                        0x081031d5   Thumb Code    52  stm32h7xx_ll_sdmmc.o(i.SDMMC_CmdSelDesel)
    SDMMC_CmdSendCID                         0x08103209   Thumb Code    46  stm32h7xx_ll_sdmmc.o(i.SDMMC_CmdSendCID)
    SDMMC_CmdSendCSD                         0x08103237   Thumb Code    46  stm32h7xx_ll_sdmmc.o(i.SDMMC_CmdSendCSD)
    SDMMC_CmdSendEXTCSD                      0x08103265   Thumb Code    50  stm32h7xx_ll_sdmmc.o(i.SDMMC_CmdSendEXTCSD)
    SDMMC_CmdSendStatus                      0x08103297   Thumb Code    52  stm32h7xx_ll_sdmmc.o(i.SDMMC_CmdSendStatus)
    SDMMC_CmdSetRelAdd                       0x081032cb   Thumb Code    50  stm32h7xx_ll_sdmmc.o(i.SDMMC_CmdSetRelAdd)
    SDMMC_ConfigData                         0x081032fd   Thumb Code    36  stm32h7xx_ll_sdmmc.o(i.SDMMC_ConfigData)
    SDMMC_GetPowerState                      0x0810356d   Thumb Code     8  stm32h7xx_ll_sdmmc.o(i.SDMMC_GetPowerState)
    SDMMC_GetResponse                        0x08103575   Thumb Code     6  stm32h7xx_ll_sdmmc.o(i.SDMMC_GetResponse)
    SDMMC_Init                               0x0810357d   Thumb Code    28  stm32h7xx_ll_sdmmc.o(i.SDMMC_Init)
    SDMMC_PowerState_ON                      0x0810359d   Thumb Code    12  stm32h7xx_ll_sdmmc.o(i.SDMMC_PowerState_ON)
    SDMMC_ReadFIFO                           0x081035a9   Thumb Code     6  stm32h7xx_ll_sdmmc.o(i.SDMMC_ReadFIFO)
    SDMMC_SendCommand                        0x081035b1   Thumb Code    32  stm32h7xx_ll_sdmmc.o(i.SDMMC_SendCommand)
    SVC_Handler                              0x081035d5   Thumb Code     2  stm32h7xx_it.o(i.SVC_Handler)
    SysTick_Handler                          0x081035d7   Thumb Code     4  stm32h7xx_it.o(i.SysTick_Handler)
    SystemInit                               0x081035dd   Thumb Code    34  system_stm32h7xx_dualcore_boot_cm4_cm7.o(i.SystemInit)
    UART_AdvFeatureConfig                    0x08103669   Thumb Code   200  stm32h7xx_hal_uart.o(i.UART_AdvFeatureConfig)
    UART_CheckIdleState                      0x08103731   Thumb Code    94  stm32h7xx_hal_uart.o(i.UART_CheckIdleState)
    UART_SetConfig                           0x08103791   Thumb Code   884  stm32h7xx_hal_uart.o(i.UART_SetConfig)
    UART_WaitOnFlagUntilTimeout              0x08103b41   Thumb Code   164  stm32h7xx_hal_uart.o(i.UART_WaitOnFlagUntilTimeout)
    USB_CoreInit                             0x08103be5   Thumb Code   112  stm32h7xx_ll_usb.o(i.USB_CoreInit)
    USB_DevDisconnect                        0x08103c91   Thumb Code    24  stm32h7xx_ll_usb.o(i.USB_DevDisconnect)
    USB_DevInit                              0x08103ca9   Thumb Code   358  stm32h7xx_ll_usb.o(i.USB_DevInit)
    USB_DisableGlobalInt                     0x08103e19   Thumb Code    12  stm32h7xx_ll_usb.o(i.USB_DisableGlobalInt)
    USB_FlushRxFifo                          0x08103e25   Thumb Code    28  stm32h7xx_ll_usb.o(i.USB_FlushRxFifo)
    USB_FlushTxFifo                          0x08103e45   Thumb Code    32  stm32h7xx_ll_usb.o(i.USB_FlushTxFifo)
    USB_SetCurrentMode                       0x08103e69   Thumb Code    46  stm32h7xx_ll_usb.o(i.USB_SetCurrentMode)
    UsageFault_Handler                       0x08103e97   Thumb Code     2  stm32h7xx_it.o(i.UsageFault_Handler)
    main                                     0x08103eb9   Thumb Code   180  main.o(i.main)
    _fp_init                                 0x08103f8d   Thumb Code    10  fpinit.o(x$fpl$fpinit)
    __fplib_config_fpu_vfp                   0x08103f95   Thumb Code     0  fpinit.o(x$fpl$fpinit)
    __fplib_config_pureend_doubles           0x08103f95   Thumb Code     0  fpinit.o(x$fpl$fpinit)
    UARTPrescTable                           0x08103ff4   Data          24  stm32h7xx_hal_uart.o(.constdata)
    D1CorePrescTable                         0x0810400c   Data          16  system_stm32h7xx_dualcore_boot_cm4_cm7.o(.constdata)
    Region$$Table$$Base                      0x0810401c   Number         0  anon$$obj.o(Region$$Table)
    Region$$Table$$Limit                     0x0810403c   Number         0  anon$$obj.o(Region$$Table)
    uwTickFreq                               0x10000010   Data           1  stm32h7xx_hal.o(.data)
    uwTickPrio                               0x10000014   Data           4  stm32h7xx_hal.o(.data)
    uwTick                                   0x10000018   Data           4  stm32h7xx_hal.o(.data)
    SystemCoreClock                          0x1000001c   Data           4  system_stm32h7xx_dualcore_boot_cm4_cm7.o(.data)
    SystemD2Clock                            0x10000020   Data           4  system_stm32h7xx_dualcore_boot_cm4_cm7.o(.data)
    TxConfig                                 0x10000024   Data          52  main.o(.bss)
    heth                                     0x10000058   Data         112  main.o(.bss)
    hfdcan1                                  0x100000c8   Data         160  main.o(.bss)
    hfdcan2                                  0x10000168   Data         160  main.o(.bss)
    hqspi                                    0x10000208   Data          76  main.o(.bss)
    hsai_BlockA2                             0x10000254   Data         152  main.o(.bss)
    hsai_BlockB2                             0x100002ec   Data         152  main.o(.bss)
    hmmc1                                    0x10000384   Data         632  main.o(.bss)
    huart3                                   0x100005fc   Data         140  main.o(.bss)
    hpcd_USB_OTG_FS                          0x10000688   Data        1032  main.o(.bss)
    hsdram1                                  0x10000a90   Data          52  main.o(.bss)
    __libspace_start                         0x10000ac4   Data          96  libspace.o(.bss)
    __temporary_stack_top$libspace           0x10000b24   Data           0  libspace.o(.bss)
    DMARxDscrTab                             0x30040000   Data          96  main.o(.ARM.__AT_0x30040000)
    DMATxDscrTab                             0x30040060   Data          96  main.o(.ARM.__AT_0x30040060)
    Rx_Buff                                  0x30040200   Data        6112  main.o(.ARM.__AT_0x30040200)



==============================================================================

Memory Map of the image

  Image Entry point : 0x08100299

  Load Region LR_IROM1 (Base: 0x08100000, Size: 0x00004060, Max: 0x00100000, ABSOLUTE)

    Execution Region ER_IROM1 (Exec base: 0x08100000, Load base: 0x08100000, Size: 0x0000403c, Max: 0x00100000, ABSOLUTE)

    Exec Addr    Load Addr    Size         Type   Attr      Idx    E Section Name        Object

    0x08100000   0x08100000   0x00000298   Data   RO            3    RESET               startup_stm32h745xx_cm4.o
    0x08100298   0x08100298   0x00000008   Code   RO         6609  * !!!main             c_w.l(__main.o)
    0x081002a0   0x081002a0   0x00000034   Code   RO         6778    !!!scatter          c_w.l(__scatter.o)
    0x081002d4   0x081002d4   0x0000001a   Code   RO         6780    !!handler_copy      c_w.l(__scatter_copy.o)
    0x081002ee   0x081002ee   0x00000002   PAD
    0x081002f0   0x081002f0   0x0000001c   Code   RO         6782    !!handler_zi        c_w.l(__scatter_zi.o)
    0x0810030c   0x0810030c   0x00000002   Code   RO         6646    .ARM.Collect$$libinit$$00000000  c_w.l(libinit.o)
    0x0810030e   0x0810030e   0x00000004   Code   RO         6658    .ARM.Collect$$libinit$$00000001  c_w.l(libinit2.o)
    0x08100312   0x08100312   0x00000000   Code   RO         6661    .ARM.Collect$$libinit$$00000004  c_w.l(libinit2.o)
    0x08100312   0x08100312   0x00000000   Code   RO         6664    .ARM.Collect$$libinit$$0000000A  c_w.l(libinit2.o)
    0x08100312   0x08100312   0x00000000   Code   RO         6666    .ARM.Collect$$libinit$$0000000C  c_w.l(libinit2.o)
    0x08100312   0x08100312   0x00000000   Code   RO         6668    .ARM.Collect$$libinit$$0000000E  c_w.l(libinit2.o)
    0x08100312   0x08100312   0x00000000   Code   RO         6671    .ARM.Collect$$libinit$$00000011  c_w.l(libinit2.o)
    0x08100312   0x08100312   0x00000000   Code   RO         6673    .ARM.Collect$$libinit$$00000013  c_w.l(libinit2.o)
    0x08100312   0x08100312   0x00000000   Code   RO         6675    .ARM.Collect$$libinit$$00000015  c_w.l(libinit2.o)
    0x08100312   0x08100312   0x00000000   Code   RO         6677    .ARM.Collect$$libinit$$00000017  c_w.l(libinit2.o)
    0x08100312   0x08100312   0x00000000   Code   RO         6679    .ARM.Collect$$libinit$$00000019  c_w.l(libinit2.o)
    0x08100312   0x08100312   0x00000000   Code   RO         6681    .ARM.Collect$$libinit$$0000001B  c_w.l(libinit2.o)
    0x08100312   0x08100312   0x00000000   Code   RO         6683    .ARM.Collect$$libinit$$0000001D  c_w.l(libinit2.o)
    0x08100312   0x08100312   0x00000000   Code   RO         6685    .ARM.Collect$$libinit$$0000001F  c_w.l(libinit2.o)
    0x08100312   0x08100312   0x00000000   Code   RO         6687    .ARM.Collect$$libinit$$00000021  c_w.l(libinit2.o)
    0x08100312   0x08100312   0x00000000   Code   RO         6689    .ARM.Collect$$libinit$$00000023  c_w.l(libinit2.o)
    0x08100312   0x08100312   0x00000000   Code   RO         6691    .ARM.Collect$$libinit$$00000025  c_w.l(libinit2.o)
    0x08100312   0x08100312   0x00000000   Code   RO         6695    .ARM.Collect$$libinit$$0000002C  c_w.l(libinit2.o)
    0x08100312   0x08100312   0x00000000   Code   RO         6697    .ARM.Collect$$libinit$$0000002E  c_w.l(libinit2.o)
    0x08100312   0x08100312   0x00000000   Code   RO         6699    .ARM.Collect$$libinit$$00000030  c_w.l(libinit2.o)
    0x08100312   0x08100312   0x00000000   Code   RO         6701    .ARM.Collect$$libinit$$00000032  c_w.l(libinit2.o)
    0x08100312   0x08100312   0x00000002   Code   RO         6702    .ARM.Collect$$libinit$$00000033  c_w.l(libinit2.o)
    0x08100314   0x08100314   0x00000002   Code   RO         6733    .ARM.Collect$$libshutdown$$00000000  c_w.l(libshutdown.o)
    0x08100316   0x08100316   0x00000000   Code   RO         6759    .ARM.Collect$$libshutdown$$00000002  c_w.l(libshutdown2.o)
    0x08100316   0x08100316   0x00000000   Code   RO         6761    .ARM.Collect$$libshutdown$$00000004  c_w.l(libshutdown2.o)
    0x08100316   0x08100316   0x00000000   Code   RO         6763    .ARM.Collect$$libshutdown$$00000006  c_w.l(libshutdown2.o)
    0x08100316   0x08100316   0x00000000   Code   RO         6766    .ARM.Collect$$libshutdown$$00000009  c_w.l(libshutdown2.o)
    0x08100316   0x08100316   0x00000000   Code   RO         6769    .ARM.Collect$$libshutdown$$0000000C  c_w.l(libshutdown2.o)
    0x08100316   0x08100316   0x00000000   Code   RO         6771    .ARM.Collect$$libshutdown$$0000000E  c_w.l(libshutdown2.o)
    0x08100316   0x08100316   0x00000000   Code   RO         6774    .ARM.Collect$$libshutdown$$00000011  c_w.l(libshutdown2.o)
    0x08100316   0x08100316   0x00000002   Code   RO         6775    .ARM.Collect$$libshutdown$$00000012  c_w.l(libshutdown2.o)
    0x08100318   0x08100318   0x00000000   Code   RO         6611    .ARM.Collect$$rtentry$$00000000  c_w.l(__rtentry.o)
    0x08100318   0x08100318   0x00000000   Code   RO         6617    .ARM.Collect$$rtentry$$00000002  c_w.l(__rtentry2.o)
    0x08100318   0x08100318   0x00000006   Code   RO         6629    .ARM.Collect$$rtentry$$00000004  c_w.l(__rtentry4.o)
    0x0810031e   0x0810031e   0x00000000   Code   RO         6619    .ARM.Collect$$rtentry$$00000009  c_w.l(__rtentry2.o)
    0x0810031e   0x0810031e   0x00000004   Code   RO         6620    .ARM.Collect$$rtentry$$0000000A  c_w.l(__rtentry2.o)
    0x08100322   0x08100322   0x00000000   Code   RO         6622    .ARM.Collect$$rtentry$$0000000C  c_w.l(__rtentry2.o)
    0x08100322   0x08100322   0x00000008   Code   RO         6623    .ARM.Collect$$rtentry$$0000000D  c_w.l(__rtentry2.o)
    0x0810032a   0x0810032a   0x00000002   Code   RO         6650    .ARM.Collect$$rtexit$$00000000  c_w.l(rtexit.o)
    0x0810032c   0x0810032c   0x00000000   Code   RO         6706    .ARM.Collect$$rtexit$$00000002  c_w.l(rtexit2.o)
    0x0810032c   0x0810032c   0x00000004   Code   RO         6707    .ARM.Collect$$rtexit$$00000003  c_w.l(rtexit2.o)
    0x08100330   0x08100330   0x00000006   Code   RO         6708    .ARM.Collect$$rtexit$$00000004  c_w.l(rtexit2.o)
    0x08100336   0x08100336   0x00000002   PAD
    0x08100338   0x08100338   0x00000040   Code   RO            4    .text               startup_stm32h745xx_cm4.o
    0x08100378   0x08100378   0x000000ee   Code   RO         6601    .text               c_w.l(lludivv7m.o)
    0x08100466   0x08100466   0x00000064   Code   RO         6603    .text               c_w.l(rt_memcpy_w.o)
    0x081004ca   0x081004ca   0x0000004e   Code   RO         6605    .text               c_w.l(rt_memclr_w.o)
    0x08100518   0x08100518   0x00000006   Code   RO         6607    .text               c_w.l(heapauxi.o)
    0x0810051e   0x0810051e   0x0000004a   Code   RO         6633    .text               c_w.l(sys_stackheap_outer.o)
    0x08100568   0x08100568   0x00000012   Code   RO         6635    .text               c_w.l(exit.o)
    0x0810057a   0x0810057a   0x00000002   PAD
    0x0810057c   0x0810057c   0x00000008   Code   RO         6647    .text               c_w.l(libspace.o)
    0x08100584   0x08100584   0x0000000c   Code   RO         6703    .text               c_w.l(sys_exit.o)
    0x08100590   0x08100590   0x00000002   Code   RO         6722    .text               c_w.l(use_no_semi.o)
    0x08100592   0x08100592   0x00000000   Code   RO         6724    .text               c_w.l(indicate_semi.o)
    0x08100592   0x08100592   0x00000002   Code   RO          243    i.BusFault_Handler  stm32h7xx_it.o
    0x08100594   0x08100594   0x00000002   Code   RO          244    i.DebugMon_Handler  stm32h7xx_it.o
    0x08100596   0x08100596   0x000000d8   Code   RO         2997    i.ETH_MACDMAConfig  stm32h7xx_hal_eth.o
    0x0810066e   0x0810066e   0x00000002   PAD
    0x08100670   0x08100670   0x000000a0   Code   RO         2999    i.ETH_SetDMAConfig  stm32h7xx_hal_eth.o
    0x08100710   0x08100710   0x000001a8   Code   RO         3000    i.ETH_SetMACConfig  stm32h7xx_hal_eth.o
    0x081008b8   0x081008b8   0x000001b4   Code   RO         3437    i.FDCAN_CalcultateRamBlockAddresses  stm32h7xx_hal_fdcan.o
    0x08100a6c   0x08100a6c   0x00000066   Code   RO         4070    i.FMC_SDRAM_Init    stm32h7xx_ll_fmc.o
    0x08100ad2   0x08100ad2   0x00000002   PAD
    0x08100ad4   0x08100ad4   0x000000a4   Code   RO         4074    i.FMC_SDRAM_Timing_Init  stm32h7xx_ll_fmc.o
    0x08100b78   0x08100b78   0x00000024   Code   RO         1966    i.HAL_Delay         stm32h7xx_hal.o
    0x08100b9c   0x08100b9c   0x0000020c   Code   RO         3020    i.HAL_ETH_Init      stm32h7xx_hal_eth.o
    0x08100da8   0x08100da8   0x0000017c   Code   RO          319    i.HAL_ETH_MspInit   stm32h7xx_hal_msp.o
    0x08100f24   0x08100f24   0x00000240   Code   RO         3489    i.HAL_FDCAN_Init    stm32h7xx_hal_fdcan.o
    0x08101164   0x08101164   0x000000c0   Code   RO          321    i.HAL_FDCAN_MspInit  stm32h7xx_hal_msp.o
    0x08101224   0x08101224   0x000000a0   Code   RO          322    i.HAL_FMC_MspInit   stm32h7xx_hal_msp.o
    0x081012c4   0x081012c4   0x0000024c   Code   RO         1087    i.HAL_GPIO_Init     stm32h7xx_hal_gpio.o
    0x08101510   0x08101510   0x0000000e   Code   RO         1090    i.HAL_GPIO_TogglePin  stm32h7xx_hal_gpio.o
    0x0810151e   0x0810151e   0x0000000a   Code   RO         1091    i.HAL_GPIO_WritePin  stm32h7xx_hal_gpio.o
    0x08101528   0x08101528   0x00000018   Code   RO          445    i.HAL_GetCurrentCPUID  stm32h7xx_hal_cortex.o
    0x08101540   0x08101540   0x0000000c   Code   RO         1989    i.HAL_GetREVID      stm32h7xx_hal.o
    0x0810154c   0x0810154c   0x0000000c   Code   RO         1990    i.HAL_GetTick       stm32h7xx_hal.o
    0x08101558   0x08101558   0x00000010   Code   RO         1150    i.HAL_HSEM_ActivateNotification  stm32h7xx_hal_hsem.o
    0x08101568   0x08101568   0x00000010   Code   RO         1996    i.HAL_IncTick       stm32h7xx_hal.o
    0x08101578   0x08101578   0x0000008c   Code   RO         1997    i.HAL_Init          stm32h7xx_hal.o
    0x08101604   0x08101604   0x00000040   Code   RO         1998    i.HAL_InitTick      stm32h7xx_hal.o
    0x08101644   0x08101644   0x0000019c   Code   RO         5202    i.HAL_MMC_GetCardCSD  stm32h7xx_hal_mmc.o
    0x081017e0   0x081017e0   0x0000003a   Code   RO         5209    i.HAL_MMC_Init      stm32h7xx_hal_mmc.o
    0x0810181a   0x0810181a   0x00000002   PAD
    0x0810181c   0x0810181c   0x000000e0   Code   RO         5210    i.HAL_MMC_InitCard  stm32h7xx_hal_mmc.o
    0x081018fc   0x081018fc   0x000000a8   Code   RO          324    i.HAL_MMC_MspInit   stm32h7xx_hal_msp.o
    0x081019a4   0x081019a4   0x0000001c   Code   RO          325    i.HAL_MspInit       stm32h7xx_hal_msp.o
    0x081019c0   0x081019c0   0x00000040   Code   RO          457    i.HAL_NVIC_SetPriority  stm32h7xx_hal_cortex.o
    0x08101a00   0x08101a00   0x00000024   Code   RO          458    i.HAL_NVIC_SetPriorityGrouping  stm32h7xx_hal_cortex.o
    0x08101a24   0x08101a24   0x00000028   Code   RO         6194    i.HAL_PCDEx_ActivateLPM  stm32h7xx_hal_pcd_ex.o
    0x08101a4c   0x08101a4c   0x000000ee   Code   RO         5994    i.HAL_PCD_Init      stm32h7xx_hal_pcd.o
    0x08101b3a   0x08101b3a   0x00000002   PAD
    0x08101b3c   0x08101b3c   0x0000007c   Code   RO          327    i.HAL_PCD_MspInit   stm32h7xx_hal_msp.o
    0x08101bb8   0x08101bb8   0x00000010   Code   RO         1685    i.HAL_PWREx_ClearPendingEvent  stm32h7xx_hal_pwr_ex.o
    0x08101bc8   0x08101bc8   0x00000090   Code   RO         1709    i.HAL_PWREx_EnterSTOPMode  stm32h7xx_hal_pwr_ex.o
    0x08101c58   0x08101c58   0x000000a0   Code   RO         4391    i.HAL_QSPI_Init     stm32h7xx_hal_qspi.o
    0x08101cf8   0x08101cf8   0x000000d8   Code   RO          329    i.HAL_QSPI_MspInit  stm32h7xx_hal_msp.o
    0x08101dd0   0x08101dd0   0x00000024   Code   RO          703    i.HAL_RCCEx_GetD3PCLK1Freq  stm32h7xx_hal_rcc_ex.o
    0x08101df4   0x08101df4   0x0000013c   Code   RO          704    i.HAL_RCCEx_GetPLL1ClockFreq  stm32h7xx_hal_rcc_ex.o
    0x08101f30   0x08101f30   0x0000013c   Code   RO          705    i.HAL_RCCEx_GetPLL2ClockFreq  stm32h7xx_hal_rcc_ex.o
    0x0810206c   0x0810206c   0x0000013c   Code   RO          706    i.HAL_RCCEx_GetPLL3ClockFreq  stm32h7xx_hal_rcc_ex.o
    0x081021a8   0x081021a8   0x000001d4   Code   RO          708    i.HAL_RCCEx_GetPeriphCLKFreq  stm32h7xx_hal_rcc_ex.o
    0x0810237c   0x0810237c   0x00000040   Code   RO          592    i.HAL_RCC_GetHCLKFreq  stm32h7xx_hal_rcc.o
    0x081023bc   0x081023bc   0x00000024   Code   RO          594    i.HAL_RCC_GetPCLK1Freq  stm32h7xx_hal_rcc.o
    0x081023e0   0x081023e0   0x00000024   Code   RO          595    i.HAL_RCC_GetPCLK2Freq  stm32h7xx_hal_rcc.o
    0x08102404   0x08102404   0x00000130   Code   RO          596    i.HAL_RCC_GetSysClockFreq  stm32h7xx_hal_rcc.o
    0x08102534   0x08102534   0x00000340   Code   RO         4629    i.HAL_SAI_Init      stm32h7xx_hal_sai.o
    0x08102874   0x08102874   0x0000009c   Code   RO          331    i.HAL_SAI_MspInit   stm32h7xx_hal_msp.o
    0x08102910   0x08102910   0x00000050   Code   RO         4211    i.HAL_SDRAM_Init    stm32h7xx_hal_sdram.o
    0x08102960   0x08102960   0x00000004   Code   RO          333    i.HAL_SDRAM_MspInit  stm32h7xx_hal_msp.o
    0x08102964   0x08102964   0x00000014   Code   RO         2012    i.HAL_SYSCFG_ETHInterfaceSelect  stm32h7xx_hal.o
    0x08102978   0x08102978   0x00000028   Code   RO          462    i.HAL_SYSTICK_Config  stm32h7xx_hal_cortex.o
    0x081029a0   0x081029a0   0x0000003e   Code   RO         5880    i.HAL_UARTEx_DisableFifoMode  stm32h7xx_hal_uart_ex.o
    0x081029de   0x081029de   0x0000004c   Code   RO         5885    i.HAL_UARTEx_SetRxFifoThreshold  stm32h7xx_hal_uart_ex.o
    0x08102a2a   0x08102a2a   0x0000004c   Code   RO         5886    i.HAL_UARTEx_SetTxFifoThreshold  stm32h7xx_hal_uart_ex.o
    0x08102a76   0x08102a76   0x0000006a   Code   RO         5506    i.HAL_UART_Init     stm32h7xx_hal_uart.o
    0x08102ae0   0x08102ae0   0x00000068   Code   RO          335    i.HAL_UART_MspInit  stm32h7xx_hal_msp.o
    0x08102b48   0x08102b48   0x00000002   Code   RO          245    i.HardFault_Handler  stm32h7xx_it.o
    0x08102b4a   0x08102b4a   0x000000f2   Code   RO         5224    i.MMC_InitCard      stm32h7xx_hal_mmc.o
    0x08102c3c   0x08102c3c   0x000000e4   Code   RO         5225    i.MMC_ReadExtCSD    stm32h7xx_hal_mmc.o
    0x08102d20   0x08102d20   0x00000068   Code   RO           14    i.MX_ETH_Init       main.o
    0x08102d88   0x08102d88   0x00000054   Code   RO           15    i.MX_FDCAN1_Init    main.o
    0x08102ddc   0x08102ddc   0x00000054   Code   RO           16    i.MX_FDCAN2_Init    main.o
    0x08102e30   0x08102e30   0x00000054   Code   RO           17    i.MX_FMC_Init       main.o
    0x08102e84   0x08102e84   0x000000ec   Code   RO           18    i.MX_GPIO_Init      main.o
    0x08102f70   0x08102f70   0x000000a4   Code   RO           19    i.MX_SAI2_Init      main.o
    0x08103014   0x08103014   0x0000004c   Code   RO           20    i.MX_USART3_UART_Init  main.o
    0x08103060   0x08103060   0x00000030   Code   RO           21    i.MX_USB_OTG_FS_PCD_Init  main.o
    0x08103090   0x08103090   0x00000002   Code   RO          246    i.MemManage_Handler  stm32h7xx_it.o
    0x08103092   0x08103092   0x00000002   Code   RO          247    i.NMI_Handler       stm32h7xx_it.o
    0x08103094   0x08103094   0x00000002   Code   RO          248    i.PendSV_Handler    stm32h7xx_it.o
    0x08103096   0x08103096   0x00000048   Code   RO         4413    i.QSPI_WaitFlagStateUntilTimeout  stm32h7xx_hal_qspi.o
    0x081030de   0x081030de   0x00000002   PAD
    0x081030e0   0x081030e0   0x00000040   Code   RO         4649    i.SAI_Disable       stm32h7xx_hal_sai.o
    0x08103120   0x08103120   0x00000032   Code   RO         4907    i.SDMMC_CmdBlockLength  stm32h7xx_ll_sdmmc.o
    0x08103152   0x08103152   0x00000002   PAD
    0x08103154   0x08103154   0x00000054   Code   RO         4912    i.SDMMC_CmdGoIdleState  stm32h7xx_ll_sdmmc.o
    0x081031a8   0x081031a8   0x0000002c   Code   RO         4913    i.SDMMC_CmdOpCondition  stm32h7xx_ll_sdmmc.o
    0x081031d4   0x081031d4   0x00000034   Code   RO         4919    i.SDMMC_CmdSelDesel  stm32h7xx_ll_sdmmc.o
    0x08103208   0x08103208   0x0000002e   Code   RO         4920    i.SDMMC_CmdSendCID  stm32h7xx_ll_sdmmc.o
    0x08103236   0x08103236   0x0000002e   Code   RO         4921    i.SDMMC_CmdSendCSD  stm32h7xx_ll_sdmmc.o
    0x08103264   0x08103264   0x00000032   Code   RO         4922    i.SDMMC_CmdSendEXTCSD  stm32h7xx_ll_sdmmc.o
    0x08103296   0x08103296   0x00000034   Code   RO         4924    i.SDMMC_CmdSendStatus  stm32h7xx_ll_sdmmc.o
    0x081032ca   0x081032ca   0x00000032   Code   RO         4925    i.SDMMC_CmdSetRelAdd  stm32h7xx_ll_sdmmc.o
    0x081032fc   0x081032fc   0x00000024   Code   RO         4932    i.SDMMC_ConfigData  stm32h7xx_ll_sdmmc.o
    0x08103320   0x08103320   0x00000124   Code   RO         4933    i.SDMMC_GetCmdResp1  stm32h7xx_ll_sdmmc.o
    0x08103444   0x08103444   0x00000054   Code   RO         4934    i.SDMMC_GetCmdResp2  stm32h7xx_ll_sdmmc.o
    0x08103498   0x08103498   0x00000048   Code   RO         4935    i.SDMMC_GetCmdResp3  stm32h7xx_ll_sdmmc.o
    0x081034e0   0x081034e0   0x0000008c   Code   RO         4936    i.SDMMC_GetCmdResp6  stm32h7xx_ll_sdmmc.o
    0x0810356c   0x0810356c   0x00000008   Code   RO         4940    i.SDMMC_GetPowerState  stm32h7xx_ll_sdmmc.o
    0x08103574   0x08103574   0x00000006   Code   RO         4941    i.SDMMC_GetResponse  stm32h7xx_ll_sdmmc.o
    0x0810357a   0x0810357a   0x00000002   PAD
    0x0810357c   0x0810357c   0x00000020   Code   RO         4942    i.SDMMC_Init        stm32h7xx_ll_sdmmc.o
    0x0810359c   0x0810359c   0x0000000c   Code   RO         4945    i.SDMMC_PowerState_ON  stm32h7xx_ll_sdmmc.o
    0x081035a8   0x081035a8   0x00000006   Code   RO         4946    i.SDMMC_ReadFIFO    stm32h7xx_ll_sdmmc.o
    0x081035ae   0x081035ae   0x00000002   PAD
    0x081035b0   0x081035b0   0x00000024   Code   RO         4947    i.SDMMC_SendCommand  stm32h7xx_ll_sdmmc.o
    0x081035d4   0x081035d4   0x00000002   Code   RO          249    i.SVC_Handler       stm32h7xx_it.o
    0x081035d6   0x081035d6   0x00000004   Code   RO          250    i.SysTick_Handler   stm32h7xx_it.o
    0x081035da   0x081035da   0x00000002   PAD
    0x081035dc   0x081035dc   0x00000028   Code   RO         6566    i.SystemInit        system_stm32h7xx_dualcore_boot_cm4_cm7.o
    0x08103604   0x08103604   0x00000064   Code   RO         5890    i.UARTEx_SetNbDataToProcess  stm32h7xx_hal_uart_ex.o
    0x08103668   0x08103668   0x000000c8   Code   RO         5520    i.UART_AdvFeatureConfig  stm32h7xx_hal_uart.o
    0x08103730   0x08103730   0x0000005e   Code   RO         5521    i.UART_CheckIdleState  stm32h7xx_hal_uart.o
    0x0810378e   0x0810378e   0x00000002   PAD
    0x08103790   0x08103790   0x000003b0   Code   RO         5538    i.UART_SetConfig    stm32h7xx_hal_uart.o
    0x08103b40   0x08103b40   0x000000a4   Code   RO         5543    i.UART_WaitOnFlagUntilTimeout  stm32h7xx_hal_uart.o
    0x08103be4   0x08103be4   0x00000074   Code   RO         6270    i.USB_CoreInit      stm32h7xx_ll_usb.o
    0x08103c58   0x08103c58   0x00000038   Code   RO         6271    i.USB_CoreReset     stm32h7xx_ll_usb.o
    0x08103c90   0x08103c90   0x00000018   Code   RO         6276    i.USB_DevDisconnect  stm32h7xx_ll_usb.o
    0x08103ca8   0x08103ca8   0x00000170   Code   RO         6277    i.USB_DevInit       stm32h7xx_ll_usb.o
    0x08103e18   0x08103e18   0x0000000c   Code   RO         6278    i.USB_DisableGlobalInt  stm32h7xx_ll_usb.o
    0x08103e24   0x08103e24   0x00000020   Code   RO         6287    i.USB_FlushRxFifo   stm32h7xx_ll_usb.o
    0x08103e44   0x08103e44   0x00000024   Code   RO         6288    i.USB_FlushTxFifo   stm32h7xx_ll_usb.o
    0x08103e68   0x08103e68   0x0000002e   Code   RO         6306    i.USB_SetCurrentMode  stm32h7xx_ll_usb.o
    0x08103e96   0x08103e96   0x00000002   Code   RO          251    i.UsageFault_Handler  stm32h7xx_it.o
    0x08103e98   0x08103e98   0x00000020   Code   RO          464    i.__NVIC_SetPriority  stm32h7xx_hal_cortex.o
    0x08103eb8   0x08103eb8   0x000000d4   Code   RO           22    i.main              main.o
    0x08103f8c   0x08103f8c   0x0000000a   Code   RO         6718    x$fpl$fpinit        fz_wm.l(fpinit.o)
    0x08103f96   0x08103f96   0x00000002   PAD
    0x08103f98   0x08103f98   0x0000005c   Data   RO         3537    .constdata          stm32h7xx_hal_fdcan.o
    0x08103ff4   0x08103ff4   0x00000018   Data   RO         5544    .constdata          stm32h7xx_hal_uart.o
    0x0810400c   0x0810400c   0x00000010   Data   RO         6567    .constdata          system_stm32h7xx_dualcore_boot_cm4_cm7.o
    0x0810401c   0x0810401c   0x00000020   Data   RO         6776    Region$$Table       anon$$obj.o


    Execution Region RW_IRAM1 (Exec base: 0x10000000, Load base: 0x0810403c, Size: 0x00006b28, Max: 0x10048000, ABSOLUTE)

    Exec Addr    Load Addr    Size         Type   Attr      Idx    E Section Name        Object

    0x10000000   0x0810403c   0x00000010   Data   RW          336    .data               stm32h7xx_hal_msp.o
    0x10000010   0x0810404c   0x0000000c   Data   RW         2024    .data               stm32h7xx_hal.o
    0x1000001c   0x08104058   0x00000008   Data   RW         6568    .data               system_stm32h7xx_dualcore_boot_cm4_cm7.o
    0x10000024        -       0x00000aa0   Zero   RW           26    .bss                main.o
    0x10000ac4        -       0x00000060   Zero   RW         6648    .bss                c_w.l(libspace.o)
    0x10000b24   0x08104060   0x00000004   PAD
    0x10000b28        -       0x00002000   Zero   RW            2    HEAP                startup_stm32h745xx_cm4.o
    0x10002b28        -       0x00004000   Zero   RW            1    STACK               startup_stm32h745xx_cm4.o



  Load Region LR$$.ARM.__AT_0x30040000 (Base: 0x30040000, Size: 0x00000000, Max: 0x00000060, ABSOLUTE)

    Execution Region ER$$.ARM.__AT_0x30040000 (Exec base: 0x30040000, Load base: 0x30040000, Size: 0x00000060, Max: 0x00000060, ABSOLUTE, UNINIT)

    Exec Addr    Load Addr    Size         Type   Attr      Idx    E Section Name        Object

    0x30040000        -       0x00000060   Zero   RW           23    .ARM.__AT_0x30040000  main.o



  Load Region LR$$.ARM.__AT_0x30040060 (Base: 0x30040060, Size: 0x00000000, Max: 0x00000060, ABSOLUTE)

    Execution Region ER$$.ARM.__AT_0x30040060 (Exec base: 0x30040060, Load base: 0x30040060, Size: 0x00000060, Max: 0x00000060, ABSOLUTE, UNINIT)

    Exec Addr    Load Addr    Size         Type   Attr      Idx    E Section Name        Object

    0x30040060        -       0x00000060   Zero   RW           24    .ARM.__AT_0x30040060  main.o



  Load Region LR$$.ARM.__AT_0x30040200 (Base: 0x30040200, Size: 0x00000000, Max: 0x000017e0, ABSOLUTE)

    Execution Region ER$$.ARM.__AT_0x30040200 (Exec base: 0x30040200, Load base: 0x30040200, Size: 0x000017e0, Max: 0x000017e0, ABSOLUTE, UNINIT)

    Exec Addr    Load Addr    Size         Type   Attr      Idx    E Section Name        Object

    0x30040200        -       0x000017e0   Zero   RW           25    .ARM.__AT_0x30040200  main.o


==============================================================================

Image component sizes


      Code (inc. data)   RO Data    RW Data    ZI Data      Debug   Object Name

      1092        126          0          0       9024    1283346   main.o
        64         26        664          0      24576        876   startup_stm32h745xx_cm4.o
       300         58          0         12          0      32168   stm32h7xx_hal.o
       196         18          0          0          0      34024   stm32h7xx_hal_cortex.o
      1324         66          0          0          0       5839   stm32h7xx_hal_eth.o
      1012         20         92          0          0       4693   stm32h7xx_hal_fdcan.o
       612         48          0          0          0       3485   stm32h7xx_hal_gpio.o
        16          6          0          0          0        620   stm32h7xx_hal_hsem.o
      1164         32          0          0          0       5920   stm32h7xx_hal_mmc.o
      1532        180          0         16          0       8648   stm32h7xx_hal_msp.o
       238          0          0          0          0       1919   stm32h7xx_hal_pcd.o
        40          6          0          0          0       1298   stm32h7xx_hal_pcd_ex.o
       160         10          0          0          0       1504   stm32h7xx_hal_pwr_ex.o
       232          8          0          0          0       2882   stm32h7xx_hal_qspi.o
       440         70          0          0          0       3050   stm32h7xx_hal_rcc.o
      1452        110          0          0          0       5799   stm32h7xx_hal_rcc_ex.o
       896         40          0          0          0       3239   stm32h7xx_hal_sai.o
        80          4          0          0          0       1357   stm32h7xx_hal_sdram.o
      1508        102         24          0          0      24666   stm32h7xx_hal_uart.o
       314         18          0          0          0       3897   stm32h7xx_hal_uart_ex.o
        20          0          0          0          0       4466   stm32h7xx_it.o
       266         10          0          0          0       3049   stm32h7xx_ll_fmc.o
      1198         58          0          0          0      16852   stm32h7xx_ll_sdmmc.o
       690         28          0          0          0       7380   stm32h7xx_ll_usb.o
        40          6         16          8          0       1542   system_stm32h7xx_dualcore_boot_cm4_cm7.o

    ----------------------------------------------------------------------
     14906       1050        828         36      33600    1462519   Object Totals
         0          0         32          0          0          0   (incl. Generated)
        20          0          0          0          0          0   (incl. Padding)

    ----------------------------------------------------------------------

      Code (inc. data)   RO Data    RW Data    ZI Data      Debug   Library Member Name

         8          0          0          0          0         68   __main.o
         0          0          0          0          0          0   __rtentry.o
        12          0          0          0          0          0   __rtentry2.o
         6          0          0          0          0          0   __rtentry4.o
        52          8          0          0          0          0   __scatter.o
        26          0          0          0          0          0   __scatter_copy.o
        28          0          0          0          0          0   __scatter_zi.o
        18          0          0          0          0         80   exit.o
         6          0          0          0          0        152   heapauxi.o
         0          0          0          0          0          0   indicate_semi.o
         2          0          0          0          0          0   libinit.o
         6          0          0          0          0          0   libinit2.o
         2          0          0          0          0          0   libshutdown.o
         2          0          0          0          0          0   libshutdown2.o
         8          4          0          0         96         68   libspace.o
       238          0          0          0          0        100   lludivv7m.o
        78          0          0          0          0         80   rt_memclr_w.o
       100          0          0          0          0         80   rt_memcpy_w.o
         2          0          0          0          0          0   rtexit.o
        10          0          0          0          0          0   rtexit2.o
        12          4          0          0          0         68   sys_exit.o
        74          0          0          0          0         80   sys_stackheap_outer.o
         2          0          0          0          0         68   use_no_semi.o
        10          0          0          0          0        116   fpinit.o

    ----------------------------------------------------------------------
       710         16          0          0        100        960   Library Totals
         8          0          0          0          4          0   (incl. Padding)

    ----------------------------------------------------------------------

      Code (inc. data)   RO Data    RW Data    ZI Data      Debug   Library Name

       692         16          0          0         96        844   c_w.l
        10          0          0          0          0        116   fz_wm.l

    ----------------------------------------------------------------------
       710         16          0          0        100        960   Library Totals

    ----------------------------------------------------------------------

==============================================================================


      Code (inc. data)   RO Data    RW Data    ZI Data      Debug   

     15616       1066        828         36      33700    1452867   Grand Totals
     15616       1066        828         36      33700    1452867   ELF Image Totals
     15616       1066        828         36          0          0   ROM Totals

==============================================================================

    Total RO  Size (Code + RO Data)                16444 (  16.06kB)
    Total RW  Size (RW Data + ZI Data)             33736 (  32.95kB)
    Total ROM Size (Code + RO Data + RW Data)      16480 (  16.09kB)

==============================================================================

