Component: ARM Compiler 5.06 update 7 (build 960) Tool: armlink [4d3601]

==============================================================================

Section Cross References

    startup_stm32h745xx_cm7.o(STACK) refers (Special) to heapauxi.o(.text) for __use_two_region_memory
    startup_stm32h745xx_cm7.o(HEAP) refers (Special) to heapauxi.o(.text) for __use_two_region_memory
    startup_stm32h745xx_cm7.o(RESET) refers (Special) to heapauxi.o(.text) for __use_two_region_memory
    startup_stm32h745xx_cm7.o(RESET) refers to startup_stm32h745xx_cm7.o(STACK) for __initial_sp
    startup_stm32h745xx_cm7.o(RESET) refers to startup_stm32h745xx_cm7.o(.text) for Reset_Handler
    startup_stm32h745xx_cm7.o(RESET) refers to stm32h7xx_it_1.o(i.NMI_Handler) for NMI_Handler
    startup_stm32h745xx_cm7.o(RESET) refers to stm32h7xx_it_1.o(i.HardFault_Handler) for HardFault_Handler
    startup_stm32h745xx_cm7.o(RESET) refers to stm32h7xx_it_1.o(i.MemManage_Handler) for MemManage_Handler
    startup_stm32h745xx_cm7.o(RESET) refers to stm32h7xx_it_1.o(i.BusFault_Handler) for BusFault_Handler
    startup_stm32h745xx_cm7.o(RESET) refers to stm32h7xx_it_1.o(i.UsageFault_Handler) for UsageFault_Handler
    startup_stm32h745xx_cm7.o(RESET) refers to stm32h7xx_it_1.o(i.SVC_Handler) for SVC_Handler
    startup_stm32h745xx_cm7.o(RESET) refers to stm32h7xx_it_1.o(i.DebugMon_Handler) for DebugMon_Handler
    startup_stm32h745xx_cm7.o(RESET) refers to stm32h7xx_it_1.o(i.PendSV_Handler) for PendSV_Handler
    startup_stm32h745xx_cm7.o(RESET) refers to stm32h7xx_it_1.o(i.SysTick_Handler) for SysTick_Handler
    startup_stm32h745xx_cm7.o(RESET) refers to stm32h7xx_it_1.o(i.LTDC_IRQHandler) for LTDC_IRQHandler
    startup_stm32h745xx_cm7.o(RESET) refers to stm32h7xx_it_1.o(i.LTDC_ER_IRQHandler) for LTDC_ER_IRQHandler
    startup_stm32h745xx_cm7.o(.text) refers (Special) to heapauxi.o(.text) for __use_two_region_memory
    startup_stm32h745xx_cm7.o(.text) refers to system_stm32h7xx_dualcore_boot_cm4_cm7.o(i.SystemInit) for SystemInit
    startup_stm32h745xx_cm7.o(.text) refers to __main.o(!!!main) for __main
    startup_stm32h745xx_cm7.o(.text) refers to startup_stm32h745xx_cm7.o(HEAP) for Heap_Mem
    startup_stm32h745xx_cm7.o(.text) refers to startup_stm32h745xx_cm7.o(STACK) for Stack_Mem
    ltdc.o(i.TFT_DrawLine) refers to ltdc.o(i.TFT_DrawPixel) for TFT_DrawPixel
    ltdc.o(i.TFT_DrawPixel) refers to main_1.o(.bss) for hltdc
    ltdc.o(i.TFT_FillRectangle) refers to main_1.o(.bss) for hltdc
    ltdc.o(i.TFT_FillScreen) refers to main_1.o(.bss) for hltdc
    main_1.o(i.MX_GPIO_Init) refers to rt_memclr_w.o(.text) for __aeabi_memclr4
    main_1.o(i.MX_GPIO_Init) refers to stm32h7xx_hal_gpio.o(i.HAL_GPIO_WritePin) for HAL_GPIO_WritePin
    main_1.o(i.MX_GPIO_Init) refers to stm32h7xx_hal_gpio.o(i.HAL_GPIO_Init) for HAL_GPIO_Init
    main_1.o(i.MX_LTDC_Init) refers to rt_memclr_w.o(.text) for __aeabi_memclr4
    main_1.o(i.MX_LTDC_Init) refers to stm32h7xx_hal_ltdc.o(i.HAL_LTDC_Init) for HAL_LTDC_Init
    main_1.o(i.MX_LTDC_Init) refers to stm32h7xx_hal_ltdc.o(i.HAL_LTDC_ConfigLayer) for HAL_LTDC_ConfigLayer
    main_1.o(i.MX_LTDC_Init) refers to main_1.o(.bss) for .bss
    main_1.o(i.MX_LTDC_Init) refers to main_1.o(.data) for .data
    main_1.o(i.SystemClock_Config) refers to rt_memclr_w.o(.text) for __aeabi_memclr4
    main_1.o(i.SystemClock_Config) refers to stm32h7xx_hal_pwr_ex.o(i.HAL_PWREx_ConfigSupply) for HAL_PWREx_ConfigSupply
    main_1.o(i.SystemClock_Config) refers to stm32h7xx_hal_rcc.o(i.HAL_RCC_OscConfig) for HAL_RCC_OscConfig
    main_1.o(i.SystemClock_Config) refers to stm32h7xx_hal_rcc.o(i.HAL_RCC_ClockConfig) for HAL_RCC_ClockConfig
    main_1.o(i.SystemClock_Config) refers to stm32h7xx_hal_rcc_ex.o(i.HAL_RCCEx_PeriphCLKConfig) for HAL_RCCEx_PeriphCLKConfig
    main_1.o(i.SystemClock_Config) refers to stm32h7xx_hal_pwr_ex.o(i.HAL_PWREx_EnableUSBVoltageDetector) for HAL_PWREx_EnableUSBVoltageDetector
    main_1.o(i.main) refers to stm32h7xx_hal_cortex.o(i.HAL_MPU_Disable) for HAL_MPU_Disable
    main_1.o(i.main) refers to stm32h7xx_hal_cortex.o(i.HAL_MPU_ConfigRegion) for HAL_MPU_ConfigRegion
    main_1.o(i.main) refers to stm32h7xx_hal_cortex.o(i.HAL_MPU_Enable) for HAL_MPU_Enable
    main_1.o(i.main) refers to stm32h7xx_hal.o(i.HAL_Init) for HAL_Init
    main_1.o(i.main) refers to main_1.o(i.SystemClock_Config) for SystemClock_Config
    main_1.o(i.main) refers to stm32h7xx_hal_hsem.o(i.HAL_HSEM_FastTake) for HAL_HSEM_FastTake
    main_1.o(i.main) refers to stm32h7xx_hal_hsem.o(i.HAL_HSEM_Release) for HAL_HSEM_Release
    main_1.o(i.main) refers to main_1.o(i.MX_GPIO_Init) for MX_GPIO_Init
    main_1.o(i.main) refers to main_1.o(i.MX_LTDC_Init) for MX_LTDC_Init
    main_1.o(i.main) refers to ltdc.o(i.TFT_FillScreen) for TFT_FillScreen
    main_1.o(i.main) refers to stm32h7xx_hal_gpio.o(i.HAL_GPIO_TogglePin) for HAL_GPIO_TogglePin
    main_1.o(i.main) refers to stm32h7xx_hal.o(i.HAL_Delay) for HAL_Delay
[...]
    Removing stm32h7xx_hal_pwr_ex.o(i.HAL_PWREx_DisableBatteryCharging), (16 bytes).
    Removing stm32h7xx_hal_pwr_ex.o(i.HAL_PWREx_DisableBkUpReg), (56 bytes).
    Removing stm32h7xx_hal_pwr_ex.o(i.HAL_PWREx_DisableFlashPowerDown), (16 bytes).
    Removing stm32h7xx_hal_pwr_ex.o(i.HAL_PWREx_DisableMonitoring), (16 bytes).
    Removing stm32h7xx_hal_pwr_ex.o(i.HAL_PWREx_DisableUSBReg), (56 bytes).
    Removing stm32h7xx_hal_pwr_ex.o(i.HAL_PWREx_DisableUSBVoltageDetector), (16 bytes).
    Removing stm32h7xx_hal_pwr_ex.o(i.HAL_PWREx_DisableWakeUpPin), (16 bytes).
    Removing stm32h7xx_hal_pwr_ex.o(i.HAL_PWREx_EnableAVD), (16 bytes).
    Removing stm32h7xx_hal_pwr_ex.o(i.HAL_PWREx_EnableBatteryCharging), (28 bytes).
    Removing stm32h7xx_hal_pwr_ex.o(i.HAL_PWREx_EnableBkUpReg), (56 bytes).
    Removing stm32h7xx_hal_pwr_ex.o(i.HAL_PWREx_EnableFlashPowerDown), (16 bytes).
    Removing stm32h7xx_hal_pwr_ex.o(i.HAL_PWREx_EnableMonitoring), (16 bytes).
    Removing stm32h7xx_hal_pwr_ex.o(i.HAL_PWREx_EnableUSBReg), (56 bytes).
    Removing stm32h7xx_hal_pwr_ex.o(i.HAL_PWREx_EnableWakeUpPin), (112 bytes).
    Removing stm32h7xx_hal_pwr_ex.o(i.HAL_PWREx_EnterSTANDBYMode), (100 bytes).
    Removing stm32h7xx_hal_pwr_ex.o(i.HAL_PWREx_EnterSTOPMode), (148 bytes).
    Removing stm32h7xx_hal_pwr_ex.o(i.HAL_PWREx_GetStopModeVoltageRange), (16 bytes).
    Removing stm32h7xx_hal_pwr_ex.o(i.HAL_PWREx_GetSupplyConfig), (16 bytes).
    Removing stm32h7xx_hal_pwr_ex.o(i.HAL_PWREx_GetTemperatureLevel), (32 bytes).
    Removing stm32h7xx_hal_pwr_ex.o(i.HAL_PWREx_GetVBATLevel), (32 bytes).
    Removing stm32h7xx_hal_pwr_ex.o(i.HAL_PWREx_GetVoltageRange), (16 bytes).
    Removing stm32h7xx_hal_pwr_ex.o(i.HAL_PWREx_GetWakeupFlag), (12 bytes).
    Removing stm32h7xx_hal_pwr_ex.o(i.HAL_PWREx_HoldCore), (56 bytes).
    Removing stm32h7xx_hal_pwr_ex.o(i.HAL_PWREx_PVD_AVD_IRQHandler), (152 bytes).
    Removing stm32h7xx_hal_pwr_ex.o(i.HAL_PWREx_ReleaseCore), (28 bytes).
    Removing stm32h7xx_hal_pwr_ex.o(i.HAL_PWREx_WAKEUP_PIN_IRQHandler), (124 bytes).
    Removing stm32h7xx_hal_pwr_ex.o(i.HAL_PWREx_WKUP1_Callback), (2 bytes).
    Removing stm32h7xx_hal_pwr_ex.o(i.HAL_PWREx_WKUP2_Callback), (2 bytes).
    Removing stm32h7xx_hal_pwr_ex.o(i.HAL_PWREx_WKUP3_Callback), (2 bytes).
    Removing stm32h7xx_hal_pwr_ex.o(i.HAL_PWREx_WKUP4_Callback), (2 bytes).
    Removing stm32h7xx_hal_pwr_ex.o(i.HAL_PWREx_WKUP5_Callback), (2 bytes).
    Removing stm32h7xx_hal_pwr_ex.o(i.HAL_PWREx_WKUP6_Callback), (2 bytes).
    Removing stm32h7xx_hal.o(.rev16_text), (4 bytes).
    Removing stm32h7xx_hal.o(.revsh_text), (4 bytes).
    Removing stm32h7xx_hal.o(.rrx_text), (6 bytes).
    Removing stm32h7xx_hal.o(i.HAL_DBGMCU_DisableDBGSleepMode), (16 bytes).
    Removing stm32h7xx_hal.o(i.HAL_DBGMCU_DisableDBGStandbyMode), (16 bytes).
    Removing stm32h7xx_hal.o(i.HAL_DBGMCU_DisableDBGStopMode), (16 bytes).
    Removing stm32h7xx_hal.o(i.HAL_DBGMCU_EnableDBGSleepMode), (16 bytes).
    Removing stm32h7xx_hal.o(i.HAL_DBGMCU_EnableDBGStandbyMode), (16 bytes).
    Removing stm32h7xx_hal.o(i.HAL_DBGMCU_EnableDBGStopMode), (16 bytes).
    Removing stm32h7xx_hal.o(i.HAL_DeInit), (120 bytes).
    Removing stm32h7xx_hal.o(i.HAL_DisableCompensationCell), (16 bytes).
    Removing stm32h7xx_hal.o(i.HAL_DisableDomain2DBGSleepMode), (16 bytes).
    Removing stm32h7xx_hal.o(i.HAL_DisableDomain2DBGStandbyMode), (16 bytes).
    Removing stm32h7xx_hal.o(i.HAL_DisableDomain2DBGStopMode), (16 bytes).
    Removing stm32h7xx_hal.o(i.HAL_DisableDomain3DBGStandbyMode), (16 bytes).
    Removing stm32h7xx_hal.o(i.HAL_DisableDomain3DBGStopMode), (16 bytes).
    Removing stm32h7xx_hal.o(i.HAL_EXTI_D1_ClearFlag), (22 bytes).
    Removing stm32h7xx_hal.o(i.HAL_EXTI_D1_EventInputConfig), (66 bytes).
    Removing stm32h7xx_hal.o(i.HAL_EXTI_D2_ClearFlag), (22 bytes).
    Removing stm32h7xx_hal.o(i.HAL_EXTI_D2_EventInputConfig), (66 bytes).
    Removing stm32h7xx_hal.o(i.HAL_EXTI_D3_EventInputConfig), (70 bytes).
    Removing stm32h7xx_hal.o(i.HAL_EXTI_EdgeConfig), (58 bytes).
    Removing stm32h7xx_hal.o(i.HAL_EXTI_GenerateSWInterrupt), (24 bytes).
    Removing stm32h7xx_hal.o(i.HAL_EnableCompensationCell), (16 bytes).
    Removing stm32h7xx_hal.o(i.HAL_EnableDomain2DBGSleepMode), (16 bytes).
    Removing stm32h7xx_hal.o(i.HAL_EnableDomain2DBGStandbyMode), (16 bytes).
    Removing stm32h7xx_hal.o(i.HAL_EnableDomain2DBGStopMode), (16 bytes).
    Removing stm32h7xx_hal.o(i.HAL_EnableDomain3DBGStandbyMode), (16 bytes).
    Removing stm32h7xx_hal.o(i.HAL_EnableDomain3DBGStopMode), (16 bytes).
    Removing stm32h7xx_hal.o(i.HAL_GetDEVID), (16 bytes).
    Removing stm32h7xx_hal.o(i.HAL_GetFMCMemorySwappingConfig), (16 bytes).
    Removing stm32h7xx_hal.o(i.HAL_GetHalVersion), (8 bytes).
    Removing stm32h7xx_hal.o(i.HAL_GetTickFreq), (12 bytes).
    Removing stm32h7xx_hal.o(i.HAL_GetTickPrio), (12 bytes).
    Removing stm32h7xx_hal.o(i.HAL_GetUIDw0), (12 bytes).
    Removing stm32h7xx_hal.o(i.HAL_GetUIDw1), (12 bytes).
    Removing stm32h7xx_hal.o(i.HAL_GetUIDw2), (12 bytes).
    Removing stm32h7xx_hal.o(i.HAL_MspDeInit), (2 bytes).
    Removing stm32h7xx_hal.o(i.HAL_MspInit), (2 bytes).
    Removing stm32h7xx_hal.o(i.HAL_ResumeTick), (14 bytes).
    Removing stm32h7xx_hal.o(i.HAL_SYSCFG_AnalogSwitchConfig), (16 bytes).
    Removing stm32h7xx_hal.o(i.HAL_SYSCFG_CM4BootAddConfig), (36 bytes).
    Removing stm32h7xx_hal.o(i.HAL_SYSCFG_CM7BootAddConfig), (36 bytes).
    Removing stm32h7xx_hal.o(i.HAL_SYSCFG_CompensationCodeConfig), (24 bytes).
    Removing stm32h7xx_hal.o(i.HAL_SYSCFG_CompensationCodeSelect), (20 bytes).
    Removing stm32h7xx_hal.o(i.HAL_SYSCFG_DisableBOOST), (16 bytes).
    Removing stm32h7xx_hal.o(i.HAL_SYSCFG_DisableCM4BOOT), (16 bytes).
    Removing stm32h7xx_hal.o(i.HAL_SYSCFG_DisableCM7BOOT), (16 bytes).
    Removing stm32h7xx_hal.o(i.HAL_SYSCFG_DisableIOSpeedOptimize), (16 bytes).
    Removing stm32h7xx_hal.o(i.HAL_SYSCFG_DisableVREFBUF), (16 bytes).
    Removing stm32h7xx_hal.o(i.HAL_SYSCFG_ETHInterfaceSelect), (20 bytes).
    Removing stm32h7xx_hal.o(i.HAL_SYSCFG_EnableBOOST), (16 bytes).
    Removing stm32h7xx_hal.o(i.HAL_SYSCFG_EnableCM4BOOT), (16 bytes).
    Removing stm32h7xx_hal.o(i.HAL_SYSCFG_EnableCM7BOOT), (16 bytes).
    Removing stm32h7xx_hal.o(i.HAL_SYSCFG_EnableIOSpeedOptimize), (16 bytes).
    Removing stm32h7xx_hal.o(i.HAL_SYSCFG_EnableVREFBUF), (48 bytes).
    Removing stm32h7xx_hal.o(i.HAL_SYSCFG_VREFBUF_HighImpedanceConfig), (20 bytes).
    Removing stm32h7xx_hal.o(i.HAL_SYSCFG_VREFBUF_TrimmingConfig), (20 bytes).
    Removing stm32h7xx_hal.o(i.HAL_SYSCFG_VREFBUF_VoltageScalingConfig), (20 bytes).
    Removing stm32h7xx_hal.o(i.HAL_SetFMCMemorySwappingConfig), (20 bytes).
    Removing stm32h7xx_hal.o(i.HAL_SetTickFreq), (36 bytes).
    Removing stm32h7xx_hal.o(i.HAL_SuspendTick), (14 bytes).
    Removing stm32h7xx_hal_i2c.o(.rev16_text), (4 bytes).
    Removing stm32h7xx_hal_i2c.o(.revsh_text), (4 bytes).
    Removing stm32h7xx_hal_i2c.o(.rrx_text), (6 bytes).
    Removing stm32h7xx_hal_i2c.o(i.HAL_I2C_AbortCpltCallback), (2 bytes).
    Removing stm32h7xx_hal_i2c.o(i.HAL_I2C_AddrCallback), (2 bytes).
    Removing stm32h7xx_hal_i2c.o(i.HAL_I2C_DeInit), (52 bytes).
    Removing stm32h7xx_hal_i2c.o(i.HAL_I2C_DisableListen_IT), (54 bytes).
    Removing stm32h7xx_hal_i2c.o(i.HAL_I2C_ER_IRQHandler), (104 bytes).
    Removing stm32h7xx_hal_i2c.o(i.HAL_I2C_EV_IRQHandler), (16 bytes).
    Removing stm32h7xx_hal_i2c.o(i.HAL_I2C_EnableListen_IT), (40 bytes).
    Removing stm32h7xx_hal_i2c.o(i.HAL_I2C_ErrorCallback), (2 bytes).
    Removing stm32h7xx_hal_i2c.o(i.HAL_I2C_GetError), (4 bytes).
    Removing stm32h7xx_hal_i2c.o(i.HAL_I2C_GetMode), (6 bytes).
    Removing stm32h7xx_hal_i2c.o(i.HAL_I2C_GetState), (6 bytes).
    Removing stm32h7xx_hal_i2c.o(i.HAL_I2C_Init), (184 bytes).
    Removing stm32h7xx_hal_i2c.o(i.HAL_I2C_IsDeviceReady), (304 bytes).
    Removing stm32h7xx_hal_i2c.o(i.HAL_I2C_ListenCpltCallback), (2 bytes).
    Removing stm32h7xx_hal_i2c.o(i.HAL_I2C_MasterRxCpltCallback), (2 bytes).
    Removing stm32h7xx_hal_i2c.o(i.HAL_I2C_MasterTxCpltCallback), (2 bytes).
    Removing stm32h7xx_hal_i2c.o(i.HAL_I2C_Master_Abort_IT), (124 bytes).
    Removing stm32h7xx_hal_i2c.o(i.HAL_I2C_Master_Receive), (292 bytes).
    Removing stm32h7xx_hal_i2c.o(i.HAL_I2C_Master_Receive_DMA), (300 bytes).
    Removing stm32h7xx_hal_i2c.o(i.HAL_I2C_Master_Receive_IT), (132 bytes).
    Removing stm32h7xx_hal_i2c.o(i.HAL_I2C_Master_Seq_Receive_DMA), (324 bytes).
    Removing stm32h7xx_hal_i2c.o(i.HAL_I2C_Master_Seq_Receive_IT), (160 bytes).
    Removing stm32h7xx_hal_i2c.o(i.HAL_I2C_Master_Seq_Transmit_DMA), (324 bytes).
    Removing stm32h7xx_hal_i2c.o(i.HAL_I2C_Master_Seq_Transmit_IT), (160 bytes).
    Removing stm32h7xx_hal_i2c.o(i.HAL_I2C_Master_Transmit), (292 bytes).
    Removing stm32h7xx_hal_i2c.o(i.HAL_I2C_Master_Transmit_DMA), (308 bytes).
    Removing stm32h7xx_hal_i2c.o(i.HAL_I2C_Master_Transmit_IT), (132 bytes).
    Removing stm32h7xx_hal_i2c.o(i.HAL_I2C_MemRxCpltCallback), (2 bytes).
    Removing stm32h7xx_hal_i2c.o(i.HAL_I2C_MemTxCpltCallback), (2 bytes).
    Removing stm32h7xx_hal_i2c.o(i.HAL_I2C_Mem_Read), (356 bytes).
    Removing stm32h7xx_hal_i2c.o(i.HAL_I2C_Mem_Read_DMA), (304 bytes).
    Removing stm32h7xx_hal_i2c.o(i.HAL_I2C_Mem_Read_IT), (196 bytes).
    Removing stm32h7xx_hal_i2c.o(i.HAL_I2C_Mem_Write), (344 bytes).
    Removing stm32h7xx_hal_i2c.o(i.HAL_I2C_Mem_Write_DMA), (296 bytes).
    Removing stm32h7xx_hal_i2c.o(i.HAL_I2C_Mem_Write_IT), (188 bytes).
    Removing stm32h7xx_hal_i2c.o(i.HAL_I2C_MspDeInit), (2 bytes).
    Removing stm32h7xx_hal_i2c.o(i.HAL_I2C_MspInit), (2 bytes).
    Removing stm32h7xx_hal_i2c.o(i.HAL_I2C_SlaveRxCpltCallback), (2 bytes).
    Removing stm32h7xx_hal_i2c.o(i.HAL_I2C_SlaveTxCpltCallback), (2 bytes).
    Removing stm32h7xx_hal_i2c.o(i.HAL_I2C_Slave_Receive), (296 bytes).
    Removing stm32h7xx_hal_i2c.o(i.HAL_I2C_Slave_Receive_DMA), (232 bytes).
    Removing stm32h7xx_hal_i2c.o(i.HAL_I2C_Slave_Receive_IT), (96 bytes).
    Removing stm32h7xx_hal_i2c.o(i.HAL_I2C_Slave_Seq_Receive_DMA), (360 bytes).
    Removing stm32h7xx_hal_i2c.o(i.HAL_I2C_Slave_Seq_Receive_IT), (200 bytes).
    Removing stm32h7xx_hal_i2c.o(i.HAL_I2C_Slave_Seq_Transmit_DMA), (356 bytes).
    Removing stm32h7xx_hal_i2c.o(i.HAL_I2C_Slave_Seq_Transmit_IT), (200 bytes).
    Removing stm32h7xx_hal_i2c.o(i.HAL_I2C_Slave_Transmit), (304 bytes).
    Removing stm32h7xx_hal_i2c.o(i.HAL_I2C_Slave_Transmit_DMA), (224 bytes).
    Removing stm32h7xx_hal_i2c.o(i.HAL_I2C_Slave_Transmit_IT), (96 bytes).
    Removing stm32h7xx_hal_i2c.o(i.I2C_ConvertOtherXferOptions), (26 bytes).
    Removing stm32h7xx_hal_i2c.o(i.I2C_DMAAbort), (20 bytes).
    Removing stm32h7xx_hal_i2c.o(i.I2C_DMAError), (332 bytes).
    Removing stm32h7xx_hal_i2c.o(i.I2C_DMAMasterReceiveCplt), (82 bytes).
    Removing stm32h7xx_hal_i2c.o(i.I2C_DMAMasterTransmitCplt), (82 bytes).
    Removing stm32h7xx_hal_i2c.o(i.I2C_DMASlaveReceiveCplt), (164 bytes).
    Removing stm32h7xx_hal_i2c.o(i.I2C_DMASlaveTransmitCplt), (30 bytes).
    Removing stm32h7xx_hal_i2c.o(i.I2C_Disable_IRQ), (96 bytes).
    Removing stm32h7xx_hal_i2c.o(i.I2C_Enable_IRQ), (104 bytes).
    Removing stm32h7xx_hal_i2c.o(i.I2C_Flush_TXDR), (34 bytes).
    Removing stm32h7xx_hal_i2c.o(i.I2C_ITAddrCplt), (148 bytes).
    Removing stm32h7xx_hal_i2c.o(i.I2C_ITError), (248 bytes).
    Removing stm32h7xx_hal_i2c.o(i.I2C_ITListenCplt), (100 bytes).
    Removing stm32h7xx_hal_i2c.o(i.I2C_ITMasterCplt), (244 bytes).
    Removing stm32h7xx_hal_i2c.o(i.I2C_ITMasterSeqCplt), (80 bytes).
    Removing stm32h7xx_hal_i2c.o(i.I2C_ITSlaveCplt), (460 bytes).
    Removing stm32h7xx_hal_i2c.o(i.I2C_ITSlaveSeqCplt), (114 bytes).
    Removing stm32h7xx_hal_i2c.o(i.I2C_IsAcknowledgeFailed), (136 bytes).
    Removing stm32h7xx_hal_i2c.o(i.I2C_Master_ISR_DMA), (272 bytes).
    Removing stm32h7xx_hal_i2c.o(i.I2C_Master_ISR_IT), (296 bytes).
    Removing stm32h7xx_hal_i2c.o(i.I2C_RequestMemoryRead), (100 bytes).
    Removing stm32h7xx_hal_i2c.o(i.I2C_RequestMemoryWrite), (100 bytes).
    Removing stm32h7xx_hal_i2c.o(i.I2C_Slave_ISR_DMA), (532 bytes).
    Removing stm32h7xx_hal_i2c.o(i.I2C_Slave_ISR_IT), (288 bytes).
    Removing stm32h7xx_hal_i2c.o(i.I2C_TransferConfig), (44 bytes).
    Removing stm32h7xx_hal_i2c.o(i.I2C_TreatErrorCallback), (42 bytes).
    Removing stm32h7xx_hal_i2c.o(i.I2C_WaitOnFlagUntilTimeout), (90 bytes).
    Removing stm32h7xx_hal_i2c.o(i.I2C_WaitOnRXNEFlagUntilTimeout), (136 bytes).
    Removing stm32h7xx_hal_i2c.o(i.I2C_WaitOnSTOPFlagUntilTimeout), (78 bytes).
    Removing stm32h7xx_hal_i2c.o(i.I2C_WaitOnTXISFlagUntilTimeout), (82 bytes).
    Removing stm32h7xx_hal_i2c_ex.o(.rev16_text), (4 bytes).
    Removing stm32h7xx_hal_i2c_ex.o(.revsh_text), (4 bytes).
    Removing stm32h7xx_hal_i2c_ex.o(.rrx_text), (6 bytes).
    Removing stm32h7xx_hal_i2c_ex.o(i.HAL_I2CEx_ConfigAnalogFilter), (88 bytes).
    Removing stm32h7xx_hal_i2c_ex.o(i.HAL_I2CEx_ConfigDigitalFilter), (84 bytes).
    Removing stm32h7xx_hal_i2c_ex.o(i.HAL_I2CEx_DisableFastModePlus), (40 bytes).
    Removing stm32h7xx_hal_i2c_ex.o(i.HAL_I2CEx_DisableWakeUp), (80 bytes).
    Removing stm32h7xx_hal_i2c_ex.o(i.HAL_I2CEx_EnableFastModePlus), (40 bytes).
    Removing stm32h7xx_hal_i2c_ex.o(i.HAL_I2CEx_EnableWakeUp), (80 bytes).
    Removing stm32h7xx_hal_exti.o(.rev16_text), (4 bytes).
    Removing stm32h7xx_hal_exti.o(.revsh_text), (4 bytes).
    Removing stm32h7xx_hal_exti.o(.rrx_text), (6 bytes).
    Removing stm32h7xx_hal_exti.o(i.HAL_EXTI_ClearConfigLine), (228 bytes).
    Removing stm32h7xx_hal_exti.o(i.HAL_EXTI_ClearPending), (48 bytes).
    Removing stm32h7xx_hal_exti.o(i.HAL_EXTI_GenerateSWI), (28 bytes).
    Removing stm32h7xx_hal_exti.o(i.HAL_EXTI_GetConfigLine), (288 bytes).
    Removing stm32h7xx_hal_exti.o(i.HAL_EXTI_GetHandle), (12 bytes).
    Removing stm32h7xx_hal_exti.o(i.HAL_EXTI_GetPending), (52 bytes).
    Removing stm32h7xx_hal_exti.o(i.HAL_EXTI_IRQHandler), (64 bytes).
    Removing stm32h7xx_hal_exti.o(i.HAL_EXTI_RegisterCallback), (18 bytes).
    Removing stm32h7xx_hal_exti.o(i.HAL_EXTI_SetConfigLine), (316 bytes).
    Removing stm32h7xx_hal_tim.o(.rev16_text), (4 bytes).
    Removing stm32h7xx_hal_tim.o(.revsh_text), (4 bytes).
    Removing stm32h7xx_hal_tim.o(.rrx_text), (6 bytes).
    Removing stm32h7xx_hal_tim_ex.o(.rev16_text), (4 bytes).
    Removing stm32h7xx_hal_tim_ex.o(.revsh_text), (4 bytes).
    Removing stm32h7xx_hal_tim_ex.o(.rrx_text), (6 bytes).
    Removing system_stm32h7xx_dualcore_boot_cm4_cm7.o(.rev16_text), (4 bytes).
    Removing system_stm32h7xx_dualcore_boot_cm4_cm7.o(.revsh_text), (4 bytes).
    Removing system_stm32h7xx_dualcore_boot_cm4_cm7.o(.rrx_text), (6 bytes).
    Removing system_stm32h7xx_dualcore_boot_cm4_cm7.o(i.SystemCoreClockUpdate), (328 bytes).

465 unused section(s) (total 41980 bytes) removed from the image.

==============================================================================

Image Symbol Table

    Local Symbols

    Symbol Name                              Value     Ov Type        Size  Object(Section)

    ../CM7/Core/Src/main.c                   0x00000000   Number         0  main_1.o ABSOLUTE
    ../CM7/Core/Src/stm32h7xx_hal_msp.c      0x00000000   Number         0  stm32h7xx_hal_msp_1.o ABSOLUTE
    ../CM7/Core/Src/stm32h7xx_it.c           0x00000000   Number         0  stm32h7xx_it_1.o ABSOLUTE
    ../Common/Src/system_stm32h7xx_dualcore_boot_cm4_cm7.c 0x00000000   Number         0  system_stm32h7xx_dualcore_boot_cm4_cm7.o ABSOLUTE
    ../Drivers/STM32H7xx_HAL_Driver/Src/stm32h7xx_hal.c 0x00000000   Number         0  stm32h7xx_hal.o ABSOLUTE
    ../Drivers/STM32H7xx_HAL_Driver/Src/stm32h7xx_hal_cortex.c 0x00000000   Number         0  stm32h7xx_hal_cortex.o ABSOLUTE
    ../Drivers/STM32H7xx_HAL_Driver/Src/stm32h7xx_hal_dma.c 0x00000000   Number         0  stm32h7xx_hal_dma.o ABSOLUTE
    ../Drivers/STM32H7xx_HAL_Driver/Src/stm32h7xx_hal_dma_ex.c 0x00000000   Number         0  stm32h7xx_hal_dma_ex.o ABSOLUTE
    ../Drivers/STM32H7xx_HAL_Driver/Src/stm32h7xx_hal_exti.c 0x00000000   Number         0  stm32h7xx_hal_exti.o ABSOLUTE
    ../Drivers/STM32H7xx_HAL_Driver/Src/stm32h7xx_hal_flash.c 0x00000000   Number         0  stm32h7xx_hal_flash.o ABSOLUTE
    ../Drivers/STM32H7xx_HAL_Driver/Src/stm32h7xx_hal_flash_ex.c 0x00000000   Number         0  stm32h7xx_hal_flash_ex.o ABSOLUTE
    ../Drivers/STM32H7xx_HAL_Driver/Src/stm32h7xx_hal_gpio.c 0x00000000   Number         0  stm32h7xx_hal_gpio.o ABSOLUTE
    ../Drivers/STM32H7xx_HAL_Driver/Src/stm32h7xx_hal_hsem.c 0x00000000   Number         0  stm32h7xx_hal_hsem.o ABSOLUTE
    ../Drivers/STM32H7xx_HAL_Driver/Src/stm32h7xx_hal_i2c.c 0x00000000   Number         0  stm32h7xx_hal_i2c.o ABSOLUTE
    ../Drivers/STM32H7xx_HAL_Driver/Src/stm32h7xx_hal_i2c_ex.c 0x00000000   Number         0  stm32h7xx_hal_i2c_ex.o ABSOLUTE
    ../Drivers/STM32H7xx_HAL_Driver/Src/stm32h7xx_hal_ltdc.c 0x00000000   Number         0  stm32h7xx_hal_ltdc.o ABSOLUTE
    ../Drivers/STM32H7xx_HAL_Driver/Src/stm32h7xx_hal_ltdc_ex.c 0x00000000   Number         0  stm32h7xx_hal_ltdc_ex.o ABSOLUTE
    ../Drivers/STM32H7xx_HAL_Driver/Src/stm32h7xx_hal_mdma.c 0x00000000   Number         0  stm32h7xx_hal_mdma.o ABSOLUTE
    ../Drivers/STM32H7xx_HAL_Driver/Src/stm32h7xx_hal_pwr.c 0x00000000   Number         0  stm32h7xx_hal_pwr.o ABSOLUTE
    ../Drivers/STM32H7xx_HAL_Driver/Src/stm32h7xx_hal_pwr_ex.c 0x00000000   Number         0  stm32h7xx_hal_pwr_ex.o ABSOLUTE
    ../Drivers/STM32H7xx_HAL_Driver/Src/stm32h7xx_hal_rcc.c 0x00000000   Number         0  stm32h7xx_hal_rcc.o ABSOLUTE
    ../Drivers/STM32H7xx_HAL_Driver/Src/stm32h7xx_hal_rcc_ex.c 0x00000000   Number         0  stm32h7xx_hal_rcc_ex.o ABSOLUTE
    ../Drivers/STM32H7xx_HAL_Driver/Src/stm32h7xx_hal_tim.c 0x00000000   Number         0  stm32h7xx_hal_tim.o ABSOLUTE
    ../Drivers/STM32H7xx_HAL_Driver/Src/stm32h7xx_hal_tim_ex.c 0x00000000   Number         0  stm32h7xx_hal_tim_ex.o ABSOLUTE
    ../clib/angel/boardlib.s                 0x00000000   Number         0  boardshut.o ABSOLUTE
    ../clib/angel/boardlib.s                 0x00000000   Number         0  boardinit1.o ABSOLUTE
    ../clib/angel/boardlib.s                 0x00000000   Number         0  boardinit2.o ABSOLUTE
    ../clib/angel/boardlib.s                 0x00000000   Number         0  boardinit3.o ABSOLUTE
    ../clib/angel/dczerorl2.s                0x00000000   Number         0  __dczerorl2.o ABSOLUTE
    ../clib/angel/handlers.s                 0x00000000   Number         0  __scatter_zi.o ABSOLUTE
    ../clib/angel/kernel.s                   0x00000000   Number         0  __rtentry4.o ABSOLUTE
    ../clib/angel/kernel.s                   0x00000000   Number         0  __rtentry2.o ABSOLUTE
    ../clib/angel/kernel.s                   0x00000000   Number         0  __rtentry.o ABSOLUTE
    ../clib/angel/kernel.s                   0x00000000   Number         0  rtexit.o ABSOLUTE
    ../clib/angel/kernel.s                   0x00000000   Number         0  rtexit2.o ABSOLUTE
    ../clib/angel/rt.s                       0x00000000   Number         0  rt_raise.o ABSOLUTE
    ../clib/angel/scatter.s                  0x00000000   Number         0  __scatter.o ABSOLUTE
    ../clib/angel/startup.s                  0x00000000   Number         0  __main.o ABSOLUTE
    ../clib/angel/sys.s                      0x00000000   Number         0  sys_stackheap_outer.o ABSOLUTE
    ../clib/angel/sys.s                      0x00000000   Number         0  use_no_semi.o ABSOLUTE
    ../clib/angel/sys.s                      0x00000000   Number         0  indicate_semi.o ABSOLUTE
    ../clib/angel/sys.s                      0x00000000   Number         0  libspace.o ABSOLUTE
    ../clib/angel/sysapp.c                   0x00000000   Number         0  sys_exit.o ABSOLUTE
    ../clib/angel/sysapp.c                   0x00000000   Number         0  sys_wrch.o ABSOLUTE
    ../clib/angel/sysapp.c                   0x00000000   Number         0  sys_command.o ABSOLUTE
    ../clib/armsys.c                         0x00000000   Number         0  _get_argv_nomalloc.o ABSOLUTE
    ../clib/armsys.c                         0x00000000   Number         0  argv_veneer.o ABSOLUTE
    ../clib/armsys.c                         0x00000000   Number         0  no_argv.o ABSOLUTE
    ../clib/armsys.c                         0x00000000   Number         0  argv_veneer.o ABSOLUTE
    ../clib/heapalloc.c                      0x00000000   Number         0  hrguard.o ABSOLUTE
    ../clib/heapaux.c                        0x00000000   Number         0  heapauxi.o ABSOLUTE
    ../clib/libinit.s                        0x00000000   Number         0  libinit2.o ABSOLUTE
    ../clib/libinit.s                        0x00000000   Number         0  libshutdown2.o ABSOLUTE
    ../clib/libinit.s                        0x00000000   Number         0  libshutdown.o ABSOLUTE
    ../clib/libinit.s                        0x00000000   Number         0  libinit.o ABSOLUTE
    ../clib/memcpset.s                       0x00000000   Number         0  rt_memcpy_w.o ABSOLUTE
    ../clib/memcpset.s                       0x00000000   Number         0  rt_memclr_w.o ABSOLUTE
    ../clib/signal.c                         0x00000000   Number         0  defsig_rtred_inner.o ABSOLUTE
    ../clib/signal.c                         0x00000000   Number         0  defsig_stak_inner.o ABSOLUTE
    ../clib/signal.c                         0x00000000   Number         0  defsig_rtmem_outer.o ABSOLUTE
    ../clib/signal.c                         0x00000000   Number         0  defsig_cppl_inner.o ABSOLUTE
    ../clib/signal.c                         0x00000000   Number         0  defsig_exit.o ABSOLUTE
    ../clib/signal.c                         0x00000000   Number         0  defsig_segv_inner.o ABSOLUTE
    ../clib/signal.c                         0x00000000   Number         0  defsig_fpe_inner.o ABSOLUTE
    ../clib/signal.c                         0x00000000   Number         0  defsig_rtmem_formal.o ABSOLUTE
    ../clib/signal.c                         0x00000000   Number         0  defsig_rtmem_inner.o ABSOLUTE
    ../clib/signal.c                         0x00000000   Number         0  defsig_pvfn_inner.o ABSOLUTE
    ../clib/signal.c                         0x00000000   Number         0  __raise.o ABSOLUTE
    ../clib/signal.c                         0x00000000   Number         0  defsig_general.o ABSOLUTE
    ../clib/signal.c                         0x00000000   Number         0  defsig_abrt_inner.o ABSOLUTE
    ../clib/signal.c                         0x00000000   Number         0  defsig_other.o ABSOLUTE
    ../clib/signal.s                         0x00000000   Number         0  defsig.o ABSOLUTE
    ../clib/stdlib.c                         0x00000000   Number         0  exit.o ABSOLUTE
    ../fplib/fpinit.s                        0x00000000   Number         0  fpinit.o ABSOLUTE
    ..\CM7\Core\Src\ltdc.c                   0x00000000   Number         0  ltdc.o ABSOLUTE
    ..\CM7\Core\Src\main.c                   0x00000000   Number         0  main_1.o ABSOLUTE
    ..\CM7\Core\Src\stm32h7xx_hal_msp.c      0x00000000   Number         0  stm32h7xx_hal_msp_1.o ABSOLUTE
    ..\CM7\Core\Src\stm32h7xx_it.c           0x00000000   Number         0  stm32h7xx_it_1.o ABSOLUTE
    ..\Common\Src\system_stm32h7xx_dualcore_boot_cm4_cm7.c 0x00000000   Number         0  system_stm32h7xx_dualcore_boot_cm4_cm7.o ABSOLUTE
    ..\Drivers\STM32H7xx_HAL_Driver\Src\stm32h7xx_hal.c 0x00000000   Number         0  stm32h7xx_hal.o ABSOLUTE
    ..\Drivers\STM32H7xx_HAL_Driver\Src\stm32h7xx_hal_cortex.c 0x00000000   Number         0  stm32h7xx_hal_cortex.o ABSOLUTE
    ..\Drivers\STM32H7xx_HAL_Driver\Src\stm32h7xx_hal_dma.c 0x00000000   Number         0  stm32h7xx_hal_dma.o ABSOLUTE
    ..\Drivers\STM32H7xx_HAL_Driver\Src\stm32h7xx_hal_dma_ex.c 0x00000000   Number         0  stm32h7xx_hal_dma_ex.o ABSOLUTE
    ..\Drivers\STM32H7xx_HAL_Driver\Src\stm32h7xx_hal_exti.c 0x00000000   Number         0  stm32h7xx_hal_exti.o ABSOLUTE
    ..\Drivers\STM32H7xx_HAL_Driver\Src\stm32h7xx_hal_flash.c 0x00000000   Number         0  stm32h7xx_hal_flash.o ABSOLUTE
    ..\Drivers\STM32H7xx_HAL_Driver\Src\stm32h7xx_hal_flash_ex.c 0x00000000   Number         0  stm32h7xx_hal_flash_ex.o ABSOLUTE
    ..\Drivers\STM32H7xx_HAL_Driver\Src\stm32h7xx_hal_gpio.c 0x00000000   Number         0  stm32h7xx_hal_gpio.o ABSOLUTE
    ..\Drivers\STM32H7xx_HAL_Driver\Src\stm32h7xx_hal_hsem.c 0x00000000   Number         0  stm32h7xx_hal_hsem.o ABSOLUTE
    ..\Drivers\STM32H7xx_HAL_Driver\Src\stm32h7xx_hal_i2c.c 0x00000000   Number         0  stm32h7xx_hal_i2c.o ABSOLUTE
    ..\Drivers\STM32H7xx_HAL_Driver\Src\stm32h7xx_hal_i2c_ex.c 0x00000000   Number         0  stm32h7xx_hal_i2c_ex.o ABSOLUTE
    ..\Drivers\STM32H7xx_HAL_Driver\Src\stm32h7xx_hal_ltdc.c 0x00000000   Number         0  stm32h7xx_hal_ltdc.o ABSOLUTE
    ..\Drivers\STM32H7xx_HAL_Driver\Src\stm32h7xx_hal_ltdc_ex.c 0x00000000   Number         0  stm32h7xx_hal_ltdc_ex.o ABSOLUTE
    ..\Drivers\STM32H7xx_HAL_Driver\Src\stm32h7xx_hal_mdma.c 0x00000000   Number         0  stm32h7xx_hal_mdma.o ABSOLUTE
    ..\Drivers\STM32H7xx_HAL_Driver\Src\stm32h7xx_hal_pwr.c 0x00000000   Number         0  stm32h7xx_hal_pwr.o ABSOLUTE
    ..\Drivers\STM32H7xx_HAL_Driver\Src\stm32h7xx_hal_pwr_ex.c 0x00000000   Number         0  stm32h7xx_hal_pwr_ex.o ABSOLUTE
    ..\Drivers\STM32H7xx_HAL_Driver\Src\stm32h7xx_hal_rcc.c 0x00000000   Number         0  stm32h7xx_hal_rcc.o ABSOLUTE
    ..\Drivers\STM32H7xx_HAL_Driver\Src\stm32h7xx_hal_rcc_ex.c 0x00000000   Number         0  stm32h7xx_hal_rcc_ex.o ABSOLUTE
    ..\Drivers\STM32H7xx_HAL_Driver\Src\stm32h7xx_hal_tim.c 0x00000000   Number         0  stm32h7xx_hal_tim.o ABSOLUTE
    ..\Drivers\STM32H7xx_HAL_Driver\Src\stm32h7xx_hal_tim_ex.c 0x00000000   Number         0  stm32h7xx_hal_tim_ex.o ABSOLUTE
    ..\\CM7\\Core\\Src\\ltdc.c               0x00000000   Number         0  ltdc.o ABSOLUTE
    dc.s                                     0x00000000   Number         0  dc.o ABSOLUTE
    startup_stm32h745xx_CM7.s                0x00000000   Number         0  startup_stm32h745xx_cm7.o ABSOLUTE
    RESET                                    0x08000000   Section      664  startup_stm32h745xx_cm7.o(RESET)
    !!!main                                  0x08000298   Section        8  __main.o(!!!main)
    !!!scatter                               0x080002a0   Section       52  __scatter.o(!!!scatter)
    !!dczerorl2                              0x080002d4   Section       90  __dczerorl2.o(!!dczerorl2)
    !!handler_zi                             0x08000330   Section       28  __scatter_zi.o(!!handler_zi)
    .ARM.Collect$$libinit$$00000000          0x0800034c   Section        2  libinit.o(.ARM.Collect$$libinit$$00000000)
    .ARM.Collect$$libinit$$00000001          0x0800034e   Section        4  libinit2.o(.ARM.Collect$$libinit$$00000001)
    .ARM.Collect$$libinit$$00000004          0x08000352   Section        0  libinit2.o(.ARM.Collect$$libinit$$00000004)
    .ARM.Collect$$libinit$$0000000A          0x08000352   Section        0  libinit2.o(.ARM.Collect$$libinit$$0000000A)
    .ARM.Collect$$libinit$$0000000C          0x08000352   Section        0  libinit2.o(.ARM.Collect$$libinit$$0000000C)
    .ARM.Collect$$libinit$$0000000E          0x08000352   Section        0  libinit2.o(.ARM.Collect$$libinit$$0000000E)
    .ARM.Collect$$libinit$$00000011          0x08000352   Section        0  libinit2.o(.ARM.Collect$$libinit$$00000011)
    .ARM.Collect$$libinit$$00000013          0x08000352   Section        0  libinit2.o(.ARM.Collect$$libinit$$00000013)
    .ARM.Collect$$libinit$$00000015          0x08000352   Section        0  libinit2.o(.ARM.Collect$$libinit$$00000015)
    .ARM.Collect$$libinit$$00000017          0x08000352   Section        0  libinit2.o(.ARM.Collect$$libinit$$00000017)
    .ARM.Collect$$libinit$$00000019          0x08000352   Section        0  libinit2.o(.ARM.Collect$$libinit$$00000019)
    .ARM.Collect$$libinit$$0000001B          0x08000352   Section        0  libinit2.o(.ARM.Collect$$libinit$$0000001B)
    .ARM.Collect$$libinit$$0000001D          0x08000352   Section        0  libinit2.o(.ARM.Collect$$libinit$$0000001D)
    .ARM.Collect$$libinit$$0000001F          0x08000352   Section        0  libinit2.o(.ARM.Collect$$libinit$$0000001F)
    .ARM.Collect$$libinit$$00000021          0x08000352   Section        0  libinit2.o(.ARM.Collect$$libinit$$00000021)
    .ARM.Collect$$libinit$$00000023          0x08000352   Section        0  libinit2.o(.ARM.Collect$$libinit$$00000023)
    .ARM.Collect$$libinit$$00000025          0x08000352   Section        0  libinit2.o(.ARM.Collect$$libinit$$00000025)
    .ARM.Collect$$libinit$$0000002C          0x08000352   Section        0  libinit2.o(.ARM.Collect$$libinit$$0000002C)
    .ARM.Collect$$libinit$$0000002E          0x08000352   Section        0  libinit2.o(.ARM.Collect$$libinit$$0000002E)
    .ARM.Collect$$libinit$$00000030          0x08000352   Section        0  libinit2.o(.ARM.Collect$$libinit$$00000030)
    .ARM.Collect$$libinit$$00000032          0x08000352   Section        0  libinit2.o(.ARM.Collect$$libinit$$00000032)
    .ARM.Collect$$libinit$$00000033          0x08000352   Section        2  libinit2.o(.ARM.Collect$$libinit$$00000033)
    .ARM.Collect$$libshutdown$$00000000      0x08000354   Section        2  libshutdown.o(.ARM.Collect$$libshutdown$$00000000)
    .ARM.Collect$$libshutdown$$00000002      0x08000356   Section        0  libshutdown2.o(.ARM.Collect$$libshutdown$$00000002)
    .ARM.Collect$$libshutdown$$00000004      0x08000356   Section        0  libshutdown2.o(.ARM.Collect$$libshutdown$$00000004)
    .ARM.Collect$$libshutdown$$00000006      0x08000356   Section        0  libshutdown2.o(.ARM.Collect$$libshutdown$$00000006)
    .ARM.Collect$$libshutdown$$00000009      0x08000356   Section        0  libshutdown2.o(.ARM.Collect$$libshutdown$$00000009)
    .ARM.Collect$$libshutdown$$0000000C      0x08000356   Section        0  libshutdown2.o(.ARM.Collect$$libshutdown$$0000000C)
    .ARM.Collect$$libshutdown$$0000000E      0x08000356   Section        0  libshutdown2.o(.ARM.Collect$$libshutdown$$0000000E)
    .ARM.Collect$$libshutdown$$00000011      0x08000356   Section        0  libshutdown2.o(.ARM.Collect$$libshutdown$$00000011)
    .ARM.Collect$$libshutdown$$00000012      0x08000356   Section        2  libshutdown2.o(.ARM.Collect$$libshutdown$$00000012)
    .ARM.Collect$$rtentry$$00000000          0x08000358   Section        0  __rtentry.o(.ARM.Collect$$rtentry$$00000000)
    .ARM.Collect$$rtentry$$00000002          0x08000358   Section        0  __rtentry2.o(.ARM.Collect$$rtentry$$00000002)
    .ARM.Collect$$rtentry$$00000004          0x08000358   Section        6  __rtentry4.o(.ARM.Collect$$rtentry$$00000004)
    .ARM.Collect$$rtentry$$00000009          0x0800035e   Section        0  __rtentry2.o(.ARM.Collect$$rtentry$$00000009)
    .ARM.Collect$$rtentry$$0000000A          0x0800035e   Section        4  __rtentry2.o(.ARM.Collect$$rtentry$$0000000A)
    .ARM.Collect$$rtentry$$0000000C          0x08000362   Section        0  __rtentry2.o(.ARM.Collect$$rtentry$$0000000C)
    .ARM.Collect$$rtentry$$0000000D          0x08000362   Section        8  __rtentry2.o(.ARM.Collect$$rtentry$$0000000D)
    .ARM.Collect$$rtexit$$00000000           0x0800036a   Section        2  rtexit.o(.ARM.Collect$$rtexit$$00000000)
    .ARM.Collect$$rtexit$$00000002           0x0800036c   Section        0  rtexit2.o(.ARM.Collect$$rtexit$$00000002)
    .ARM.Collect$$rtexit$$00000003           0x0800036c   Section        4  rtexit2.o(.ARM.Collect$$rtexit$$00000003)
    .ARM.Collect$$rtexit$$00000004           0x08000370   Section        6  rtexit2.o(.ARM.Collect$$rtexit$$00000004)
    .text                                    0x08000378   Section       64  startup_stm32h745xx_cm7.o(.text)
    $v0                                      0x08000378   Number         0  startup_stm32h745xx_cm7.o(.text)
    .text                                    0x080003b8   Section      100  rt_memcpy_w.o(.text)
    .text                                    0x0800041c   Section       78  rt_memclr_w.o(.text)
    .text                                    0x0800046a   Section        0  heapauxi.o(.text)
    .text                                    0x08000470   Section       74  sys_stackheap_outer.o(.text)
    .text                                    0x080004ba   Section        0  exit.o(.text)
    .text                                    0x080004cc   Section        8  libspace.o(.text)
    .text                                    0x080004d4   Section        0  sys_exit.o(.text)
    .text                                    0x080004e0   Section        2  use_no_semi.o(.text)
    .text                                    0x080004e2   Section        0  indicate_semi.o(.text)
    i.BusFault_Handler                       0x080004e2   Section        0  stm32h7xx_it_1.o(i.BusFault_Handler)
    i.DebugMon_Handler                       0x080004e4   Section        0  stm32h7xx_it_1.o(i.DebugMon_Handler)
    i.HAL_Delay                              0x080004e8   Section        0  stm32h7xx_hal.o(i.HAL_Delay)
    i.HAL_GPIO_Init                          0x0800050c   Section        0  stm32h7xx_hal_gpio.o(i.HAL_GPIO_Init)
    i.HAL_GPIO_TogglePin                     0x0800073c   Section        0  stm32h7xx_hal_gpio.o(i.HAL_GPIO_TogglePin)
    i.HAL_GPIO_WritePin                      0x0800074a   Section        0  stm32h7xx_hal_gpio.o(i.HAL_GPIO_WritePin)
    i.HAL_GetREVID                           0x08000754   Section        0  stm32h7xx_hal.o(i.HAL_GetREVID)
    i.HAL_GetTick                            0x08000760   Section        0  stm32h7xx_hal.o(i.HAL_GetTick)
    i.HAL_HSEM_FastTake                      0x0800076c   Section        0  stm32h7xx_hal_hsem.o(i.HAL_HSEM_FastTake)
    i.HAL_HSEM_Release                       0x0800078c   Section        0  stm32h7xx_hal_hsem.o(i.HAL_HSEM_Release)
    i.HAL_IncTick                            0x080007a0   Section        0  stm32h7xx_hal.o(i.HAL_IncTick)
    i.HAL_Init                               0x080007b0   Section        0  stm32h7xx_hal.o(i.HAL_Init)
    i.HAL_InitTick                           0x0800080c   Section        0  stm32h7xx_hal.o(i.HAL_InitTick)
    i.HAL_LTDC_ConfigLayer                   0x0800084c   Section        0  stm32h7xx_hal_ltdc.o(i.HAL_LTDC_ConfigLayer)
    i.HAL_LTDC_ErrorCallback                 0x0800089e   Section        0  stm32h7xx_hal_ltdc.o(i.HAL_LTDC_ErrorCallback)
    i.HAL_LTDC_IRQHandler                    0x080008a0   Section        0  stm32h7xx_hal_ltdc.o(i.HAL_LTDC_IRQHandler)
    i.HAL_LTDC_Init                          0x08000968   Section        0  stm32h7xx_hal_ltdc.o(i.HAL_LTDC_Init)
    i.HAL_LTDC_LineEventCallback             0x08000a60   Section        0  stm32h7xx_hal_ltdc.o(i.HAL_LTDC_LineEventCallback)
    i.HAL_LTDC_MspInit                       0x08000a64   Section        0  stm32h7xx_hal_msp_1.o(i.HAL_LTDC_MspInit)
    i.HAL_LTDC_ReloadEventCallback           0x08000b50   Section        0  stm32h7xx_hal_ltdc.o(i.HAL_LTDC_ReloadEventCallback)
    i.HAL_MPU_ConfigRegion                   0x08000b54   Section        0  stm32h7xx_hal_cortex.o(i.HAL_MPU_ConfigRegion)
    i.HAL_MPU_Disable                        0x08000bb0   Section        0  stm32h7xx_hal_cortex.o(i.HAL_MPU_Disable)
    i.HAL_MPU_Enable                         0x08000bcc   Section        0  stm32h7xx_hal_cortex.o(i.HAL_MPU_Enable)
    i.HAL_MspInit                            0x08000bf0   Section        0  stm32h7xx_hal_msp_1.o(i.HAL_MspInit)
    i.HAL_NVIC_EnableIRQ                     0x08000c0c   Section        0  stm32h7xx_hal_cortex.o(i.HAL_NVIC_EnableIRQ)
    i.HAL_NVIC_SetPriority                   0x08000c28   Section        0  stm32h7xx_hal_cortex.o(i.HAL_NVIC_SetPriority)
    i.HAL_NVIC_SetPriorityGrouping           0x08000c68   Section        0  stm32h7xx_hal_cortex.o(i.HAL_NVIC_SetPriorityGrouping)
    i.HAL_PWREx_ConfigSupply                 0x08000c8c   Section        0  stm32h7xx_hal_pwr_ex.o(i.HAL_PWREx_ConfigSupply)
    i.HAL_PWREx_EnableUSBVoltageDetector     0x08000d10   Section        0  stm32h7xx_hal_pwr_ex.o(i.HAL_PWREx_EnableUSBVoltageDetector)
    i.HAL_RCCEx_PeriphCLKConfig              0x08000d20   Section        0  stm32h7xx_hal_rcc_ex.o(i.HAL_RCCEx_PeriphCLKConfig)
    i.HAL_RCC_ClockConfig                    0x080015dc   Section        0  stm32h7xx_hal_rcc.o(i.HAL_RCC_ClockConfig)
    i.HAL_RCC_GetSysClockFreq                0x08001838   Section        0  stm32h7xx_hal_rcc.o(i.HAL_RCC_GetSysClockFreq)
    i.HAL_RCC_OscConfig                      0x08001970   Section        0  stm32h7xx_hal_rcc.o(i.HAL_RCC_OscConfig)
    i.HAL_SYSTICK_Config                     0x08001e78   Section        0  stm32h7xx_hal_cortex.o(i.HAL_SYSTICK_Config)
    i.HardFault_Handler                      0x08001e9e   Section        0  stm32h7xx_it_1.o(i.HardFault_Handler)
    i.LTDC_ER_IRQHandler                     0x08001ea0   Section        0  stm32h7xx_it_1.o(i.LTDC_ER_IRQHandler)
    i.LTDC_IRQHandler                        0x08001eac   Section        0  stm32h7xx_it_1.o(i.LTDC_IRQHandler)
    i.LTDC_SetConfig                         0x08001eb8   Section        0  stm32h7xx_hal_ltdc.o(i.LTDC_SetConfig)
    LTDC_SetConfig                           0x08001eb9   Thumb Code   464  stm32h7xx_hal_ltdc.o(i.LTDC_SetConfig)
    i.MX_GPIO_Init                           0x08002088   Section        0  main_1.o(i.MX_GPIO_Init)
    MX_GPIO_Init                             0x08002089   Thumb Code   180  main_1.o(i.MX_GPIO_Init)
    i.MX_LTDC_Init                           0x08002148   Section        0  main_1.o(i.MX_LTDC_Init)
    MX_LTDC_Init                             0x08002149   Thumb Code   194  main_1.o(i.MX_LTDC_Init)
    i.MemManage_Handler                      0x08002218   Section        0  stm32h7xx_it_1.o(i.MemManage_Handler)
    i.NMI_Handler                            0x0800221a   Section        0  stm32h7xx_it_1.o(i.NMI_Handler)
    i.PendSV_Handler                         0x0800221c   Section        0  stm32h7xx_it_1.o(i.PendSV_Handler)
    i.RCCEx_PLL2_Config                      0x08002220   Section        0  stm32h7xx_hal_rcc_ex.o(i.RCCEx_PLL2_Config)
    RCCEx_PLL2_Config                        0x08002221   Thumb Code   284  stm32h7xx_hal_rcc_ex.o(i.RCCEx_PLL2_Config)
    i.RCCEx_PLL3_Config                      0x08002340   Section        0  stm32h7xx_hal_rcc_ex.o(i.RCCEx_PLL3_Config)
    RCCEx_PLL3_Config                        0x08002341   Thumb Code   284  stm32h7xx_hal_rcc_ex.o(i.RCCEx_PLL3_Config)
    i.SVC_Handler                            0x08002460   Section        0  stm32h7xx_it_1.o(i.SVC_Handler)
    i.SysTick_Handler                        0x08002462   Section        0  stm32h7xx_it_1.o(i.SysTick_Handler)
    i.SystemClock_Config                     0x08002468   Section        0  main_1.o(i.SystemClock_Config)
    i.SystemInit                             0x08002558   Section        0  system_stm32h7xx_dualcore_boot_cm4_cm7.o(i.SystemInit)
    i.TFT_FillScreen                         0x08002658   Section        0  ltdc.o(i.TFT_FillScreen)
    i.UsageFault_Handler                     0x0800267c   Section        0  stm32h7xx_it_1.o(i.UsageFault_Handler)
    i.__NVIC_SetPriority                     0x0800267e   Section        0  stm32h7xx_hal_cortex.o(i.__NVIC_SetPriority)
    __NVIC_SetPriority                       0x0800267f   Thumb Code    34  stm32h7xx_hal_cortex.o(i.__NVIC_SetPriority)
    i.main                                   0x080026a0   Section        0  main_1.o(i.main)
    x$fpl$fpinit                             0x080027e8   Section       10  fpinit.o(x$fpl$fpinit)
    $v0                                      0x080027e8   Number         0  fpinit.o(x$fpl$fpinit)
    .constdata                               0x080027f2   Section       16  system_stm32h7xx_dualcore_boot_cm4_cm7.o(.constdata)
    .data                                    0x20000000   Section    64000  main_1.o(.data)
    .data                                    0x2000fa00   Section       12  stm32h7xx_hal.o(.data)
    .data                                    0x2000fa0c   Section        8  system_stm32h7xx_dualcore_boot_cm4_cm7.o(.data)
    .bss                                     0x2000fa14   Section      168  main_1.o(.bss)
    .bss                                     0x2000fabc   Section       96  libspace.o(.bss)
    HEAP                                     0x2000fb20   Section     8192  startup_stm32h745xx_cm7.o(HEAP)
    Heap_Mem                                 0x2000fb20   Data        8192  startup_stm32h745xx_cm7.o(HEAP)
    STACK                                    0x20011b20   Section    16384  startup_stm32h745xx_cm7.o(STACK)
    Stack_Mem                                0x20011b20   Data       16384  startup_stm32h745xx_cm7.o(STACK)
    __initial_sp                             0x20015b20   Data           0  startup_stm32h745xx_cm7.o(STACK)

    Global Symbols

    Symbol Name                              Value     Ov Type        Size  Object(Section)

    BuildAttributes$$THM_ISAv4$E$P$D$K$B$S$7EM$VFPv5_D16$PE$PLD8$A:L22UL41UL21$X:L11$S22US41US21$IEEE1$IW$USESV6$~STKCKD$USESV7$~SHL$OSPACE$ROPI$EBA8$UX$STANDARDLIB$REQ8$PRES8$EABIv2 0x00000000   Number         0  anon$$obj.o ABSOLUTE
    __ARM_use_no_argv                        0x00000000   Number         0  main_1.o ABSOLUTE
    __ARM_exceptions_init                     - Undefined Weak Reference
    __alloca_initialize                       - Undefined Weak Reference
    __arm_fini_                               - Undefined Weak Reference
    __arm_preinit_                            - Undefined Weak Reference
    __cpp_initialize__aeabi_                  - Undefined Weak Reference
    __cxa_finalize                            - Undefined Weak Reference
    __rt_locale                               - Undefined Weak Reference
    __sigvec_lookup                           - Undefined Weak Reference
    _atexit_init                              - Undefined Weak Reference
    _call_atexit_fns                          - Undefined Weak Reference
    _clock_init                               - Undefined Weak Reference
    _fp_trap_init                             - Undefined Weak Reference
    _fp_trap_shutdown                         - Undefined Weak Reference
    _get_lc_collate                           - Undefined Weak Reference
    _get_lc_ctype                             - Undefined Weak Reference
    _get_lc_monetary                          - Undefined Weak Reference
    _get_lc_numeric                           - Undefined Weak Reference
    _get_lc_time                              - Undefined Weak Reference
    _getenv_init                              - Undefined Weak Reference
    _handle_redirection                       - Undefined Weak Reference
    _init_alloc                               - Undefined Weak Reference
    _init_user_alloc                          - Undefined Weak Reference
    _initio                                   - Undefined Weak Reference
    _rand_init                                - Undefined Weak Reference
    _signal_finish                            - Undefined Weak Reference
    _signal_init                              - Undefined Weak Reference
    _terminate_alloc                          - Undefined Weak Reference
    _terminate_user_alloc                     - Undefined Weak Reference
    _terminateio                              - Undefined Weak Reference
    __Vectors_Size                           0x00000298   Number         0  startup_stm32h745xx_cm7.o ABSOLUTE
    __Vectors                                0x08000000   Data           4  startup_stm32h745xx_cm7.o(RESET)
    __Vectors_End                            0x08000298   Data           0  startup_stm32h745xx_cm7.o(RESET)
    __main                                   0x08000299   Thumb Code     8  __main.o(!!!main)
    __scatterload                            0x080002a1   Thumb Code     0  __scatter.o(!!!scatter)
    __scatterload_rt2                        0x080002a1   Thumb Code    44  __scatter.o(!!!scatter)
    __scatterload_rt2_thumb_only             0x080002a1   Thumb Code     0  __scatter.o(!!!scatter)
    __scatterload_null                       0x080002af   Thumb Code     0  __scatter.o(!!!scatter)
    __decompress                             0x080002d5   Thumb Code    90  __dczerorl2.o(!!dczerorl2)
    __decompress1                            0x080002d5   Thumb Code     0  __dczerorl2.o(!!dczerorl2)
    __scatterload_zeroinit                   0x08000331   Thumb Code    28  __scatter_zi.o(!!handler_zi)
    __rt_lib_init                            0x0800034d   Thumb Code     0  libinit.o(.ARM.Collect$$libinit$$00000000)
    __rt_lib_init_fp_1                       0x0800034f   Thumb Code     0  libinit2.o(.ARM.Collect$$libinit$$00000001)
    __rt_lib_init_alloca_1                   0x08000353   Thumb Code     0  libinit2.o(.ARM.Collect$$libinit$$0000002E)
    __rt_lib_init_argv_1                     0x08000353   Thumb Code     0  libinit2.o(.ARM.Collect$$libinit$$0000002C)
    __rt_lib_init_atexit_1                   0x08000353   Thumb Code     0  libinit2.o(.ARM.Collect$$libinit$$0000001B)
    __rt_lib_init_clock_1                    0x08000353   Thumb Code     0  libinit2.o(.ARM.Collect$$libinit$$00000021)
    __rt_lib_init_cpp_1                      0x08000353   Thumb Code     0  libinit2.o(.ARM.Collect$$libinit$$00000032)
    __rt_lib_init_exceptions_1               0x08000353   Thumb Code     0  libinit2.o(.ARM.Collect$$libinit$$00000030)
    __rt_lib_init_fp_trap_1                  0x08000353   Thumb Code     0  libinit2.o(.ARM.Collect$$libinit$$0000001F)
    __rt_lib_init_getenv_1                   0x08000353   Thumb Code     0  libinit2.o(.ARM.Collect$$libinit$$00000023)
    __rt_lib_init_heap_1                     0x08000353   Thumb Code     0  libinit2.o(.ARM.Collect$$libinit$$0000000A)
    __rt_lib_init_lc_collate_1               0x08000353   Thumb Code     0  libinit2.o(.ARM.Collect$$libinit$$00000011)
    __rt_lib_init_lc_ctype_1                 0x08000353   Thumb Code     0  libinit2.o(.ARM.Collect$$libinit$$00000013)
    __rt_lib_init_lc_monetary_1              0x08000353   Thumb Code     0  libinit2.o(.ARM.Collect$$libinit$$00000015)
    __rt_lib_init_lc_numeric_1               0x08000353   Thumb Code     0  libinit2.o(.ARM.Collect$$libinit$$00000017)
    __rt_lib_init_lc_time_1                  0x08000353   Thumb Code     0  libinit2.o(.ARM.Collect$$libinit$$00000019)
    __rt_lib_init_preinit_1                  0x08000353   Thumb Code     0  libinit2.o(.ARM.Collect$$libinit$$00000004)
    __rt_lib_init_rand_1                     0x08000353   Thumb Code     0  libinit2.o(.ARM.Collect$$libinit$$0000000E)
    __rt_lib_init_return                     0x08000353   Thumb Code     0  libinit2.o(.ARM.Collect$$libinit$$00000033)
    __rt_lib_init_signal_1                   0x08000353   Thumb Code     0  libinit2.o(.ARM.Collect$$libinit$$0000001D)
    __rt_lib_init_stdio_1                    0x08000353   Thumb Code     0  libinit2.o(.ARM.Collect$$libinit$$00000025)
    __rt_lib_init_user_alloc_1               0x08000353   Thumb Code     0  libinit2.o(.ARM.Collect$$libinit$$0000000C)
    __rt_lib_shutdown                        0x08000355   Thumb Code     0  libshutdown.o(.ARM.Collect$$libshutdown$$00000000)
    __rt_lib_shutdown_cpp_1                  0x08000357   Thumb Code     0  libshutdown2.o(.ARM.Collect$$libshutdown$$00000004)
    __rt_lib_shutdown_fini_1                 0x08000357   Thumb Code     0  libshutdown2.o(.ARM.Collect$$libshutdown$$00000002)
    __rt_lib_shutdown_fp_trap_1              0x08000357   Thumb Code     0  libshutdown2.o(.ARM.Collect$$libshutdown$$00000009)
    __rt_lib_shutdown_heap_1                 0x08000357   Thumb Code     0  libshutdown2.o(.ARM.Collect$$libshutdown$$00000011)
    __rt_lib_shutdown_return                 0x08000357   Thumb Code     0  libshutdown2.o(.ARM.Collect$$libshutdown$$00000012)
    __rt_lib_shutdown_signal_1               0x08000357   Thumb Code     0  libshutdown2.o(.ARM.Collect$$libshutdown$$0000000C)
    __rt_lib_shutdown_stdio_1                0x08000357   Thumb Code     0  libshutdown2.o(.ARM.Collect$$libshutdown$$00000006)
    __rt_lib_shutdown_user_alloc_1           0x08000357   Thumb Code     0  libshutdown2.o(.ARM.Collect$$libshutdown$$0000000E)
    __rt_entry                               0x08000359   Thumb Code     0  __rtentry.o(.ARM.Collect$$rtentry$$00000000)
    __rt_entry_presh_1                       0x08000359   Thumb Code     0  __rtentry2.o(.ARM.Collect$$rtentry$$00000002)
    __rt_entry_sh                            0x08000359   Thumb Code     0  __rtentry4.o(.ARM.Collect$$rtentry$$00000004)
    __rt_entry_li                            0x0800035f   Thumb Code     0  __rtentry2.o(.ARM.Collect$$rtentry$$0000000A)
    __rt_entry_postsh_1                      0x0800035f   Thumb Code     0  __rtentry2.o(.ARM.Collect$$rtentry$$00000009)
    __rt_entry_main                          0x08000363   Thumb Code     0  __rtentry2.o(.ARM.Collect$$rtentry$$0000000D)
    __rt_entry_postli_1                      0x08000363   Thumb Code     0  __rtentry2.o(.ARM.Collect$$rtentry$$0000000C)
    __rt_exit                                0x0800036b   Thumb Code     0  rtexit.o(.ARM.Collect$$rtexit$$00000000)
    __rt_exit_ls                             0x0800036d   Thumb Code     0  rtexit2.o(.ARM.Collect$$rtexit$$00000003)
    __rt_exit_prels_1                        0x0800036d   Thumb Code     0  rtexit2.o(.ARM.Collect$$rtexit$$00000002)
    __rt_exit_exit                           0x08000371   Thumb Code     0  rtexit2.o(.ARM.Collect$$rtexit$$00000004)
    Reset_Handler                            0x08000379   Thumb Code     8  startup_stm32h745xx_cm7.o(.text)
    ADC3_IRQHandler                          0x08000393   Thumb Code     0  startup_stm32h745xx_cm7.o(.text)
    ADC_IRQHandler                           0x08000393   Thumb Code     0  startup_stm32h745xx_cm7.o(.text)
    BDMA_Channel0_IRQHandler                 0x08000393   Thumb Code     0  startup_stm32h745xx_cm7.o(.text)
    BDMA_Channel1_IRQHandler                 0x08000393   Thumb Code     0  startup_stm32h745xx_cm7.o(.text)
    BDMA_Channel2_IRQHandler                 0x08000393   Thumb Code     0  startup_stm32h745xx_cm7.o(.text)
    BDMA_Channel3_IRQHandler                 0x08000393   Thumb Code     0  startup_stm32h745xx_cm7.o(.text)
    BDMA_Channel4_IRQHandler                 0x08000393   Thumb Code     0  startup_stm32h745xx_cm7.o(.text)
    BDMA_Channel5_IRQHandler                 0x08000393   Thumb Code     0  startup_stm32h745xx_cm7.o(.text)
    BDMA_Channel6_IRQHandler                 0x08000393   Thumb Code     0  startup_stm32h745xx_cm7.o(.text)
    BDMA_Channel7_IRQHandler                 0x08000393   Thumb Code     0  startup_stm32h745xx_cm7.o(.text)
    CEC_IRQHandler                           0x08000393   Thumb Code     0  startup_stm32h745xx_cm7.o(.text)
    CM4_SEV_IRQHandler                       0x08000393   Thumb Code     0  startup_stm32h745xx_cm7.o(.text)
    CM7_SEV_IRQHandler                       0x08000393   Thumb Code     0  startup_stm32h745xx_cm7.o(.text)
    COMP1_IRQHandler                         0x08000393   Thumb Code     0  startup_stm32h745xx_cm7.o(.text)
    CRS_IRQHandler                           0x08000393   Thumb Code     0  startup_stm32h745xx_cm7.o(.text)
    DCMI_IRQHandler                          0x08000393   Thumb Code     0  startup_stm32h745xx_cm7.o(.text)
    DFSDM1_FLT0_IRQHandler                   0x08000393   Thumb Code     0  startup_stm32h745xx_cm7.o(.text)
    DFSDM1_FLT1_IRQHandler                   0x08000393   Thumb Code     0  startup_stm32h745xx_cm7.o(.text)
    DFSDM1_FLT2_IRQHandler                   0x08000393   Thumb Code     0  startup_stm32h745xx_cm7.o(.text)
    DFSDM1_FLT3_IRQHandler                   0x08000393   Thumb Code     0  startup_stm32h745xx_cm7.o(.text)
    DMA1_Stream0_IRQHandler                  0x08000393   Thumb Code     0  startup_stm32h745xx_cm7.o(.text)
    DMA1_Stream1_IRQHandler                  0x08000393   Thumb Code     0  startup_stm32h745xx_cm7.o(.text)
    DMA1_Stream2_IRQHandler                  0x08000393   Thumb Code     0  startup_stm32h745xx_cm7.o(.text)
    DMA1_Stream3_IRQHandler                  0x08000393   Thumb Code     0  startup_stm32h745xx_cm7.o(.text)
    DMA1_Stream4_IRQHandler                  0x08000393   Thumb Code     0  startup_stm32h745xx_cm7.o(.text)
    DMA1_Stream5_IRQHandler                  0x08000393   Thumb Code     0  startup_stm32h745xx_cm7.o(.text)
    DMA1_Stream6_IRQHandler                  0x08000393   Thumb Code     0  startup_stm32h745xx_cm7.o(.text)
    DMA1_Stream7_IRQHandler                  0x08000393   Thumb Code     0  startup_stm32h745xx_cm7.o(.text)
    DMA2D_IRQHandler                         0x08000393   Thumb Code     0  startup_stm32h745xx_cm7.o(.text)
    DMA2_Stream0_IRQHandler                  0x08000393   Thumb Code     0  startup_stm32h745xx_cm7.o(.text)
    DMA2_Stream1_IRQHandler                  0x08000393   Thumb Code     0  startup_stm32h745xx_cm7.o(.text)
    DMA2_Stream2_IRQHandler                  0x08000393   Thumb Code     0  startup_stm32h745xx_cm7.o(.text)
    DMA2_Stream3_IRQHandler                  0x08000393   Thumb Code     0  startup_stm32h745xx_cm7.o(.text)
    DMA2_Stream4_IRQHandler                  0x08000393   Thumb Code     0  startup_stm32h745xx_cm7.o(.text)
    DMA2_Stream5_IRQHandler                  0x08000393   Thumb Code     0  startup_stm32h745xx_cm7.o(.text)
    DMA2_Stream6_IRQHandler                  0x08000393   Thumb Code     0  startup_stm32h745xx_cm7.o(.text)
    DMA2_Stream7_IRQHandler                  0x08000393   Thumb Code     0  startup_stm32h745xx_cm7.o(.text)
    DMAMUX1_OVR_IRQHandler                   0x08000393   Thumb Code     0  startup_stm32h745xx_cm7.o(.text)
    DMAMUX2_OVR_IRQHandler                   0x08000393   Thumb Code     0  startup_stm32h745xx_cm7.o(.text)
    ECC_IRQHandler                           0x08000393   Thumb Code     0  startup_stm32h745xx_cm7.o(.text)
    ETH_IRQHandler                           0x08000393   Thumb Code     0  startup_stm32h745xx_cm7.o(.text)
    ETH_WKUP_IRQHandler                      0x08000393   Thumb Code     0  startup_stm32h745xx_cm7.o(.text)
    EXTI0_IRQHandler                         0x08000393   Thumb Code     0  startup_stm32h745xx_cm7.o(.text)
    EXTI15_10_IRQHandler                     0x08000393   Thumb Code     0  startup_stm32h745xx_cm7.o(.text)
    EXTI1_IRQHandler                         0x08000393   Thumb Code     0  startup_stm32h745xx_cm7.o(.text)
    EXTI2_IRQHandler                         0x08000393   Thumb Code     0  startup_stm32h745xx_cm7.o(.text)
    EXTI3_IRQHandler                         0x08000393   Thumb Code     0  startup_stm32h745xx_cm7.o(.text)
    EXTI4_IRQHandler                         0x08000393   Thumb Code     0  startup_stm32h745xx_cm7.o(.text)
    EXTI9_5_IRQHandler                       0x08000393   Thumb Code     0  startup_stm32h745xx_cm7.o(.text)
    FDCAN1_IT0_IRQHandler                    0x08000393   Thumb Code     0  startup_stm32h745xx_cm7.o(.text)
    FDCAN1_IT1_IRQHandler                    0x08000393   Thumb Code     0  startup_stm32h745xx_cm7.o(.text)
    FDCAN2_IT0_IRQHandler                    0x08000393   Thumb Code     0  startup_stm32h745xx_cm7.o(.text)
    FDCAN2_IT1_IRQHandler                    0x08000393   Thumb Code     0  startup_stm32h745xx_cm7.o(.text)
    FDCAN_CAL_IRQHandler                     0x08000393   Thumb Code     0  startup_stm32h745xx_cm7.o(.text)
    FLASH_IRQHandler                         0x08000393   Thumb Code     0  startup_stm32h745xx_cm7.o(.text)
    FMC_IRQHandler                           0x08000393   Thumb Code     0  startup_stm32h745xx_cm7.o(.text)
    FPU_IRQHandler                           0x08000393   Thumb Code     0  startup_stm32h745xx_cm7.o(.text)
    HOLD_CORE_IRQHandler                     0x08000393   Thumb Code     0  startup_stm32h745xx_cm7.o(.text)
    HRTIM1_FLT_IRQHandler                    0x08000393   Thumb Code     0  startup_stm32h745xx_cm7.o(.text)
    HRTIM1_Master_IRQHandler                 0x08000393   Thumb Code     0  startup_stm32h745xx_cm7.o(.text)
    HRTIM1_TIMA_IRQHandler                   0x08000393   Thumb Code     0  startup_stm32h745xx_cm7.o(.text)
    HRTIM1_TIMB_IRQHandler                   0x08000393   Thumb Code     0  startup_stm32h745xx_cm7.o(.text)
    HRTIM1_TIMC_IRQHandler                   0x08000393   Thumb Code     0  startup_stm32h745xx_cm7.o(.text)
    HRTIM1_TIMD_IRQHandler                   0x08000393   Thumb Code     0  startup_stm32h745xx_cm7.o(.text)
    HRTIM1_TIME_IRQHandler                   0x08000393   Thumb Code     0  startup_stm32h745xx_cm7.o(.text)
    HSEM1_IRQHandler                         0x08000393   Thumb Code     0  startup_stm32h745xx_cm7.o(.text)
    HSEM2_IRQHandler                         0x08000393   Thumb Code     0  startup_stm32h745xx_cm7.o(.text)
    I2C1_ER_IRQHandler                       0x08000393   Thumb Code     0  startup_stm32h745xx_cm7.o(.text)
    I2C1_EV_IRQHandler                       0x08000393   Thumb Code     0  startup_stm32h745xx_cm7.o(.text)
    I2C2_ER_IRQHandler                       0x08000393   Thumb Code     0  startup_stm32h745xx_cm7.o(.text)
    I2C2_EV_IRQHandler                       0x08000393   Thumb Code     0  startup_stm32h745xx_cm7.o(.text)
    I2C3_ER_IRQHandler                       0x08000393   Thumb Code     0  startup_stm32h745xx_cm7.o(.text)
    I2C3_EV_IRQHandler                       0x08000393   Thumb Code     0  startup_stm32h745xx_cm7.o(.text)
    I2C4_ER_IRQHandler                       0x08000393   Thumb Code     0  startup_stm32h745xx_cm7.o(.text)
    I2C4_EV_IRQHandler                       0x08000393   Thumb Code     0  startup_stm32h745xx_cm7.o(.text)
    JPEG_IRQHandler                          0x08000393   Thumb Code     0  startup_stm32h745xx_cm7.o(.text)
    LPTIM1_IRQHandler                        0x08000393   Thumb Code     0  startup_stm32h745xx_cm7.o(.text)
    LPTIM2_IRQHandler                        0x08000393   Thumb Code     0  startup_stm32h745xx_cm7.o(.text)
    LPTIM3_IRQHandler                        0x08000393   Thumb Code     0  startup_stm32h745xx_cm7.o(.text)
    LPTIM4_IRQHandler                        0x08000393   Thumb Code     0  startup_stm32h745xx_cm7.o(.text)
    LPTIM5_IRQHandler                        0x08000393   Thumb Code     0  startup_stm32h745xx_cm7.o(.text)
    LPUART1_IRQHandler                       0x08000393   Thumb Code     0  startup_stm32h745xx_cm7.o(.text)
    MDIOS_IRQHandler                         0x08000393   Thumb Code     0  startup_stm32h745xx_cm7.o(.text)
    MDIOS_WKUP_IRQHandler                    0x08000393   Thumb Code     0  startup_stm32h745xx_cm7.o(.text)
    MDMA_IRQHandler                          0x08000393   Thumb Code     0  startup_stm32h745xx_cm7.o(.text)
    OTG_FS_EP1_IN_IRQHandler                 0x08000393   Thumb Code     0  startup_stm32h745xx_cm7.o(.text)
    OTG_FS_EP1_OUT_IRQHandler                0x08000393   Thumb Code     0  startup_stm32h745xx_cm7.o(.text)
    OTG_FS_IRQHandler                        0x08000393   Thumb Code     0  startup_stm32h745xx_cm7.o(.text)
    OTG_FS_WKUP_IRQHandler                   0x08000393   Thumb Code     0  startup_stm32h745xx_cm7.o(.text)
    OTG_HS_EP1_IN_IRQHandler                 0x08000393   Thumb Code     0  startup_stm32h745xx_cm7.o(.text)
    OTG_HS_EP1_OUT_IRQHandler                0x08000393   Thumb Code     0  startup_stm32h745xx_cm7.o(.text)
    OTG_HS_IRQHandler                        0x08000393   Thumb Code     0  startup_stm32h745xx_cm7.o(.text)
    OTG_HS_WKUP_IRQHandler                   0x08000393   Thumb Code     0  startup_stm32h745xx_cm7.o(.text)
    PVD_AVD_IRQHandler                       0x08000393   Thumb Code     0  startup_stm32h745xx_cm7.o(.text)
    QUADSPI_IRQHandler                       0x08000393   Thumb Code     0  startup_stm32h745xx_cm7.o(.text)
    RCC_IRQHandler                           0x08000393   Thumb Code     0  startup_stm32h745xx_cm7.o(.text)
    RNG_IRQHandler                           0x08000393   Thumb Code     0  startup_stm32h745xx_cm7.o(.text)
    RTC_Alarm_IRQHandler                     0x08000393   Thumb Code     0  startup_stm32h745xx_cm7.o(.text)
    RTC_WKUP_IRQHandler                      0x08000393   Thumb Code     0  startup_stm32h745xx_cm7.o(.text)
    SAI1_IRQHandler                          0x08000393   Thumb Code     0  startup_stm32h745xx_cm7.o(.text)
    SAI2_IRQHandler                          0x08000393   Thumb Code     0  startup_stm32h745xx_cm7.o(.text)
    SAI3_IRQHandler                          0x08000393   Thumb Code     0  startup_stm32h745xx_cm7.o(.text)
    SAI4_IRQHandler                          0x08000393   Thumb Code     0  startup_stm32h745xx_cm7.o(.text)
    SDMMC1_IRQHandler                        0x08000393   Thumb Code     0  startup_stm32h745xx_cm7.o(.text)
    SDMMC2_IRQHandler                        0x08000393   Thumb Code     0  startup_stm32h745xx_cm7.o(.text)
    SPDIF_RX_IRQHandler                      0x08000393   Thumb Code     0  startup_stm32h745xx_cm7.o(.text)
    SPI1_IRQHandler                          0x08000393   Thumb Code     0  startup_stm32h745xx_cm7.o(.text)
    SPI2_IRQHandler                          0x08000393   Thumb Code     0  startup_stm32h745xx_cm7.o(.text)
    SPI3_IRQHandler                          0x08000393   Thumb Code     0  startup_stm32h745xx_cm7.o(.text)
    SPI4_IRQHandler                          0x08000393   Thumb Code     0  startup_stm32h745xx_cm7.o(.text)
    SPI5_IRQHandler                          0x08000393   Thumb Code     0  startup_stm32h745xx_cm7.o(.text)
    SPI6_IRQHandler                          0x08000393   Thumb Code     0  startup_stm32h745xx_cm7.o(.text)
    SWPMI1_IRQHandler                        0x08000393   Thumb Code     0  startup_stm32h745xx_cm7.o(.text)
    TAMP_STAMP_IRQHandler                    0x08000393   Thumb Code     0  startup_stm32h745xx_cm7.o(.text)
    TIM15_IRQHandler                         0x08000393   Thumb Code     0  startup_stm32h745xx_cm7.o(.text)
    TIM16_IRQHandler                         0x08000393   Thumb Code     0  startup_stm32h745xx_cm7.o(.text)
    TIM17_IRQHandler                         0x08000393   Thumb Code     0  startup_stm32h745xx_cm7.o(.text)
    TIM1_BRK_IRQHandler                      0x08000393   Thumb Code     0  startup_stm32h745xx_cm7.o(.text)
    TIM1_CC_IRQHandler                       0x08000393   Thumb Code     0  startup_stm32h745xx_cm7.o(.text)
    TIM1_TRG_COM_IRQHandler                  0x08000393   Thumb Code     0  startup_stm32h745xx_cm7.o(.text)
    TIM1_UP_IRQHandler                       0x08000393   Thumb Code     0  startup_stm32h745xx_cm7.o(.text)
    TIM2_IRQHandler                          0x08000393   Thumb Code     0  startup_stm32h745xx_cm7.o(.text)
    TIM3_IRQHandler                          0x08000393   Thumb Code     0  startup_stm32h745xx_cm7.o(.text)
    TIM4_IRQHandler                          0x08000393   Thumb Code     0  startup_stm32h745xx_cm7.o(.text)
    TIM5_IRQHandler                          0x08000393   Thumb Code     0  startup_stm32h745xx_cm7.o(.text)
    TIM6_DAC_IRQHandler                      0x08000393   Thumb Code     0  startup_stm32h745xx_cm7.o(.text)
    TIM7_IRQHandler                          0x08000393   Thumb Code     0  startup_stm32h745xx_cm7.o(.text)
    TIM8_BRK_TIM12_IRQHandler                0x08000393   Thumb Code     0  startup_stm32h745xx_cm7.o(.text)
    TIM8_CC_IRQHandler                       0x08000393   Thumb Code     0  startup_stm32h745xx_cm7.o(.text)
    TIM8_TRG_COM_TIM14_IRQHandler            0x08000393   Thumb Code     0  startup_stm32h745xx_cm7.o(.text)
    TIM8_UP_TIM13_IRQHandler                 0x08000393   Thumb Code     0  startup_stm32h745xx_cm7.o(.text)
    UART4_IRQHandler                         0x08000393   Thumb Code     0  startup_stm32h745xx_cm7.o(.text)
    UART5_IRQHandler                         0x08000393   Thumb Code     0  startup_stm32h745xx_cm7.o(.text)
    UART7_IRQHandler                         0x08000393   Thumb Code     0  startup_stm32h745xx_cm7.o(.text)
    UART8_IRQHandler                         0x08000393   Thumb Code     0  startup_stm32h745xx_cm7.o(.text)
    USART1_IRQHandler                        0x08000393   Thumb Code     0  startup_stm32h745xx_cm7.o(.text)
    USART2_IRQHandler                        0x08000393   Thumb Code     0  startup_stm32h745xx_cm7.o(.text)
    USART3_IRQHandler                        0x08000393   Thumb Code     0  startup_stm32h745xx_cm7.o(.text)
    USART6_IRQHandler                        0x08000393   Thumb Code     0  startup_stm32h745xx_cm7.o(.text)
    WAKEUP_PIN_IRQHandler                    0x08000393   Thumb Code     0  startup_stm32h745xx_cm7.o(.text)
    WWDG_IRQHandler                          0x08000393   Thumb Code     0  startup_stm32h745xx_cm7.o(.text)
    WWDG_RST_IRQHandler                      0x08000393   Thumb Code     0  startup_stm32h745xx_cm7.o(.text)
    __user_initial_stackheap                 0x08000395   Thumb Code     0  startup_stm32h745xx_cm7.o(.text)
    __aeabi_memcpy4                          0x080003b9   Thumb Code     0  rt_memcpy_w.o(.text)
    __aeabi_memcpy8                          0x080003b9   Thumb Code     0  rt_memcpy_w.o(.text)
    __rt_memcpy_w                            0x080003b9   Thumb Code   100  rt_memcpy_w.o(.text)
    _memcpy_lastbytes_aligned                0x08000401   Thumb Code     0  rt_memcpy_w.o(.text)
    __aeabi_memclr4                          0x0800041d   Thumb Code     0  rt_memclr_w.o(.text)
    __aeabi_memclr8                          0x0800041d   Thumb Code     0  rt_memclr_w.o(.text)
    __rt_memclr_w                            0x0800041d   Thumb Code    78  rt_memclr_w.o(.text)
    _memset_w                                0x08000421   Thumb Code     0  rt_memclr_w.o(.text)
    __use_two_region_memory                  0x0800046b   Thumb Code     2  heapauxi.o(.text)
    __rt_heap_escrow$2region                 0x0800046d   Thumb Code     2  heapauxi.o(.text)
    __rt_heap_expand$2region                 0x0800046f   Thumb Code     2  heapauxi.o(.text)
    __user_setup_stackheap                   0x08000471   Thumb Code    74  sys_stackheap_outer.o(.text)
    exit                                     0x080004bb   Thumb Code    18  exit.o(.text)
    __user_libspace                          0x080004cd   Thumb Code     8  libspace.o(.text)
    __user_perproc_libspace                  0x080004cd   Thumb Code     0  libspace.o(.text)
    __user_perthread_libspace                0x080004cd   Thumb Code     0  libspace.o(.text)
    _sys_exit                                0x080004d5   Thumb Code     8  sys_exit.o(.text)
    __I$use$semihosting                      0x080004e1   Thumb Code     0  use_no_semi.o(.text)
    __use_no_semihosting_swi                 0x080004e1   Thumb Code     2  use_no_semi.o(.text)
    BusFault_Handler                         0x080004e3   Thumb Code     2  stm32h7xx_it_1.o(i.BusFault_Handler)
    __semihosting_library_function           0x080004e3   Thumb Code     0  indicate_semi.o(.text)
    DebugMon_Handler                         0x080004e5   Thumb Code     2  stm32h7xx_it_1.o(i.DebugMon_Handler)
    HAL_Delay                                0x080004e9   Thumb Code    32  stm32h7xx_hal.o(i.HAL_Delay)
    HAL_GPIO_Init                            0x0800050d   Thumb Code   510  stm32h7xx_hal_gpio.o(i.HAL_GPIO_Init)
    HAL_GPIO_TogglePin                       0x0800073d   Thumb Code    14  stm32h7xx_hal_gpio.o(i.HAL_GPIO_TogglePin)
    HAL_GPIO_WritePin                        0x0800074b   Thumb Code    10  stm32h7xx_hal_gpio.o(i.HAL_GPIO_WritePin)
    HAL_GetREVID                             0x08000755   Thumb Code     8  stm32h7xx_hal.o(i.HAL_GetREVID)
    HAL_GetTick                              0x08000761   Thumb Code     6  stm32h7xx_hal.o(i.HAL_GetTick)
    HAL_HSEM_FastTake                        0x0800076d   Thumb Code    24  stm32h7xx_hal_hsem.o(i.HAL_HSEM_FastTake)
    HAL_HSEM_Release                         0x0800078d   Thumb Code    16  stm32h7xx_hal_hsem.o(i.HAL_HSEM_Release)
    HAL_IncTick                              0x080007a1   Thumb Code    12  stm32h7xx_hal.o(i.HAL_IncTick)
    HAL_Init                                 0x080007b1   Thumb Code    74  stm32h7xx_hal.o(i.HAL_Init)
    HAL_InitTick                             0x0800080d   Thumb Code    56  stm32h7xx_hal.o(i.HAL_InitTick)
    HAL_LTDC_ConfigLayer                     0x0800084d   Thumb Code    82  stm32h7xx_hal_ltdc.o(i.HAL_LTDC_ConfigLayer)
    HAL_LTDC_ErrorCallback                   0x0800089f   Thumb Code     2  stm32h7xx_hal_ltdc.o(i.HAL_LTDC_ErrorCallback)
    HAL_LTDC_IRQHandler                      0x080008a1   Thumb Code   200  stm32h7xx_hal_ltdc.o(i.HAL_LTDC_IRQHandler)
    HAL_LTDC_Init                            0x08000969   Thumb Code   242  stm32h7xx_hal_ltdc.o(i.HAL_LTDC_Init)
    HAL_LTDC_LineEventCallback               0x08000a61   Thumb Code     2  stm32h7xx_hal_ltdc.o(i.HAL_LTDC_LineEventCallback)
    HAL_LTDC_MspInit                         0x08000a65   Thumb Code   212  stm32h7xx_hal_msp_1.o(i.HAL_LTDC_MspInit)
    HAL_LTDC_ReloadEventCallback             0x08000b51   Thumb Code     2  stm32h7xx_hal_ltdc.o(i.HAL_LTDC_ReloadEventCallback)
    HAL_MPU_ConfigRegion                     0x08000b55   Thumb Code    86  stm32h7xx_hal_cortex.o(i.HAL_MPU_ConfigRegion)
    HAL_MPU_Disable                          0x08000bb1   Thumb Code    24  stm32h7xx_hal_cortex.o(i.HAL_MPU_Disable)
    HAL_MPU_Enable                           0x08000bcd   Thumb Code    30  stm32h7xx_hal_cortex.o(i.HAL_MPU_Enable)
    HAL_MspInit                              0x08000bf1   Thumb Code    22  stm32h7xx_hal_msp_1.o(i.HAL_MspInit)
    HAL_NVIC_EnableIRQ                       0x08000c0d   Thumb Code    26  stm32h7xx_hal_cortex.o(i.HAL_NVIC_EnableIRQ)
    HAL_NVIC_SetPriority                     0x08000c29   Thumb Code    60  stm32h7xx_hal_cortex.o(i.HAL_NVIC_SetPriority)
    HAL_NVIC_SetPriorityGrouping             0x08000c69   Thumb Code    28  stm32h7xx_hal_cortex.o(i.HAL_NVIC_SetPriorityGrouping)
    HAL_PWREx_ConfigSupply                   0x08000c8d   Thumb Code   128  stm32h7xx_hal_pwr_ex.o(i.HAL_PWREx_ConfigSupply)
    HAL_PWREx_EnableUSBVoltageDetector       0x08000d11   Thumb Code    12  stm32h7xx_hal_pwr_ex.o(i.HAL_PWREx_EnableUSBVoltageDetector)
    HAL_RCCEx_PeriphCLKConfig                0x08000d21   Thumb Code  2234  stm32h7xx_hal_rcc_ex.o(i.HAL_RCCEx_PeriphCLKConfig)
    HAL_RCC_ClockConfig                      0x080015dd   Thumb Code   580  stm32h7xx_hal_rcc.o(i.HAL_RCC_ClockConfig)
    HAL_RCC_GetSysClockFreq                  0x08001839   Thumb Code   278  stm32h7xx_hal_rcc.o(i.HAL_RCC_GetSysClockFreq)
    HAL_RCC_OscConfig                        0x08001971   Thumb Code  1282  stm32h7xx_hal_rcc.o(i.HAL_RCC_OscConfig)
    HAL_SYSTICK_Config                       0x08001e79   Thumb Code    38  stm32h7xx_hal_cortex.o(i.HAL_SYSTICK_Config)
    HardFault_Handler                        0x08001e9f   Thumb Code     2  stm32h7xx_it_1.o(i.HardFault_Handler)
    LTDC_ER_IRQHandler                       0x08001ea1   Thumb Code     6  stm32h7xx_it_1.o(i.LTDC_ER_IRQHandler)
    LTDC_IRQHandler                          0x08001ead   Thumb Code     6  stm32h7xx_it_1.o(i.LTDC_IRQHandler)
    MemManage_Handler                        0x08002219   Thumb Code     2  stm32h7xx_it_1.o(i.MemManage_Handler)
    NMI_Handler                              0x0800221b   Thumb Code     2  stm32h7xx_it_1.o(i.NMI_Handler)
    PendSV_Handler                           0x0800221d   Thumb Code     2  stm32h7xx_it_1.o(i.PendSV_Handler)
    SVC_Handler                              0x08002461   Thumb Code     2  stm32h7xx_it_1.o(i.SVC_Handler)
    SysTick_Handler                          0x08002463   Thumb Code     4  stm32h7xx_it_1.o(i.SysTick_Handler)
    SystemClock_Config                       0x08002469   Thumb Code   222  main_1.o(i.SystemClock_Config)
    SystemInit                               0x08002559   Thumb Code   216  system_stm32h7xx_dualcore_boot_cm4_cm7.o(i.SystemInit)
    TFT_FillScreen                           0x08002659   Thumb Code    30  ltdc.o(i.TFT_FillScreen)
    UsageFault_Handler                       0x0800267d   Thumb Code     2  stm32h7xx_it_1.o(i.UsageFault_Handler)
    main                                     0x080026a1   Thumb Code   308  main_1.o(i.main)
    _fp_init                                 0x080027e9   Thumb Code    10  fpinit.o(x$fpl$fpinit)
    __fplib_config_fpu_vfp                   0x080027f1   Thumb Code     0  fpinit.o(x$fpl$fpinit)
    __fplib_config_pureend_doubles           0x080027f1   Thumb Code     0  fpinit.o(x$fpl$fpinit)
    D1CorePrescTable                         0x080027f2   Data          16  system_stm32h7xx_dualcore_boot_cm4_cm7.o(.constdata)
    Region$$Table$$Base                      0x08002804   Number         0  anon$$obj.o(Region$$Table)
    Region$$Table$$Limit                     0x08002824   Number         0  anon$$obj.o(Region$$Table)
    framebuffer_01                           0x20000000   Data       64000  main_1.o(.data)
    uwTickFreq                               0x2000fa00   Data           1  stm32h7xx_hal.o(.data)
    uwTickPrio                               0x2000fa04   Data           4  stm32h7xx_hal.o(.data)
    uwTick                                   0x2000fa08   Data           4  stm32h7xx_hal.o(.data)
    SystemCoreClock                          0x2000fa0c   Data           4  system_stm32h7xx_dualcore_boot_cm4_cm7.o(.data)
    SystemD2Clock                            0x2000fa10   Data           4  system_stm32h7xx_dualcore_boot_cm4_cm7.o(.data)
    hltdc                                    0x2000fa14   Data         168  main_1.o(.bss)
    __libspace_start                         0x2000fabc   Data          96  libspace.o(.bss)
    __temporary_stack_top$libspace           0x2000fb1c   Data           0  libspace.o(.bss)



==============================================================================

Memory Map of the image

  Image Entry point : 0x08000299

  Load Region LR_IROM1 (Base: 0x08000000, Size: 0x00012238, Max: 0x00100000, ABSOLUTE, COMPRESSED[0x00002a28])

    Execution Region ER_IROM1 (Exec base: 0x08000000, Load base: 0x08000000, Size: 0x00002824, Max: 0x00100000, ABSOLUTE)

    Exec Addr    Load Addr    Size         Type   Attr      Idx    E Section Name        Object

    0x08000000   0x08000000   0x00000298   Data   RO            3    RESET               startup_stm32h745xx_cm7.o
    0x08000298   0x08000298   0x00000008   Code   RO         3219  * !!!main             c_w.l(__main.o)
    0x080002a0   0x080002a0   0x00000034   Code   RO         3380    !!!scatter          c_w.l(__scatter.o)
    0x080002d4   0x080002d4   0x0000005a   Code   RO         3378    !!dczerorl2         c_w.l(__dczerorl2.o)
    0x0800032e   0x0800032e   0x00000002   PAD
    0x08000330   0x08000330   0x0000001c   Code   RO         3382    !!handler_zi        c_w.l(__scatter_zi.o)
    0x0800034c   0x0800034c   0x00000002   Code   RO         3246    .ARM.Collect$$libinit$$00000000  c_w.l(libinit.o)
    0x0800034e   0x0800034e   0x00000004   Code   RO         3252    .ARM.Collect$$libinit$$00000001  c_w.l(libinit2.o)
    0x08000352   0x08000352   0x00000000   Code   RO         3255    .ARM.Collect$$libinit$$00000004  c_w.l(libinit2.o)
    0x08000352   0x08000352   0x00000000   Code   RO         3258    .ARM.Collect$$libinit$$0000000A  c_w.l(libinit2.o)
    0x08000352   0x08000352   0x00000000   Code   RO         3260    .ARM.Collect$$libinit$$0000000C  c_w.l(libinit2.o)
    0x08000352   0x08000352   0x00000000   Code   RO         3262    .ARM.Collect$$libinit$$0000000E  c_w.l(libinit2.o)
    0x08000352   0x08000352   0x00000000   Code   RO         3265    .ARM.Collect$$libinit$$00000011  c_w.l(libinit2.o)
    0x08000352   0x08000352   0x00000000   Code   RO         3267    .ARM.Collect$$libinit$$00000013  c_w.l(libinit2.o)
    0x08000352   0x08000352   0x00000000   Code   RO         3269    .ARM.Collect$$libinit$$00000015  c_w.l(libinit2.o)
    0x08000352   0x08000352   0x00000000   Code   RO         3271    .ARM.Collect$$libinit$$00000017  c_w.l(libinit2.o)
    0x08000352   0x08000352   0x00000000   Code   RO         3273    .ARM.Collect$$libinit$$00000019  c_w.l(libinit2.o)
    0x08000352   0x08000352   0x00000000   Code   RO         3275    .ARM.Collect$$libinit$$0000001B  c_w.l(libinit2.o)
    0x08000352   0x08000352   0x00000000   Code   RO         3277    .ARM.Collect$$libinit$$0000001D  c_w.l(libinit2.o)
    0x08000352   0x08000352   0x00000000   Code   RO         3279    .ARM.Collect$$libinit$$0000001F  c_w.l(libinit2.o)
    0x08000352   0x08000352   0x00000000   Code   RO         3281    .ARM.Collect$$libinit$$00000021  c_w.l(libinit2.o)
    0x08000352   0x08000352   0x00000000   Code   RO         3283    .ARM.Collect$$libinit$$00000023  c_w.l(libinit2.o)
    0x08000352   0x08000352   0x00000000   Code   RO         3285    .ARM.Collect$$libinit$$00000025  c_w.l(libinit2.o)
    0x08000352   0x08000352   0x00000000   Code   RO         3289    .ARM.Collect$$libinit$$0000002C  c_w.l(libinit2.o)
    0x08000352   0x08000352   0x00000000   Code   RO         3291    .ARM.Collect$$libinit$$0000002E  c_w.l(libinit2.o)
    0x08000352   0x08000352   0x00000000   Code   RO         3293    .ARM.Collect$$libinit$$00000030  c_w.l(libinit2.o)
    0x08000352   0x08000352   0x00000000   Code   RO         3295    .ARM.Collect$$libinit$$00000032  c_w.l(libinit2.o)
    0x08000352   0x08000352   0x00000002   Code   RO         3296    .ARM.Collect$$libinit$$00000033  c_w.l(libinit2.o)
    0x08000354   0x08000354   0x00000002   Code   RO         3316    .ARM.Collect$$libshutdown$$00000000  c_w.l(libshutdown.o)
    0x08000356   0x08000356   0x00000000   Code   RO         3329    .ARM.Collect$$libshutdown$$00000002  c_w.l(libshutdown2.o)
    0x08000356   0x08000356   0x00000000   Code   RO         3331    .ARM.Collect$$libshutdown$$00000004  c_w.l(libshutdown2.o)
    0x08000356   0x08000356   0x00000000   Code   RO         3333    .ARM.Collect$$libshutdown$$00000006  c_w.l(libshutdown2.o)
    0x08000356   0x08000356   0x00000000   Code   RO         3336    .ARM.Collect$$libshutdown$$00000009  c_w.l(libshutdown2.o)
    0x08000356   0x08000356   0x00000000   Code   RO         3339    .ARM.Collect$$libshutdown$$0000000C  c_w.l(libshutdown2.o)
    0x08000356   0x08000356   0x00000000   Code   RO         3341    .ARM.Collect$$libshutdown$$0000000E  c_w.l(libshutdown2.o)
    0x08000356   0x08000356   0x00000000   Code   RO         3344    .ARM.Collect$$libshutdown$$00000011  c_w.l(libshutdown2.o)
    0x08000356   0x08000356   0x00000002   Code   RO         3345    .ARM.Collect$$libshutdown$$00000012  c_w.l(libshutdown2.o)
    0x08000358   0x08000358   0x00000000   Code   RO         3221    .ARM.Collect$$rtentry$$00000000  c_w.l(__rtentry.o)
    0x08000358   0x08000358   0x00000000   Code   RO         3223    .ARM.Collect$$rtentry$$00000002  c_w.l(__rtentry2.o)
    0x08000358   0x08000358   0x00000006   Code   RO         3235    .ARM.Collect$$rtentry$$00000004  c_w.l(__rtentry4.o)
    0x0800035e   0x0800035e   0x00000000   Code   RO         3225    .ARM.Collect$$rtentry$$00000009  c_w.l(__rtentry2.o)
    0x0800035e   0x0800035e   0x00000004   Code   RO         3226    .ARM.Collect$$rtentry$$0000000A  c_w.l(__rtentry2.o)
    0x08000362   0x08000362   0x00000000   Code   RO         3228    .ARM.Collect$$rtentry$$0000000C  c_w.l(__rtentry2.o)
    0x08000362   0x08000362   0x00000008   Code   RO         3229    .ARM.Collect$$rtentry$$0000000D  c_w.l(__rtentry2.o)
    0x0800036a   0x0800036a   0x00000002   Code   RO         3250    .ARM.Collect$$rtexit$$00000000  c_w.l(rtexit.o)
    0x0800036c   0x0800036c   0x00000000   Code   RO         3298    .ARM.Collect$$rtexit$$00000002  c_w.l(rtexit2.o)
    0x0800036c   0x0800036c   0x00000004   Code   RO         3299    .ARM.Collect$$rtexit$$00000003  c_w.l(rtexit2.o)
    0x08000370   0x08000370   0x00000006   Code   RO         3300    .ARM.Collect$$rtexit$$00000004  c_w.l(rtexit2.o)
    0x08000376   0x08000376   0x00000002   PAD
    0x08000378   0x08000378   0x00000040   Code   RO            4    .text               startup_stm32h745xx_cm7.o
    0x080003b8   0x080003b8   0x00000064   Code   RO         3213    .text               c_w.l(rt_memcpy_w.o)
    0x0800041c   0x0800041c   0x0000004e   Code   RO         3215    .text               c_w.l(rt_memclr_w.o)
    0x0800046a   0x0800046a   0x00000006   Code   RO         3217    .text               c_w.l(heapauxi.o)
    0x08000470   0x08000470   0x0000004a   Code   RO         3237    .text               c_w.l(sys_stackheap_outer.o)
    0x080004ba   0x080004ba   0x00000012   Code   RO         3239    .text               c_w.l(exit.o)
    0x080004cc   0x080004cc   0x00000008   Code   RO         3247    .text               c_w.l(libspace.o)
    0x080004d4   0x080004d4   0x0000000c   Code   RO         3308    .text               c_w.l(sys_exit.o)
    0x080004e0   0x080004e0   0x00000002   Code   RO         3319    .text               c_w.l(use_no_semi.o)
    0x080004e2   0x080004e2   0x00000000   Code   RO         3321    .text               c_w.l(indicate_semi.o)
    0x080004e2   0x080004e2   0x00000002   Code   RO          226    i.BusFault_Handler  stm32h7xx_it_1.o
    0x080004e4   0x080004e4   0x00000002   Code   RO          227    i.DebugMon_Handler  stm32h7xx_it_1.o
    0x080004e6   0x080004e6   0x00000002   PAD
    0x080004e8   0x080004e8   0x00000024   Code   RO         2146    i.HAL_Delay         stm32h7xx_hal.o
    0x0800050c   0x0800050c   0x00000230   Code   RO         1267    i.HAL_GPIO_Init     stm32h7xx_hal_gpio.o
    0x0800073c   0x0800073c   0x0000000e   Code   RO         1270    i.HAL_GPIO_TogglePin  stm32h7xx_hal_gpio.o
    0x0800074a   0x0800074a   0x0000000a   Code   RO         1271    i.HAL_GPIO_WritePin  stm32h7xx_hal_gpio.o
    0x08000754   0x08000754   0x0000000c   Code   RO         2169    i.HAL_GetREVID      stm32h7xx_hal.o
    0x08000760   0x08000760   0x0000000c   Code   RO         2170    i.HAL_GetTick       stm32h7xx_hal.o
    0x0800076c   0x0800076c   0x00000020   Code   RO         1332    i.HAL_HSEM_FastTake  stm32h7xx_hal_hsem.o
    0x0800078c   0x0800078c   0x00000014   Code   RO         1337    i.HAL_HSEM_Release  stm32h7xx_hal_hsem.o
    0x080007a0   0x080007a0   0x00000010   Code   RO         2176    i.HAL_IncTick       stm32h7xx_hal.o
    0x080007b0   0x080007b0   0x0000005c   Code   RO         2177    i.HAL_Init          stm32h7xx_hal.o
    0x0800080c   0x0800080c   0x00000040   Code   RO         2178    i.HAL_InitTick      stm32h7xx_hal.o
    0x0800084c   0x0800084c   0x00000052   Code   RO          494    i.HAL_LTDC_ConfigLayer  stm32h7xx_hal_ltdc.o
    0x0800089e   0x0800089e   0x00000002   Code   RO          507    i.HAL_LTDC_ErrorCallback  stm32h7xx_hal_ltdc.o
    0x080008a0   0x080008a0   0x000000c8   Code   RO          510    i.HAL_LTDC_IRQHandler  stm32h7xx_hal_ltdc.o
    0x08000968   0x08000968   0x000000f8   Code   RO          511    i.HAL_LTDC_Init     stm32h7xx_hal_ltdc.o
    0x08000a60   0x08000a60   0x00000002   Code   RO          512    i.HAL_LTDC_LineEventCallback  stm32h7xx_hal_ltdc.o
    0x08000a62   0x08000a62   0x00000002   PAD
    0x08000a64   0x08000a64   0x000000ec   Code   RO          315    i.HAL_LTDC_MspInit  stm32h7xx_hal_msp_1.o
    0x08000b50   0x08000b50   0x00000002   Code   RO          517    i.HAL_LTDC_ReloadEventCallback  stm32h7xx_hal_ltdc.o
    0x08000b52   0x08000b52   0x00000002   PAD
    0x08000b54   0x08000b54   0x0000005c   Code   RO          351    i.HAL_MPU_ConfigRegion  stm32h7xx_hal_cortex.o
    0x08000bb0   0x08000bb0   0x0000001c   Code   RO          352    i.HAL_MPU_Disable   stm32h7xx_hal_cortex.o
    0x08000bcc   0x08000bcc   0x00000024   Code   RO          353    i.HAL_MPU_Enable    stm32h7xx_hal_cortex.o
    0x08000bf0   0x08000bf0   0x0000001c   Code   RO          316    i.HAL_MspInit       stm32h7xx_hal_msp_1.o
    0x08000c0c   0x08000c0c   0x0000001a   Code   RO          356    i.HAL_NVIC_EnableIRQ  stm32h7xx_hal_cortex.o
    0x08000c26   0x08000c26   0x00000002   PAD
    0x08000c28   0x08000c28   0x00000040   Code   RO          362    i.HAL_NVIC_SetPriority  stm32h7xx_hal_cortex.o
    0x08000c68   0x08000c68   0x00000024   Code   RO          363    i.HAL_NVIC_SetPriorityGrouping  stm32h7xx_hal_cortex.o
    0x08000c8c   0x08000c8c   0x00000084   Code   RO         1869    i.HAL_PWREx_ConfigSupply  stm32h7xx_hal_pwr_ex.o
    0x08000d10   0x08000d10   0x00000010   Code   RO         1886    i.HAL_PWREx_EnableUSBVoltageDetector  stm32h7xx_hal_pwr_ex.o
    0x08000d20   0x08000d20   0x000008ba   Code   RO          892    i.HAL_RCCEx_PeriphCLKConfig  stm32h7xx_hal_rcc_ex.o
    0x080015da   0x080015da   0x00000002   PAD
    0x080015dc   0x080015dc   0x0000025c   Code   RO          767    i.HAL_RCC_ClockConfig  stm32h7xx_hal_rcc.o
    0x08001838   0x08001838   0x00000138   Code   RO          776    i.HAL_RCC_GetSysClockFreq  stm32h7xx_hal_rcc.o
    0x08001970   0x08001970   0x00000508   Code   RO          779    i.HAL_RCC_OscConfig  stm32h7xx_hal_rcc.o
    0x08001e78   0x08001e78   0x00000026   Code   RO          367    i.HAL_SYSTICK_Config  stm32h7xx_hal_cortex.o
    0x08001e9e   0x08001e9e   0x00000002   Code   RO          228    i.HardFault_Handler  stm32h7xx_it_1.o
    0x08001ea0   0x08001ea0   0x0000000c   Code   RO          229    i.LTDC_ER_IRQHandler  stm32h7xx_it_1.o
    0x08001eac   0x08001eac   0x0000000c   Code   RO          230    i.LTDC_IRQHandler   stm32h7xx_it_1.o
    0x08001eb8   0x08001eb8   0x000001d0   Code   RO          530    i.LTDC_SetConfig    stm32h7xx_hal_ltdc.o
    0x08002088   0x08002088   0x000000c0   Code   RO          170    i.MX_GPIO_Init      main_1.o
    0x08002148   0x08002148   0x000000d0   Code   RO          171    i.MX_LTDC_Init      main_1.o
    0x08002218   0x08002218   0x00000002   Code   RO          231    i.MemManage_Handler  stm32h7xx_it_1.o
    0x0800221a   0x0800221a   0x00000002   Code   RO          232    i.NMI_Handler       stm32h7xx_it_1.o
    0x0800221c   0x0800221c   0x00000002   Code   RO          233    i.PendSV_Handler    stm32h7xx_it_1.o
    0x0800221e   0x0800221e   0x00000002   PAD
    0x08002220   0x08002220   0x00000120   Code   RO          895    i.RCCEx_PLL2_Config  stm32h7xx_hal_rcc_ex.o
    0x08002340   0x08002340   0x00000120   Code   RO          896    i.RCCEx_PLL3_Config  stm32h7xx_hal_rcc_ex.o
    0x08002460   0x08002460   0x00000002   Code   RO          234    i.SVC_Handler       stm32h7xx_it_1.o
    0x08002462   0x08002462   0x00000004   Code   RO          235    i.SysTick_Handler   stm32h7xx_it_1.o
    0x08002466   0x08002466   0x00000002   PAD
    0x08002468   0x08002468   0x000000f0   Code   RO          172    i.SystemClock_Config  main_1.o
    0x08002558   0x08002558   0x00000100   Code   RO         3178    i.SystemInit        system_stm32h7xx_dualcore_boot_cm4_cm7.o
    0x08002658   0x08002658   0x00000024   Code   RO           16    i.TFT_FillScreen    ltdc.o
    0x0800267c   0x0800267c   0x00000002   Code   RO          236    i.UsageFault_Handler  stm32h7xx_it_1.o
    0x0800267e   0x0800267e   0x00000022   Code   RO          369    i.__NVIC_SetPriority  stm32h7xx_hal_cortex.o
    0x080026a0   0x080026a0   0x00000148   Code   RO          173    i.main              main_1.o
    0x080027e8   0x080027e8   0x0000000a   Code   RO         3306    x$fpl$fpinit        fz_wv.l(fpinit.o)
    0x080027f2   0x080027f2   0x00000010   Data   RO         3179    .constdata          system_stm32h7xx_dualcore_boot_cm4_cm7.o
    0x08002802   0x08002802   0x00000002   PAD
    0x08002804   0x08002804   0x00000020   Data   RO         3376    Region$$Table       anon$$obj.o


    Execution Region RW_IRAM1 (Exec base: 0x20000000, Load base: 0x08002824, Size: 0x00015b20, Max: 0x20020000, ABSOLUTE, COMPRESSED[0x00000204])

    Exec Addr    Load Addr    Size         Type   Attr      Idx    E Section Name        Object

    0x20000000   COMPRESSED   0x0000fa00   Data   RW          175    .data               main_1.o
    0x2000fa00   COMPRESSED   0x0000000c   Data   RW         2204    .data               stm32h7xx_hal.o
    0x2000fa0c   COMPRESSED   0x00000008   Data   RW         3180    .data               system_stm32h7xx_dualcore_boot_cm4_cm7.o
    0x2000fa14        -       0x000000a8   Zero   RW          174    .bss                main_1.o
    0x2000fabc        -       0x00000060   Zero   RW         3248    .bss                c_w.l(libspace.o)
    0x2000fb1c   COMPRESSED   0x00000004   PAD
    0x2000fb20        -       0x00002000   Zero   RW            2    HEAP                startup_stm32h745xx_cm7.o
    0x20011b20        -       0x00004000   Zero   RW            1    STACK               startup_stm32h745xx_cm7.o


==============================================================================

Image component sizes


      Code (inc. data)   RO Data    RW Data    ZI Data      Debug   Object Name

        36          6          0          0          0    1307832   ltdc.o
       968         64          0      64000        168      39350   main_1.o
        64         26        664          0      24576        876   startup_stm32h745xx_cm7.o
       232         44          0         12          0      31504   stm32h7xx_hal.o
       354         28          0          0          0      41525   stm32h7xx_hal_cortex.o
       584         50          0          0          0       3493   stm32h7xx_hal_gpio.o
        52         12          0          0          0       1303   stm32h7xx_hal_hsem.o
      1000          6          0          0          0       5934   stm32h7xx_hal_ltdc.o
       264         30          0          0          0       1901   stm32h7xx_hal_msp_1.o
       148          8          0          0          0       1458   stm32h7xx_hal_pwr_ex.o
      2204         72          0          0          0       5404   stm32h7xx_hal_rcc.o
      2810         48          0          0          0       5439   stm32h7xx_hal_rcc_ex.o
        44         12          0          0          0       5465   stm32h7xx_it_1.o
       256         40         16          8          0       1762   system_stm32h7xx_dualcore_boot_cm4_cm7.o

    ----------------------------------------------------------------------
      9030        446        714      64020      24744    1453246   Object Totals
         0          0         32          0          0          0   (incl. Generated)
        14          0          2          0          0          0   (incl. Padding)

    ----------------------------------------------------------------------

      Code (inc. data)   RO Data    RW Data    ZI Data      Debug   Library Member Name

        90          0          0          0          0          0   __dczerorl2.o
         8          0          0          0          0         68   __main.o
         0          0          0          0          0          0   __rtentry.o
        12          0          0          0          0          0   __rtentry2.o
         6          0          0          0          0          0   __rtentry4.o
        52          8          0          0          0          0   __scatter.o
        28          0          0          0          0          0   __scatter_zi.o
        18          0          0          0          0         80   exit.o
         6          0          0          0          0        152   heapauxi.o
         0          0          0          0          0          0   indicate_semi.o
         2          0          0          0          0          0   libinit.o
         6          0          0          0          0          0   libinit2.o
         2          0          0          0          0          0   libshutdown.o
         2          0          0          0          0          0   libshutdown2.o
         8          4          0          0         96         68   libspace.o
        78          0          0          0          0         80   rt_memclr_w.o
       100          0          0          0          0         80   rt_memcpy_w.o
         2          0          0          0          0          0   rtexit.o
        10          0          0          0          0          0   rtexit2.o
        12          4          0          0          0         68   sys_exit.o
        74          0          0          0          0         80   sys_stackheap_outer.o
         2          0          0          0          0         68   use_no_semi.o
        10          0          0          0          0        116   fpinit.o

    ----------------------------------------------------------------------
       532         16          0          0        100        860   Library Totals
         4          0          0          0          4          0   (incl. Padding)

    ----------------------------------------------------------------------

      Code (inc. data)   RO Data    RW Data    ZI Data      Debug   Library Name

       518         16          0          0         96        744   c_w.l
        10          0          0          0          0        116   fz_wv.l

    ----------------------------------------------------------------------
       532         16          0          0        100        860   Library Totals

    ----------------------------------------------------------------------

==============================================================================


      Code (inc. data)   RO Data    RW Data    ZI Data      Debug   

      9562        462        714      64020      24844    1449446   Grand Totals
      9562        462        714        516      24844    1449446   ELF Image Totals (compressed)
      9562        462        714        516          0          0   ROM Totals

==============================================================================

    Total RO  Size (Code + RO Data)                10276 (  10.04kB)
    Total RW  Size (RW Data + ZI Data)             88864 (  86.78kB)
    Total ROM Size (Code + RO Data + RW Data)      10792 (  10.54kB)

==============================================================================

